ARM Linker, 4.1 [Build 894] [Standard][RL-ARM]

==============================================================================

Section Cross References

    startup_stm32f10x_md.o(RESET) refers to startup_stm32f10x_md.o(STACK) for __initial_sp
    startup_stm32f10x_md.o(RESET) refers to startup_stm32f10x_md.o(.text) for Reset_Handler
    startup_stm32f10x_md.o(RESET) refers to stm32f10x_it.o(i.NMI_Handler) for NMI_Handler
    startup_stm32f10x_md.o(RESET) refers to stm32f10x_it.o(i.HardFault_Handler) for HardFault_Handler
    startup_stm32f10x_md.o(RESET) refers to stm32f10x_it.o(i.MemManage_Handler) for MemManage_Handler
    startup_stm32f10x_md.o(RESET) refers to stm32f10x_it.o(i.BusFault_Handler) for BusFault_Handler
    startup_stm32f10x_md.o(RESET) refers to stm32f10x_it.o(i.UsageFault_Handler) for UsageFault_Handler
    startup_stm32f10x_md.o(RESET) refers to stm32f10x_it.o(i.SVC_Handler) for SVC_Handler
    startup_stm32f10x_md.o(RESET) refers to stm32f10x_it.o(i.DebugMon_Handler) for DebugMon_Handler
    startup_stm32f10x_md.o(RESET) refers to stm32f10x_it.o(i.PendSV_Handler) for PendSV_Handler
    startup_stm32f10x_md.o(RESET) refers to stm32f10x_it.o(i.SysTick_Handler) for SysTick_Handler
    startup_stm32f10x_md.o(RESET) refers to stm32f10x_it.o(i.DMA1_Channel4_IRQHandler) for DMA1_Channel4_IRQHandler
    startup_stm32f10x_md.o(RESET) refers to stm32f10x_it.o(i.USART1_IRQHandler) for USART1_IRQHandler
    startup_stm32f10x_md.o(.text) refers to system_stm32f10x.o(i.SystemInit) for SystemInit
    startup_stm32f10x_md.o(.text) refers to entry.o(.ARM.Collect$$$$00000000) for __main
    key.o(i.file_read) refers to file_sys.o(i.CH376FileOpen) for CH376FileOpen
    key.o(i.file_read) refers to tm1640.o(i.mdelay) for mdelay
    key.o(i.file_read) refers to file_sys.o(i.CH376ByteLocate) for CH376ByteLocate
    key.o(i.file_read) refers to file_sys.o(i.CH376ByteRead) for CH376ByteRead
    key.o(i.file_read) refers to file_sys.o(i.CH376FileClose) for CH376FileClose
    key.o(i.file_read) refers to main.o(.data) for stm8_num
    key.o(i.file_read) refers to main.o(.bss) for usb_buf
    key.o(i.file_write) refers to file_sys.o(i.CH376FileOpen) for CH376FileOpen
    key.o(i.file_write) refers to file_sys.o(i.CH376FileCreate) for CH376FileCreate
    key.o(i.file_write) refers to tm1640.o(i.mdelay) for mdelay
    key.o(i.file_write) refers to file_sys.o(i.CH376GetFileSize) for CH376GetFileSize
    key.o(i.file_write) refers to file_sys.o(i.CH376ByteLocate) for CH376ByteLocate
    key.o(i.file_write) refers to key.o(i.usb_buf_in) for usb_buf_in
    key.o(i.file_write) refers to file_sys.o(i.CH376ByteWrite) for CH376ByteWrite
    key.o(i.file_write) refers to file_sys.o(i.CH376FileClose) for CH376FileClose
    key.o(i.file_write) refers to main.o(.bss) for usb_buf
    key.o(i.key_done) refers to ds2431.o(i.ds2431_read) for ds2431_read
    key.o(i.key_done) refers to key.o(i.rom_check) for rom_check
    key.o(i.key_done) refers to key.o(i.file_write) for file_write
    key.o(i.key_done) refers to flash_eep.o(i.eep_write16) for eep_write16
    key.o(i.key_done) refers to key.o(i.file_read) for file_read
    key.o(i.key_done) refers to stm8.o(i.stm8_write) for stm8_write
    key.o(i.key_done) refers to main.o(.data) for led_flag
    key.o(i.key_done) refers to main.o(.bss) for rom_save
    key.o(i.key_init) refers to stm32f10x_rcc.o(i.RCC_APB2PeriphClockCmd) for RCC_APB2PeriphClockCmd
    key.o(i.key_init) refers to stm32f10x_gpio.o(i.GPIO_Init) for GPIO_Init
    key.o(i.key_scan) refers to main.o(.data) for key1_num
    key.o(i.rom_check) refers to main.o(.data) for rom_buf
    key.o(i.rom_check) refers to main.o(.bss) for rom_save
    key.o(i.usb_buf_in) refers to main.o(.bss) for usb_buf
    key.o(i.usb_buf_in) refers to main.o(.data) for rom_buf
    main.o(i.main) refers to main.o(i.systick_init) for systick_init
    main.o(i.main) refers to flash_eep.o(i.eep_init) for eep_init
    main.o(i.main) refers to key.o(i.key_init) for key_init
    main.o(i.main) refers to tm1640.o(i.tm1640_init) for tm1640_init
    main.o(i.main) refers to tm1640.o(i.led_init) for led_init
    main.o(i.main) refers to tm1640.o(i.mdelay) for mdelay
    main.o(i.main) refers to ch376.o(i.CH376_HOST_INIT) for CH376_HOST_INIT
    main.o(i.main) refers to ds2431.o(i.ds2431_init) for ds2431_init
    main.o(i.main) refers to stm8.o(i.stm8_init) for stm8_init
    main.o(i.main) refers to stm8.o(i.uart_clear) for uart_clear
    main.o(i.main) refers to key.o(i.key_scan) for key_scan
    main.o(i.main) refers to key.o(i.key_done) for key_done
    main.o(i.main) refers to tm1640.o(i.seg_handle) for seg_handle
    main.o(i.main) refers to ch376.o(i.usb_check_handle) for usb_check_handle
    main.o(i.main) refers to ch376.o(i.usb_nc_handle) for usb_nc_handle
    main.o(i.main) refers to main.o(.data) for time_1ms_flag
    main.o(i.systick_init) refers to system_stm32f10x.o(.data) for SystemCoreClock
[...]
    stm32f10x_it.o(i.USART1_IRQHandler) refers to stm32f10x_usart.o(i.USART_GetITStatus) for USART_GetITStatus
    stm32f10x_it.o(i.USART1_IRQHandler) refers to stm32f10x_usart.o(i.USART_ReceiveData) for USART_ReceiveData
    stm32f10x_it.o(i.USART1_IRQHandler) refers to stm8.o(i.uart_rec_decode) for uart_rec_decode
    system_stm32f10x.o(i.SetSysClock) refers to system_stm32f10x.o(i.SetSysClockTo72) for SetSysClockTo72
    system_stm32f10x.o(i.SystemCoreClockUpdate) refers to system_stm32f10x.o(.data) for SystemCoreClock
    system_stm32f10x.o(i.SystemInit) refers to system_stm32f10x.o(i.SetSysClock) for SetSysClock
    ch376.o(i.CH376_DISK_CONNECT) refers to ch376.o(i.CH376_WR_CMD_PORT) for CH376_WR_CMD_PORT
    ch376.o(i.CH376_DISK_CONNECT) refers to ch376.o(i.wait_interrupt) for wait_interrupt
    ch376.o(i.CH376_DISK_CONNECT) refers to stm32f10x_gpio.o(i.GPIO_SetBits) for GPIO_SetBits
    ch376.o(i.CH376_DISK_MOUNT) refers to ch376.o(i.CH376_WR_CMD_PORT) for CH376_WR_CMD_PORT
    ch376.o(i.CH376_DISK_MOUNT) refers to ch376.o(i.wait_interrupt) for wait_interrupt
    ch376.o(i.CH376_DISK_MOUNT) refers to stm32f10x_gpio.o(i.GPIO_SetBits) for GPIO_SetBits
    ch376.o(i.CH376_HOST_INIT) refers to ch376.o(i.CH376_SPI_Init) for CH376_SPI_Init
    ch376.o(i.CH376_HOST_INIT) refers to ch376.o(i.CH376_WR_CMD_PORT) for CH376_WR_CMD_PORT
    ch376.o(i.CH376_HOST_INIT) refers to ch376.o(i.CH376_WR_DAT_PORT) for CH376_WR_DAT_PORT
    ch376.o(i.CH376_HOST_INIT) refers to ch376.o(i.CH376_RD_DAT_PORT) for CH376_RD_DAT_PORT
    ch376.o(i.CH376_HOST_INIT) refers to stm32f10x_gpio.o(i.GPIO_SetBits) for GPIO_SetBits
    ch376.o(i.CH376_HOST_INIT) refers to tm1640.o(i.mdelay) for mdelay
    ch376.o(i.CH376_HOST_INIT) refers to main.o(.data) for err_state
    ch376.o(i.CH376_RD_DAT_PORT) refers to ch376.o(i.CH376_ReadWriteByte) for CH376_ReadWriteByte
    ch376.o(i.CH376_ReadWriteByte) refers to stm32f10x_spi.o(i.SPI_I2S_GetFlagStatus) for SPI_I2S_GetFlagStatus
    ch376.o(i.CH376_ReadWriteByte) refers to stm32f10x_spi.o(i.SPI_I2S_SendData) for SPI_I2S_SendData
    ch376.o(i.CH376_ReadWriteByte) refers to stm32f10x_spi.o(i.SPI_I2S_ReceiveData) for SPI_I2S_ReceiveData
    ch376.o(i.CH376_SPI_Init) refers to stm32f10x_rcc.o(i.RCC_APB2PeriphClockCmd) for RCC_APB2PeriphClockCmd
    ch376.o(i.CH376_SPI_Init) refers to stm32f10x_gpio.o(i.GPIO_Init) for GPIO_Init
    ch376.o(i.CH376_SPI_Init) refers to stm32f10x_gpio.o(i.GPIO_SetBits) for GPIO_SetBits
    ch376.o(i.CH376_SPI_Init) refers to stm32f10x_spi.o(i.SPI_Init) for SPI_Init
    ch376.o(i.CH376_SPI_Init) refers to stm32f10x_spi.o(i.SPI_Cmd) for SPI_Cmd
    ch376.o(i.CH376_WR_CMD_PORT) refers to stm32f10x_gpio.o(i.GPIO_SetBits) for GPIO_SetBits
    ch376.o(i.CH376_WR_CMD_PORT) refers to tm1640.o(i.udelay) for udelay
    ch376.o(i.CH376_WR_CMD_PORT) refers to stm32f10x_gpio.o(i.GPIO_ResetBits) for GPIO_ResetBits
    ch376.o(i.CH376_WR_CMD_PORT) refers to ch376.o(i.CH376_ReadWriteByte) for CH376_ReadWriteByte
    ch376.o(i.CH376_WR_DAT_PORT) refers to ch376.o(i.CH376_ReadWriteByte) for CH376_ReadWriteByte
    ch376.o(i.READ_CH376_VERSION) refers to ch376.o(i.CH376_WR_CMD_PORT) for CH376_WR_CMD_PORT
    ch376.o(i.READ_CH376_VERSION) refers to ch376.o(i.CH376_RD_DAT_PORT) for CH376_RD_DAT_PORT
    ch376.o(i.READ_CH376_VERSION) refers to stm32f10x_gpio.o(i.GPIO_SetBits) for GPIO_SetBits
    ch376.o(i.usb_check_handle) refers to ch376.o(i.CH376_DISK_MOUNT) for CH376_DISK_MOUNT
    ch376.o(i.usb_check_handle) refers to file_sys.o(i.CH376FileOpen) for CH376FileOpen
    ch376.o(i.usb_check_handle) refers to file_sys.o(i.CH376FileCreate) for CH376FileCreate
    ch376.o(i.usb_check_handle) refers to tm1640.o(i.mdelay) for mdelay
    ch376.o(i.usb_check_handle) refers to file_sys.o(i.CH376GetFileSize) for CH376GetFileSize
    ch376.o(i.usb_check_handle) refers to flash_eep.o(i.eep_write16) for eep_write16
    ch376.o(i.usb_check_handle) refers to file_sys.o(i.CH376FileClose) for CH376FileClose
    ch376.o(i.usb_check_handle) refers to ch376.o(i.CH376_DISK_CONNECT) for CH376_DISK_CONNECT
    ch376.o(i.usb_check_handle) refers to main.o(.data) for err_state
    ch376.o(i.usb_nc_handle) refers to ch376.o(i.CH376_DISK_CONNECT) for CH376_DISK_CONNECT
    ch376.o(i.usb_nc_handle) refers to main.o(.data) for usb_state
    ch376.o(i.wait_interrupt) refers to stm32f10x_gpio.o(i.GPIO_ReadInputDataBit) for GPIO_ReadInputDataBit
    ch376.o(i.wait_interrupt) refers to ch376.o(i.CH376_WR_CMD_PORT) for CH376_WR_CMD_PORT
    ch376.o(i.wait_interrupt) refers to ch376.o(i.CH376_RD_DAT_PORT) for CH376_RD_DAT_PORT
    file_sys.o(i.CH376ByteLocate) refers to ch376.o(i.CH376_WR_CMD_PORT) for CH376_WR_CMD_PORT
    file_sys.o(i.CH376ByteLocate) refers to ch376.o(i.CH376_WR_DAT_PORT) for CH376_WR_DAT_PORT
    file_sys.o(i.CH376ByteLocate) refers to stm32f10x_gpio.o(i.GPIO_SetBits) for GPIO_SetBits
    file_sys.o(i.CH376ByteLocate) refers to file_sys.o(i.Wait376Interrupt) for Wait376Interrupt
    file_sys.o(i.CH376ByteRead) refers to ch376.o(i.CH376_WR_CMD_PORT) for CH376_WR_CMD_PORT
    file_sys.o(i.CH376ByteRead) refers to ch376.o(i.CH376_WR_DAT_PORT) for CH376_WR_DAT_PORT
    file_sys.o(i.CH376ByteRead) refers to stm32f10x_gpio.o(i.GPIO_SetBits) for GPIO_SetBits
    file_sys.o(i.CH376ByteRead) refers to file_sys.o(i.Wait376Interrupt) for Wait376Interrupt
    file_sys.o(i.CH376ByteRead) refers to file_sys.o(i.CH376ReadBlock) for CH376ReadBlock
    file_sys.o(i.CH376ByteWrite) refers to ch376.o(i.CH376_WR_CMD_PORT) for CH376_WR_CMD_PORT
    file_sys.o(i.CH376ByteWrite) refers to ch376.o(i.CH376_WR_DAT_PORT) for CH376_WR_DAT_PORT
    file_sys.o(i.CH376ByteWrite) refers to stm32f10x_gpio.o(i.GPIO_SetBits) for GPIO_SetBits
    file_sys.o(i.CH376ByteWrite) refers to file_sys.o(i.Wait376Interrupt) for Wait376Interrupt
    file_sys.o(i.CH376ByteWrite) refers to file_sys.o(i.CH376WriteReqBlock) for CH376WriteReqBlock
    file_sys.o(i.CH376DirCreate) refers to file_sys.o(i.CH376SetFileName) for CH376SetFileName
    file_sys.o(i.CH376DirCreate) refers to file_sys.o(i.CH376WriteVar32) for CH376WriteVar32
    file_sys.o(i.CH376DirCreate) refers to file_sys.o(i.CH376SendCmdWaitInt) for CH376SendCmdWaitInt
    file_sys.o(i.CH376DirInfoRead) refers to file_sys.o(i.CH376SendCmdDatWaitInt) for CH376SendCmdDatWaitInt
    file_sys.o(i.CH376DirInfoSave) refers to file_sys.o(i.CH376SendCmdWaitInt) for CH376SendCmdWaitInt
    file_sys.o(i.CH376DiskCapacity) refers to file_sys.o(i.CH376SendCmdWaitInt) for CH376SendCmdWaitInt
    file_sys.o(i.CH376DiskCapacity) refers to ch376.o(i.CH376_WR_CMD_PORT) for CH376_WR_CMD_PORT
    file_sys.o(i.CH376DiskCapacity) refers to ch376.o(i.CH376_RD_DAT_PORT) for CH376_RD_DAT_PORT
    file_sys.o(i.CH376DiskCapacity) refers to file_sys.o(i.CH376Read32bitDat) for CH376Read32bitDat
    file_sys.o(i.CH376DiskConnect) refers to ch376.o(i.CH376_DISK_CONNECT) for CH376_DISK_CONNECT
    file_sys.o(i.CH376DiskMount) refers to ch376.o(i.CH376_DISK_MOUNT) for CH376_DISK_MOUNT
    file_sys.o(i.CH376DiskQuery) refers to ch376.o(i.CH376_WR_CMD_PORT) for CH376_WR_CMD_PORT
    file_sys.o(i.CH376DiskQuery) refers to ch376.o(i.CH376_RD_DAT_PORT) for CH376_RD_DAT_PORT
    file_sys.o(i.CH376DiskQuery) refers to file_sys.o(i.CH376ReadVar8) for CH376ReadVar8
    file_sys.o(i.CH376DiskQuery) refers to file_sys.o(i.CH376WriteVar8) for CH376WriteVar8
    file_sys.o(i.CH376DiskQuery) refers to file_sys.o(i.CH376SendCmdWaitInt) for CH376SendCmdWaitInt
    file_sys.o(i.CH376DiskQuery) refers to stm32f10x_gpio.o(i.GPIO_SetBits) for GPIO_SetBits
    file_sys.o(i.CH376DiskReqSense) refers to tm1640.o(i.mdelay) for mdelay
    file_sys.o(i.CH376DiskReqSense) refers to file_sys.o(i.CH376SendCmdWaitInt) for CH376SendCmdWaitInt
    file_sys.o(i.CH376EndDirInfo) refers to file_sys.o(i.CH376WriteVar8) for CH376WriteVar8
    file_sys.o(i.CH376FileClose) refers to file_sys.o(i.CH376SendCmdDatWaitInt) for CH376SendCmdDatWaitInt
    file_sys.o(i.CH376FileClose) refers to tm1640.o(i.mdelay) for mdelay
    file_sys.o(i.CH376FileCreate) refers to file_sys.o(i.CH376SetFileName) for CH376SetFileName
    file_sys.o(i.CH376FileCreate) refers to file_sys.o(i.CH376SendCmdWaitInt) for CH376SendCmdWaitInt
    file_sys.o(i.CH376FileCreate) refers to tm1640.o(i.mdelay) for mdelay
    file_sys.o(i.CH376FileCreatePath) refers to file_sys.o(i.CH376SeparatePath) for CH376SeparatePath
    file_sys.o(i.CH376FileCreatePath) refers to file_sys.o(i.CH376FileOpenDir) for CH376FileOpenDir
    file_sys.o(i.CH376FileCreatePath) refers to file_sys.o(i.CH376FileCreate) for CH376FileCreate
    file_sys.o(i.CH376FileErase) refers to file_sys.o(i.CH376FileOpenPath) for CH376FileOpenPath
    file_sys.o(i.CH376FileErase) refers to file_sys.o(i.CH376SetFileName) for CH376SetFileName
    file_sys.o(i.CH376FileErase) refers to file_sys.o(i.CH376SendCmdWaitInt) for CH376SendCmdWaitInt
    file_sys.o(i.CH376FileOpen) refers to file_sys.o(i.CH376SetFileName) for CH376SetFileName
    file_sys.o(i.CH376FileOpen) refers to file_sys.o(i.CH376WriteVar32) for CH376WriteVar32
    file_sys.o(i.CH376FileOpen) refers to file_sys.o(i.CH376SendCmdWaitInt) for CH376SendCmdWaitInt
    file_sys.o(i.CH376FileOpenDir) refers to file_sys.o(i.CH376FileOpen) for CH376FileOpen
    file_sys.o(i.CH376FileOpenPath) refers to file_sys.o(i.CH376FileOpenDir) for CH376FileOpenDir
    file_sys.o(i.CH376GetDiskStatus) refers to file_sys.o(i.CH376ReadVar8) for CH376ReadVar8
    file_sys.o(i.CH376GetFileSize) refers to file_sys.o(i.CH376ReadVar32) for CH376ReadVar32
    file_sys.o(i.CH376GetIntStatus) refers to ch376.o(i.CH376_WR_CMD_PORT) for CH376_WR_CMD_PORT
    file_sys.o(i.CH376GetIntStatus) refers to ch376.o(i.CH376_RD_DAT_PORT) for CH376_RD_DAT_PORT
    file_sys.o(i.CH376GetIntStatus) refers to stm32f10x_gpio.o(i.GPIO_SetBits) for GPIO_SetBits
    file_sys.o(i.CH376Read32bitDat) refers to ch376.o(i.CH376_RD_DAT_PORT) for CH376_RD_DAT_PORT
    file_sys.o(i.CH376Read32bitDat) refers to stm32f10x_gpio.o(i.GPIO_SetBits) for GPIO_SetBits
    file_sys.o(i.CH376ReadBlock) refers to ch376.o(i.CH376_WR_CMD_PORT) for CH376_WR_CMD_PORT
    file_sys.o(i.CH376ReadBlock) refers to ch376.o(i.CH376_RD_DAT_PORT) for CH376_RD_DAT_PORT
    file_sys.o(i.CH376ReadBlock) refers to stm32f10x_gpio.o(i.GPIO_SetBits) for GPIO_SetBits
    file_sys.o(i.CH376ReadVar32) refers to ch376.o(i.CH376_WR_CMD_PORT) for CH376_WR_CMD_PORT
    file_sys.o(i.CH376ReadVar32) refers to ch376.o(i.CH376_WR_DAT_PORT) for CH376_WR_DAT_PORT
    file_sys.o(i.CH376ReadVar32) refers to file_sys.o(i.CH376Read32bitDat) for CH376Read32bitDat
    file_sys.o(i.CH376ReadVar8) refers to ch376.o(i.CH376_WR_CMD_PORT) for CH376_WR_CMD_PORT
    file_sys.o(i.CH376ReadVar8) refers to ch376.o(i.CH376_WR_DAT_PORT) for CH376_WR_DAT_PORT
    file_sys.o(i.CH376ReadVar8) refers to ch376.o(i.CH376_RD_DAT_PORT) for CH376_RD_DAT_PORT
    file_sys.o(i.CH376ReadVar8) refers to stm32f10x_gpio.o(i.GPIO_SetBits) for GPIO_SetBits
    file_sys.o(i.CH376SecLocate) refers to ch376.o(i.CH376_WR_CMD_PORT) for CH376_WR_CMD_PORT
    file_sys.o(i.CH376SecLocate) refers to ch376.o(i.CH376_WR_DAT_PORT) for CH376_WR_DAT_PORT
    file_sys.o(i.CH376SecLocate) refers to stm32f10x_gpio.o(i.GPIO_SetBits) for GPIO_SetBits
    file_sys.o(i.CH376SecLocate) refers to file_sys.o(i.Wait376Interrupt) for Wait376Interrupt
    file_sys.o(i.CH376SendCmdDatWaitInt) refers to ch376.o(i.CH376_WR_CMD_PORT) for CH376_WR_CMD_PORT
    file_sys.o(i.CH376SendCmdDatWaitInt) refers to ch376.o(i.CH376_WR_DAT_PORT) for CH376_WR_DAT_PORT
    file_sys.o(i.CH376SendCmdDatWaitInt) refers to stm32f10x_gpio.o(i.GPIO_SetBits) for GPIO_SetBits
    file_sys.o(i.CH376SendCmdDatWaitInt) refers to tm1640.o(i.udelay) for udelay
    file_sys.o(i.CH376SendCmdDatWaitInt) refers to file_sys.o(i.Wait376Interrupt) for Wait376Interrupt
    file_sys.o(i.CH376SendCmdWaitInt) refers to ch376.o(i.CH376_WR_CMD_PORT) for CH376_WR_CMD_PORT
    file_sys.o(i.CH376SendCmdWaitInt) refers to stm32f10x_gpio.o(i.GPIO_SetBits) for GPIO_SetBits
    file_sys.o(i.CH376SendCmdWaitInt) refers to tm1640.o(i.udelay) for udelay
    file_sys.o(i.CH376SendCmdWaitInt) refers to file_sys.o(i.Wait376Interrupt) for Wait376Interrupt
    file_sys.o(i.CH376SetFileName) refers to ch376.o(i.CH376_WR_CMD_PORT) for CH376_WR_CMD_PORT
    file_sys.o(i.CH376SetFileName) refers to ch376.o(i.CH376_RD_DAT_PORT) for CH376_RD_DAT_PORT
    file_sys.o(i.CH376SetFileName) refers to file_sys.o(i.CH376ReadVar8) for CH376ReadVar8
    file_sys.o(i.CH376SetFileName) refers to ch376.o(i.CH376_WR_DAT_PORT) for CH376_WR_DAT_PORT
    file_sys.o(i.CH376SetFileName) refers to file_sys.o(i.CH376SendCmdWaitInt) for CH376SendCmdWaitInt
    file_sys.o(i.CH376SetFileName) refers to file_sys.o(i.CH376ReadVar32) for CH376ReadVar32
    file_sys.o(i.CH376SetFileName) refers to file_sys.o(i.CH376WriteVar32) for CH376WriteVar32
    file_sys.o(i.CH376SetFileName) refers to stm32f10x_gpio.o(i.GPIO_SetBits) for GPIO_SetBits
    file_sys.o(i.CH376WriteHostBlock) refers to ch376.o(i.CH376_WR_CMD_PORT) for CH376_WR_CMD_PORT
    file_sys.o(i.CH376WriteHostBlock) refers to ch376.o(i.CH376_WR_DAT_PORT) for CH376_WR_DAT_PORT
    file_sys.o(i.CH376WriteHostBlock) refers to stm32f10x_gpio.o(i.GPIO_SetBits) for GPIO_SetBits
    file_sys.o(i.CH376WriteOfsBlock) refers to ch376.o(i.CH376_WR_CMD_PORT) for CH376_WR_CMD_PORT
    file_sys.o(i.CH376WriteOfsBlock) refers to ch376.o(i.CH376_WR_DAT_PORT) for CH376_WR_DAT_PORT
    file_sys.o(i.CH376WriteOfsBlock) refers to stm32f10x_gpio.o(i.GPIO_SetBits) for GPIO_SetBits
    file_sys.o(i.CH376WriteReqBlock) refers to ch376.o(i.CH376_WR_CMD_PORT) for CH376_WR_CMD_PORT
    file_sys.o(i.CH376WriteReqBlock) refers to ch376.o(i.CH376_RD_DAT_PORT) for CH376_RD_DAT_PORT
    file_sys.o(i.CH376WriteReqBlock) refers to ch376.o(i.CH376_WR_DAT_PORT) for CH376_WR_DAT_PORT
    file_sys.o(i.CH376WriteReqBlock) refers to stm32f10x_gpio.o(i.GPIO_SetBits) for GPIO_SetBits
    file_sys.o(i.CH376WriteVar32) refers to ch376.o(i.CH376_WR_CMD_PORT) for CH376_WR_CMD_PORT
    file_sys.o(i.CH376WriteVar32) refers to ch376.o(i.CH376_WR_DAT_PORT) for CH376_WR_DAT_PORT
    file_sys.o(i.CH376WriteVar32) refers to stm32f10x_gpio.o(i.GPIO_SetBits) for GPIO_SetBits
    file_sys.o(i.CH376WriteVar8) refers to ch376.o(i.CH376_WR_CMD_PORT) for CH376_WR_CMD_PORT
    file_sys.o(i.CH376WriteVar8) refers to ch376.o(i.CH376_WR_DAT_PORT) for CH376_WR_DAT_PORT
    file_sys.o(i.CH376WriteVar8) refers to stm32f10x_gpio.o(i.GPIO_SetBits) for GPIO_SetBits
    file_sys.o(i.Wait376Interrupt) refers to ch376.o(i.wait_interrupt) for wait_interrupt
    tm1640.o(i.led_handle) refers to main.o(.data) for led_flag
    tm1640.o(i.led_init) refers to stm32f10x_rcc.o(i.RCC_APB2PeriphClockCmd) for RCC_APB2PeriphClockCmd
    tm1640.o(i.led_init) refers to stm32f10x_gpio.o(i.GPIO_Init) for GPIO_Init
    tm1640.o(i.seg_handle) refers to tm1640.o(i.write_cmd) for write_cmd
    tm1640.o(i.seg_handle) refers to tm1640.o(i.write_dat) for write_dat
    tm1640.o(i.seg_handle) refers to main.o(.data) for err_state
    tm1640.o(i.seg_init) refers to tm1640.o(i.seg_handle) for seg_handle
    tm1640.o(i.tm1640_init) refers to stm32f10x_rcc.o(i.RCC_APB2PeriphClockCmd) for RCC_APB2PeriphClockCmd
    tm1640.o(i.tm1640_init) refers to stm32f10x_gpio.o(i.GPIO_Init) for GPIO_Init
    tm1640.o(i.tm1640_init) refers to tm1640.o(i.seg_init) for seg_init
    tm1640.o(i.tm1640_start) refers to tm1640.o(i.udelay) for udelay
    tm1640.o(i.tm1640_stop) refers to tm1640.o(i.udelay) for udelay
    tm1640.o(i.tm1640_write_byte) refers to tm1640.o(i.udelay) for udelay
    tm1640.o(i.write_cmd) refers to tm1640.o(i.tm1640_start) for tm1640_start
    tm1640.o(i.write_cmd) refers to tm1640.o(i.tm1640_write_byte) for tm1640_write_byte
    tm1640.o(i.write_cmd) refers to tm1640.o(i.tm1640_stop) for tm1640_stop
    tm1640.o(i.write_dat) refers to tm1640.o(i.tm1640_start) for tm1640_start
    tm1640.o(i.write_dat) refers to tm1640.o(i.tm1640_write_byte) for tm1640_write_byte
    tm1640.o(i.write_dat) refers to tm1640.o(i.tm1640_stop) for tm1640_stop
    ds2431.o(i.ds2431_init) refers to stm32f10x_rcc.o(i.RCC_APB2PeriphClockCmd) for RCC_APB2PeriphClockCmd
    ds2431.o(i.ds2431_init) refers to stm32f10x_gpio.o(i.GPIO_Init) for GPIO_Init
    ds2431.o(i.ds2431_read) refers to ds2431.o(i.ow_rst) for ow_rst
    ds2431.o(i.ds2431_read) refers to tm1640.o(i.udelay) for udelay
    ds2431.o(i.ds2431_read) refers to ds2431.o(i.read_rom) for read_rom
    ds2431.o(i.ds2431_read) refers to ds2431.o(i.read_mem) for read_mem
    ds2431.o(i.ow_rst) refers to tm1640.o(i.udelay) for udelay
    ds2431.o(i.read_dat) refers to tm1640.o(i.udelay) for udelay
    ds2431.o(i.read_mem) refers to ds2431.o(i.send_cmd) for send_cmd
    ds2431.o(i.read_mem) refers to ds2431.o(i.read_dat) for read_dat
    ds2431.o(i.read_mem) refers to main.o(.bss) for mem_buf
    ds2431.o(i.read_rom) refers to ds2431.o(i.ow_rst) for ow_rst
    ds2431.o(i.read_rom) refers to ds2431.o(i.send_cmd) for send_cmd
    ds2431.o(i.read_rom) refers to ds2431.o(i.read_dat) for read_dat
    ds2431.o(i.read_rom) refers to main.o(.data) for rom_buf
    ds2431.o(i.send_cmd) refers to tm1640.o(i.udelay) for udelay
    eeprom.o(i.EE_Format) refers to stm32f10x_flash.o(i.FLASH_ErasePage) for FLASH_ErasePage
    eeprom.o(i.EE_Format) refers to stm32f10x_flash.o(i.FLASH_ProgramHalfWord) for FLASH_ProgramHalfWord
    eeprom.o(i.EE_Init) refers to stm32f10x_flash.o(i.FLASH_ErasePage) for FLASH_ErasePage
    eeprom.o(i.EE_Init) refers to stm32f10x_flash.o(i.FLASH_ProgramHalfWord) for FLASH_ProgramHalfWord
    eeprom.o(i.EE_Init) refers to eeprom.o(i.EE_Format) for EE_Format
    eeprom.o(i.EE_Init) refers to eeprom.o(i.EE_ReadVariable) for EE_ReadVariable
    eeprom.o(i.EE_Init) refers to eeprom.o(i.EE_VerifyPageFullWriteVariable) for EE_VerifyPageFullWriteVariable
    eeprom.o(i.EE_Init) refers to main.o(.data) for VirtAddVarTab
    eeprom.o(i.EE_Init) refers to eeprom.o(.data) for DataVar
    eeprom.o(i.EE_PageTransfer) refers to eeprom.o(i.EE_FindValidPage) for EE_FindValidPage
    eeprom.o(i.EE_PageTransfer) refers to stm32f10x_flash.o(i.FLASH_ProgramHalfWord) for FLASH_ProgramHalfWord
    eeprom.o(i.EE_PageTransfer) refers to eeprom.o(i.EE_VerifyPageFullWriteVariable) for EE_VerifyPageFullWriteVariable
    eeprom.o(i.EE_PageTransfer) refers to eeprom.o(i.EE_ReadVariable) for EE_ReadVariable
    eeprom.o(i.EE_PageTransfer) refers to stm32f10x_flash.o(i.FLASH_ErasePage) for FLASH_ErasePage
    eeprom.o(i.EE_PageTransfer) refers to main.o(.data) for VirtAddVarTab
    eeprom.o(i.EE_PageTransfer) refers to eeprom.o(.data) for DataVar
    eeprom.o(i.EE_ReadVariable) refers to eeprom.o(i.EE_FindValidPage) for EE_FindValidPage
    eeprom.o(i.EE_VerifyPageFullWriteVariable) refers to eeprom.o(i.EE_FindValidPage) for EE_FindValidPage
    eeprom.o(i.EE_VerifyPageFullWriteVariable) refers to stm32f10x_flash.o(i.FLASH_ProgramHalfWord) for FLASH_ProgramHalfWord
    eeprom.o(i.EE_WriteVariable) refers to eeprom.o(i.EE_VerifyPageFullWriteVariable) for EE_VerifyPageFullWriteVariable
    eeprom.o(i.EE_WriteVariable) refers to eeprom.o(i.EE_PageTransfer) for EE_PageTransfer
    flash_eep.o(i.Flash_Config) refers to stm32f10x_flash.o(i.FLASH_Unlock) for FLASH_Unlock
    flash_eep.o(i.Flash_Config) refers to eeprom.o(i.EE_Init) for EE_Init
    flash_eep.o(i.eep_init) refers to flash_eep.o(i.Flash_Config) for Flash_Config
    flash_eep.o(i.eep_init) refers to flash_eep.o(i.eep_read32) for eep_read32
    flash_eep.o(i.eep_init) refers to flash_eep.o(i.eep_read16) for eep_read16
    flash_eep.o(i.eep_init) refers to flash_eep.o(i.eep_write16) for eep_write16
    flash_eep.o(i.eep_init) refers to flash_eep.o(i.eep_write32) for eep_write32
    flash_eep.o(i.eep_init) refers to main.o(.data) for ds2431_num
    flash_eep.o(i.eep_read16) refers to eeprom.o(i.EE_ReadVariable) for EE_ReadVariable
    flash_eep.o(i.eep_read32) refers to eeprom.o(i.EE_ReadVariable) for EE_ReadVariable
    flash_eep.o(i.eep_write16) refers to eeprom.o(i.EE_WriteVariable) for EE_WriteVariable
    flash_eep.o(i.eep_write32) refers to eeprom.o(i.EE_WriteVariable) for EE_WriteVariable
    stm8.o(i.stm8_init) refers to misc.o(i.NVIC_PriorityGroupConfig) for NVIC_PriorityGroupConfig
    stm8.o(i.stm8_init) refers to misc.o(i.NVIC_Init) for NVIC_Init
    stm8.o(i.stm8_init) refers to stm32f10x_rcc.o(i.RCC_APB2PeriphClockCmd) for RCC_APB2PeriphClockCmd
    stm8.o(i.stm8_init) refers to stm32f10x_rcc.o(i.RCC_AHBPeriphClockCmd) for RCC_AHBPeriphClockCmd
    stm8.o(i.stm8_init) refers to stm32f10x_gpio.o(i.GPIO_Init) for GPIO_Init
    stm8.o(i.stm8_init) refers to stm32f10x_dma.o(i.DMA_DeInit) for DMA_DeInit
    stm8.o(i.stm8_init) refers to stm32f10x_dma.o(i.DMA_Init) for DMA_Init
    stm8.o(i.stm8_init) refers to stm32f10x_dma.o(i.DMA_ITConfig) for DMA_ITConfig
    stm8.o(i.stm8_init) refers to stm32f10x_usart.o(i.USART_Init) for USART_Init
    stm8.o(i.stm8_init) refers to stm32f10x_usart.o(i.USART_ITConfig) for USART_ITConfig
    stm8.o(i.stm8_init) refers to stm32f10x_usart.o(i.USART_DMACmd) for USART_DMACmd
    stm8.o(i.stm8_init) refers to stm32f10x_usart.o(i.USART_Cmd) for USART_Cmd
    stm8.o(i.stm8_init) refers to stm32f10x_dma.o(i.DMA_ClearITPendingBit) for DMA_ClearITPendingBit
    stm8.o(i.stm8_init) refers to main.o(.bss) for send_buf
    stm8.o(i.stm8_write) refers to stm8.o(i.sum_add) for sum_add
    stm8.o(i.stm8_write) refers to stm32f10x_dma.o(i.DMA_Cmd) for DMA_Cmd
    stm8.o(i.stm8_write) refers to stm32f10x_dma.o(i.DMA_SetCurrDataCounter) for DMA_SetCurrDataCounter
    stm8.o(i.stm8_write) refers to main.o(.data) for send_buf_num
    stm8.o(i.stm8_write) refers to main.o(.bss) for send_buf
    stm8.o(i.sum_add) refers to main.o(.bss) for send_buf
    stm8.o(i.sum_add) refers to main.o(.data) for send_buf_num
    stm8.o(i.uart_clear) refers to main.o(.data) for clear_flag
    stm8.o(i.uart_clear) refers to main.o(.bss) for rec_buf
    stm8.o(i.uart_rec_decode) refers to flash_eep.o(i.eep_write16) for eep_write16
    stm8.o(i.uart_rec_decode) refers to main.o(.data) for rec_buf_num
    stm8.o(i.uart_rec_decode) refers to main.o(.bss) for rec_buf
    stm32f10x_flash.o(i.FLASH_EnableWriteProtection) refers to stm32f10x_flash.o(i.FLASH_WaitForLastOperation) for FLASH_WaitForLastOperation
    stm32f10x_flash.o(i.FLASH_EraseAllBank1Pages) refers to stm32f10x_flash.o(i.FLASH_WaitForLastBank1Operation) for FLASH_WaitForLastBank1Operation
    stm32f10x_flash.o(i.FLASH_EraseAllPages) refers to stm32f10x_flash.o(i.FLASH_WaitForLastOperation) for FLASH_WaitForLastOperation
    stm32f10x_flash.o(i.FLASH_EraseOptionBytes) refers to stm32f10x_flash.o(i.FLASH_GetReadOutProtectionStatus) for FLASH_GetReadOutProtectionStatus
    stm32f10x_flash.o(i.FLASH_EraseOptionBytes) refers to stm32f10x_flash.o(i.FLASH_WaitForLastOperation) for FLASH_WaitForLastOperation
    stm32f10x_flash.o(i.FLASH_ErasePage) refers to stm32f10x_flash.o(i.FLASH_WaitForLastOperation) for FLASH_WaitForLastOperation
    stm32f10x_flash.o(i.FLASH_ProgramHalfWord) refers to stm32f10x_flash.o(i.FLASH_WaitForLastOperation) for FLASH_WaitForLastOperation
    stm32f10x_flash.o(i.FLASH_ProgramOptionByteData) refers to stm32f10x_flash.o(i.FLASH_WaitForLastOperation) for FLASH_WaitForLastOperation
    stm32f10x_flash.o(i.FLASH_ProgramWord) refers to stm32f10x_flash.o(i.FLASH_WaitForLastOperation) for FLASH_WaitForLastOperation
    stm32f10x_flash.o(i.FLASH_ReadOutProtection) refers to stm32f10x_flash.o(i.FLASH_WaitForLastOperation) for FLASH_WaitForLastOperation
    stm32f10x_flash.o(i.FLASH_UserOptionByteConfig) refers to stm32f10x_flash.o(i.FLASH_WaitForLastOperation) for FLASH_WaitForLastOperation
    stm32f10x_flash.o(i.FLASH_WaitForLastBank1Operation) refers to stm32f10x_flash.o(i.FLASH_GetBank1Status) for FLASH_GetBank1Status
    stm32f10x_flash.o(i.FLASH_WaitForLastOperation) refers to stm32f10x_flash.o(i.FLASH_GetBank1Status) for FLASH_GetBank1Status
    stm32f10x_gpio.o(i.GPIO_AFIODeInit) refers to stm32f10x_rcc.o(i.RCC_APB2PeriphResetCmd) for RCC_APB2PeriphResetCmd
    stm32f10x_gpio.o(i.GPIO_DeInit) refers to stm32f10x_rcc.o(i.RCC_APB2PeriphResetCmd) for RCC_APB2PeriphResetCmd
    stm32f10x_rcc.o(i.RCC_GetClocksFreq) refers to stm32f10x_rcc.o(.data) for APBAHBPrescTable
    stm32f10x_rcc.o(i.RCC_WaitForHSEStartUp) refers to stm32f10x_rcc.o(i.RCC_GetFlagStatus) for RCC_GetFlagStatus
    stm32f10x_spi.o(i.I2S_Init) refers to stm32f10x_rcc.o(i.RCC_GetClocksFreq) for RCC_GetClocksFreq
    stm32f10x_spi.o(i.SPI_I2S_DeInit) refers to stm32f10x_rcc.o(i.RCC_APB2PeriphResetCmd) for RCC_APB2PeriphResetCmd
    stm32f10x_spi.o(i.SPI_I2S_DeInit) refers to stm32f10x_rcc.o(i.RCC_APB1PeriphResetCmd) for RCC_APB1PeriphResetCmd
    stm32f10x_usart.o(i.USART_DeInit) refers to stm32f10x_rcc.o(i.RCC_APB2PeriphResetCmd) for RCC_APB2PeriphResetCmd
    stm32f10x_usart.o(i.USART_DeInit) refers to stm32f10x_rcc.o(i.RCC_APB1PeriphResetCmd) for RCC_APB1PeriphResetCmd
    stm32f10x_usart.o(i.USART_Init) refers to stm32f10x_rcc.o(i.RCC_GetClocksFreq) for RCC_GetClocksFreq
    entry.o(.ARM.Collect$$$$00000000) refers (Special) to entry7b.o(.ARM.Collect$$$$00000008) for _main_clock
    entry.o(.ARM.Collect$$$$00000000) refers (Special) to entry8.o(.ARM.Collect$$$$00000009) for _main_init
    entry.o(.ARM.Collect$$$$00000000) refers (Special) to entry5.o(.ARM.Collect$$$$00000004) for _main_scatterload
    entry.o(.ARM.Collect$$$$00000000) refers (Special) to entry2.o(.ARM.Collect$$$$00000001) for _main_stk
    entry2.o(.ARM.Collect$$$$00000001) refers to entry2.o(.ARM.Collect$$$$00002712) for __lit__00000000
    entry2.o(.ARM.Collect$$$$00002712) refers to startup_stm32f10x_md.o(STACK) for __initial_sp
    entry2.o(__vectab_stack_and_reset_area) refers to startup_stm32f10x_md.o(STACK) for __initial_sp
    entry2.o(__vectab_stack_and_reset_area) refers to entry.o(.ARM.Collect$$$$00000000) for __main
    entry5.o(.ARM.Collect$$$$00000004) refers to init.o(.text) for __scatterload
    entry8.o(.ARM.Collect$$$$00000009) refers to main.o(i.main) for main
    init.o(.text) refers to entry5.o(.ARM.Collect$$$$00000004) for __main_after_scatterload


==============================================================================

Removing Unused input sections from the image.

    Removing startup_stm32f10x_md.o(HEAP), (512 bytes).
    Removing system_stm32f10x.o(i.SystemCoreClockUpdate), (164 bytes).
    Removing ch376.o(i.READ_CH376_VERSION), (32 bytes).
    Removing file_sys.o(i.CH376DirCreate), (38 bytes).
    Removing file_sys.o(i.CH376DirInfoRead), (12 bytes).
    Removing file_sys.o(i.CH376DirInfoSave), (10 bytes).
    Removing file_sys.o(i.CH376DiskCapacity), (42 bytes).
    Removing file_sys.o(i.CH376DiskConnect), (8 bytes).
    Removing file_sys.o(i.CH376DiskMount), (8 bytes).
    Removing file_sys.o(i.CH376DiskQuery), (144 bytes).
    Removing file_sys.o(i.CH376DiskReqSense), (26 bytes).
    Removing file_sys.o(i.CH376EndDirInfo), (12 bytes).
    Removing file_sys.o(i.CH376FileCreatePath), (56 bytes).
    Removing file_sys.o(i.CH376FileErase), (70 bytes).
    Removing file_sys.o(i.CH376FileOpenDir), (100 bytes).
    Removing file_sys.o(i.CH376FileOpenPath), (14 bytes).
    Removing file_sys.o(i.CH376GetDiskStatus), (10 bytes).
    Removing file_sys.o(i.CH376GetIntStatus), (32 bytes).
    Removing file_sys.o(i.CH376SecLocate), (56 bytes).
    Removing file_sys.o(i.CH376SeparatePath), (46 bytes).
    Removing file_sys.o(i.CH376WriteHostBlock), (52 bytes).
    Removing file_sys.o(i.CH376WriteOfsBlock), (60 bytes).
    Removing file_sys.o(i.CH376WriteVar8), (40 bytes).
    Removing core_cm3.o(.emb_text), (32 bytes).
    Removing misc.o(i.NVIC_SetVectorTable), (20 bytes).
    Removing misc.o(i.NVIC_SystemLPConfig), (32 bytes).
    Removing misc.o(i.SysTick_CLKSourceConfig), (40 bytes).
    Removing stm32f10x_dma.o(i.DMA_ClearFlag), (28 bytes).
    Removing stm32f10x_dma.o(i.DMA_GetCurrDataCounter), (8 bytes).
    Removing stm32f10x_dma.o(i.DMA_GetFlagStatus), (44 bytes).
    Removing stm32f10x_dma.o(i.DMA_StructInit), (26 bytes).
    Removing stm32f10x_flash.o(i.FLASH_ClearFlag), (12 bytes).
    Removing stm32f10x_flash.o(i.FLASH_EnableWriteProtection), (196 bytes).
    Removing stm32f10x_flash.o(i.FLASH_EraseAllBank1Pages), (72 bytes).
    Removing stm32f10x_flash.o(i.FLASH_EraseAllPages), (72 bytes).
    Removing stm32f10x_flash.o(i.FLASH_EraseOptionBytes), (168 bytes).
    Removing stm32f10x_flash.o(i.FLASH_GetFlagStatus), (48 bytes).
    Removing stm32f10x_flash.o(i.FLASH_GetPrefetchBufferStatus), (24 bytes).
    Removing stm32f10x_flash.o(i.FLASH_GetReadOutProtectionStatus), (24 bytes).
    Removing stm32f10x_flash.o(i.FLASH_GetStatus), (56 bytes).
    Removing stm32f10x_flash.o(i.FLASH_GetUserOptionByte), (12 bytes).
    Removing stm32f10x_flash.o(i.FLASH_GetWriteProtectionOptionByte), (12 bytes).
    Removing stm32f10x_flash.o(i.FLASH_HalfCycleAccessCmd), (28 bytes).
    Removing stm32f10x_flash.o(i.FLASH_ITConfig), (32 bytes).
    Removing stm32f10x_flash.o(i.FLASH_Lock), (20 bytes).
    Removing stm32f10x_flash.o(i.FLASH_LockBank1), (20 bytes).
    Removing stm32f10x_flash.o(i.FLASH_PrefetchBufferCmd), (28 bytes).
    Removing stm32f10x_flash.o(i.FLASH_ProgramOptionByteData), (84 bytes).
    Removing stm32f10x_flash.o(i.FLASH_ProgramWord), (100 bytes).
    Removing stm32f10x_flash.o(i.FLASH_ReadOutProtection), (172 bytes).
    Removing stm32f10x_flash.o(i.FLASH_SetLatency), (24 bytes).
    Removing stm32f10x_flash.o(i.FLASH_UnlockBank1), (24 bytes).
    Removing stm32f10x_flash.o(i.FLASH_UserOptionByteConfig), (104 bytes).
    Removing stm32f10x_flash.o(i.FLASH_WaitForLastBank1Operation), (38 bytes).
    Removing stm32f10x_gpio.o(i.GPIO_AFIODeInit), (20 bytes).
    Removing stm32f10x_gpio.o(i.GPIO_DeInit), (200 bytes).
    Removing stm32f10x_gpio.o(i.GPIO_ETH_MediaInterfaceConfig), (12 bytes).
    Removing stm32f10x_gpio.o(i.GPIO_EXTILineConfig), (64 bytes).
    Removing stm32f10x_gpio.o(i.GPIO_EventOutputCmd), (12 bytes).
    Removing stm32f10x_gpio.o(i.GPIO_EventOutputConfig), (32 bytes).
    Removing stm32f10x_gpio.o(i.GPIO_PinLockConfig), (18 bytes).
    Removing stm32f10x_gpio.o(i.GPIO_PinRemapConfig), (144 bytes).
    Removing stm32f10x_gpio.o(i.GPIO_ReadInputData), (8 bytes).
    Removing stm32f10x_gpio.o(i.GPIO_ReadOutputData), (8 bytes).
    Removing stm32f10x_gpio.o(i.GPIO_ReadOutputDataBit), (18 bytes).
    Removing stm32f10x_gpio.o(i.GPIO_StructInit), (16 bytes).
    Removing stm32f10x_gpio.o(i.GPIO_Write), (4 bytes).
    Removing stm32f10x_gpio.o(i.GPIO_WriteBit), (10 bytes).
    Removing stm32f10x_rcc.o(i.RCC_ADCCLKConfig), (24 bytes).
    Removing stm32f10x_rcc.o(i.RCC_APB1PeriphClockCmd), (32 bytes).
    Removing stm32f10x_rcc.o(i.RCC_APB1PeriphResetCmd), (32 bytes).
    Removing stm32f10x_rcc.o(i.RCC_APB2PeriphResetCmd), (32 bytes).
    Removing stm32f10x_rcc.o(i.RCC_AdjustHSICalibrationValue), (24 bytes).
    Removing stm32f10x_rcc.o(i.RCC_BackupResetCmd), (12 bytes).
    Removing stm32f10x_rcc.o(i.RCC_ClearFlag), (20 bytes).
    Removing stm32f10x_rcc.o(i.RCC_ClearITPendingBit), (12 bytes).
    Removing stm32f10x_rcc.o(i.RCC_ClockSecuritySystemCmd), (12 bytes).
    Removing stm32f10x_rcc.o(i.RCC_DeInit), (76 bytes).
    Removing stm32f10x_rcc.o(i.RCC_GetFlagStatus), (60 bytes).
    Removing stm32f10x_rcc.o(i.RCC_GetITStatus), (24 bytes).
    Removing stm32f10x_rcc.o(i.RCC_GetSYSCLKSource), (16 bytes).
    Removing stm32f10x_rcc.o(i.RCC_HCLKConfig), (24 bytes).
    Removing stm32f10x_rcc.o(i.RCC_HSEConfig), (76 bytes).
    Removing stm32f10x_rcc.o(i.RCC_HSICmd), (12 bytes).
    Removing stm32f10x_rcc.o(i.RCC_ITConfig), (36 bytes).
    Removing stm32f10x_rcc.o(i.RCC_LSEConfig), (52 bytes).
    Removing stm32f10x_rcc.o(i.RCC_LSICmd), (12 bytes).
    Removing stm32f10x_rcc.o(i.RCC_MCOConfig), (12 bytes).
    Removing stm32f10x_rcc.o(i.RCC_PCLK1Config), (24 bytes).
    Removing stm32f10x_rcc.o(i.RCC_PCLK2Config), (24 bytes).
    Removing stm32f10x_rcc.o(i.RCC_PLLCmd), (12 bytes).
    Removing stm32f10x_rcc.o(i.RCC_PLLConfig), (28 bytes).
    Removing stm32f10x_rcc.o(i.RCC_RTCCLKCmd), (12 bytes).
    Removing stm32f10x_rcc.o(i.RCC_RTCCLKConfig), (16 bytes).
    Removing stm32f10x_rcc.o(i.RCC_SYSCLKConfig), (24 bytes).
    Removing stm32f10x_rcc.o(i.RCC_USBCLKConfig), (12 bytes).
    Removing stm32f10x_rcc.o(i.RCC_WaitForHSEStartUp), (48 bytes).
    Removing stm32f10x_spi.o(i.I2S_Cmd), (24 bytes).
    Removing stm32f10x_spi.o(i.I2S_Init), (228 bytes).
    Removing stm32f10x_spi.o(i.I2S_StructInit), (20 bytes).
    Removing stm32f10x_spi.o(i.SPI_BiDirectionalLineConfig), (28 bytes).
    Removing stm32f10x_spi.o(i.SPI_CalculateCRC), (24 bytes).
    Removing stm32f10x_spi.o(i.SPI_DataSizeConfig), (18 bytes).
    Removing stm32f10x_spi.o(i.SPI_GetCRC), (16 bytes).
    Removing stm32f10x_spi.o(i.SPI_GetCRCPolynomial), (6 bytes).
    Removing stm32f10x_spi.o(i.SPI_I2S_ClearFlag), (6 bytes).
    Removing stm32f10x_spi.o(i.SPI_I2S_ClearITPendingBit), (20 bytes).
    Removing stm32f10x_spi.o(i.SPI_I2S_DMACmd), (24 bytes).
    Removing stm32f10x_spi.o(i.SPI_I2S_DeInit), (88 bytes).
    Removing stm32f10x_spi.o(i.SPI_I2S_GetITStatus), (52 bytes).
    Removing stm32f10x_spi.o(i.SPI_I2S_ITConfig), (36 bytes).
    Removing stm32f10x_spi.o(i.SPI_NSSInternalSoftwareConfig), (30 bytes).
    Removing stm32f10x_spi.o(i.SPI_SSOutputCmd), (24 bytes).
    Removing stm32f10x_spi.o(i.SPI_StructInit), (24 bytes).
    Removing stm32f10x_spi.o(i.SPI_TransmitCRC), (10 bytes).
    Removing stm32f10x_usart.o(i.USART_ClearFlag), (18 bytes).
    Removing stm32f10x_usart.o(i.USART_ClearITPendingBit), (30 bytes).
    Removing stm32f10x_usart.o(i.USART_ClockInit), (34 bytes).
    Removing stm32f10x_usart.o(i.USART_ClockStructInit), (12 bytes).
    Removing stm32f10x_usart.o(i.USART_DeInit), (156 bytes).
    Removing stm32f10x_usart.o(i.USART_GetFlagStatus), (26 bytes).
    Removing stm32f10x_usart.o(i.USART_HalfDuplexCmd), (24 bytes).
    Removing stm32f10x_usart.o(i.USART_IrDACmd), (24 bytes).
    Removing stm32f10x_usart.o(i.USART_IrDAConfig), (18 bytes).
    Removing stm32f10x_usart.o(i.USART_LINBreakDetectLengthConfig), (18 bytes).
    Removing stm32f10x_usart.o(i.USART_LINCmd), (24 bytes).
    Removing stm32f10x_usart.o(i.USART_OneBitMethodCmd), (24 bytes).
    Removing stm32f10x_usart.o(i.USART_OverSampling8Cmd), (22 bytes).
    Removing stm32f10x_usart.o(i.USART_ReceiverWakeUpCmd), (24 bytes).
    Removing stm32f10x_usart.o(i.USART_SendBreak), (10 bytes).
    Removing stm32f10x_usart.o(i.USART_SendData), (8 bytes).
    Removing stm32f10x_usart.o(i.USART_SetAddress), (18 bytes).
    Removing stm32f10x_usart.o(i.USART_SetGuardTime), (16 bytes).
    Removing stm32f10x_usart.o(i.USART_SetPrescaler), (16 bytes).
    Removing stm32f10x_usart.o(i.USART_SmartCardCmd), (24 bytes).
    Removing stm32f10x_usart.o(i.USART_SmartCardNACKCmd), (24 bytes).
    Removing stm32f10x_usart.o(i.USART_StructInit), (24 bytes).
    Removing stm32f10x_usart.o(i.USART_WakeUpConfig), (18 bytes).

138 unused section(s) (total 5800 bytes) removed from the image.

==============================================================================

Image Symbol Table

    Local Symbols

    Symbol Name                              Value     Ov Type        Size  Object(Section)

    ../../microlib/init/entry.s              0x00000000   Number         0  entry8.o ABSOLUTE
    ../../microlib/init/entry.s              0x00000000   Number         0  entry7b.o ABSOLUTE
    ../../microlib/init/entry.s              0x00000000   Number         0  entry7a.o ABSOLUTE
    ../../microlib/init/entry.s              0x00000000   Number         0  entry5.o ABSOLUTE
    ../../microlib/init/entry.s              0x00000000   Number         0  entry2.o ABSOLUTE
    ../../microlib/init/entry.s              0x00000000   Number         0  entry.o ABSOLUTE
    ..\Libraries\CMSIS\CM3\CoreSupport\core_cm3.c 0x00000000   Number         0  core_cm3.o ABSOLUTE
    ..\Libraries\CMSIS\CM3\DeviceSupport\ST\STM32F10x\startup\arm\startup_stm32f10x_md.s 0x00000000   Number         0  startup_stm32f10x_md.o ABSOLUTE
    ..\Libraries\STM32F10x_StdPeriph_Driver\src\misc.c 0x00000000   Number         0  misc.o ABSOLUTE
    ..\Libraries\STM32F10x_StdPeriph_Driver\src\stm32f10x_dma.c 0x00000000   Number         0  stm32f10x_dma.o ABSOLUTE
    ..\Libraries\STM32F10x_StdPeriph_Driver\src\stm32f10x_flash.c 0x00000000   Number         0  stm32f10x_flash.o ABSOLUTE
    ..\Libraries\STM32F10x_StdPeriph_Driver\src\stm32f10x_gpio.c 0x00000000   Number         0  stm32f10x_gpio.o ABSOLUTE
    ..\Libraries\STM32F10x_StdPeriph_Driver\src\stm32f10x_rcc.c 0x00000000   Number         0  stm32f10x_rcc.o ABSOLUTE
    ..\Libraries\STM32F10x_StdPeriph_Driver\src\stm32f10x_spi.c 0x00000000   Number         0  stm32f10x_spi.o ABSOLUTE
    ..\Libraries\STM32F10x_StdPeriph_Driver\src\stm32f10x_usart.c 0x00000000   Number         0  stm32f10x_usart.o ABSOLUTE
    ..\\Libraries\\CMSIS\\CM3\\CoreSupport\\core_cm3.c 0x00000000   Number         0  core_cm3.o ABSOLUTE
    ..\usr\CH376.c                           0x00000000   Number         0  ch376.o ABSOLUTE
    ..\usr\FILE_SYS.C                        0x00000000   Number         0  file_sys.o ABSOLUTE
    ..\usr\ds2431.c                          0x00000000   Number         0  ds2431.o ABSOLUTE
    ..\usr\eeprom.c                          0x00000000   Number         0  eeprom.o ABSOLUTE
    ..\usr\flash_eep.c                       0x00000000   Number         0  flash_eep.o ABSOLUTE
    ..\usr\key.c                             0x00000000   Number         0  key.o ABSOLUTE
    ..\usr\main.c                            0x00000000   Number         0  main.o ABSOLUTE
    ..\usr\stm32f10x_it.c                    0x00000000   Number         0  stm32f10x_it.o ABSOLUTE
    ..\usr\stm8.c                            0x00000000   Number         0  stm8.o ABSOLUTE
    ..\usr\system_stm32f10x.c                0x00000000   Number         0  system_stm32f10x.o ABSOLUTE
    ..\usr\tm1640.c                          0x00000000   Number         0  tm1640.o ABSOLUTE
    dc.s                                     0x00000000   Number         0  dc.o ABSOLUTE
    handlers.s                               0x00000000   Number         0  handlers.o ABSOLUTE
    init.s                                   0x00000000   Number         0  init.o ABSOLUTE
    RESET                                    0x08000000   Section      236  startup_stm32f10x_md.o(RESET)
    .ARM.Collect$$$$00000000                 0x080000ec   Section        0  entry.o(.ARM.Collect$$$$00000000)
    .ARM.Collect$$$$00000001                 0x080000ec   Section        4  entry2.o(.ARM.Collect$$$$00000001)
    .ARM.Collect$$$$00000004                 0x080000f0   Section        4  entry5.o(.ARM.Collect$$$$00000004)
    .ARM.Collect$$$$00000008                 0x080000f4   Section        0  entry7b.o(.ARM.Collect$$$$00000008)
    .ARM.Collect$$$$00000009                 0x080000f4   Section        8  entry8.o(.ARM.Collect$$$$00000009)
    .ARM.Collect$$$$00002712                 0x080000fc   Section        4  entry2.o(.ARM.Collect$$$$00002712)
    __lit__00000000                          0x080000fc   Data           4  entry2.o(.ARM.Collect$$$$00002712)
    .text                                    0x08000100   Section       36  startup_stm32f10x_md.o(.text)
    .text                                    0x08000124   Section       36  init.o(.text)
    i.BusFault_Handler                       0x08000148   Section        0  stm32f10x_it.o(i.BusFault_Handler)
    i.CH376ByteLocate                        0x0800014c   Section        0  file_sys.o(i.CH376ByteLocate)
    i.CH376ByteRead                          0x08000184   Section        0  file_sys.o(i.CH376ByteRead)
    i.CH376ByteWrite                         0x080001e8   Section        0  file_sys.o(i.CH376ByteWrite)
    i.CH376FileClose                         0x0800024c   Section        0  file_sys.o(i.CH376FileClose)
    i.CH376FileCreate                        0x08000278   Section        0  file_sys.o(i.CH376FileCreate)
    i.CH376FileOpen                          0x080002aa   Section        0  file_sys.o(i.CH376FileOpen)
    i.CH376GetFileSize                       0x080002d0   Section        0  file_sys.o(i.CH376GetFileSize)
    i.CH376Read32bitDat                      0x080002dc   Section        0  file_sys.o(i.CH376Read32bitDat)
    i.CH376ReadBlock                         0x08000314   Section        0  file_sys.o(i.CH376ReadBlock)
    i.CH376ReadVar32                         0x0800034c   Section        0  file_sys.o(i.CH376ReadVar32)
    i.CH376ReadVar8                          0x08000364   Section        0  file_sys.o(i.CH376ReadVar8)
    i.CH376SendCmdDatWaitInt                 0x0800038c   Section        0  file_sys.o(i.CH376SendCmdDatWaitInt)
    i.CH376SendCmdWaitInt                    0x080003b8   Section        0  file_sys.o(i.CH376SendCmdWaitInt)
    i.CH376SetFileName                       0x080003dc   Section        0  file_sys.o(i.CH376SetFileName)
    i.CH376WriteReqBlock                     0x08000494   Section        0  file_sys.o(i.CH376WriteReqBlock)
    i.CH376WriteVar32                        0x080004cc   Section        0  file_sys.o(i.CH376WriteVar32)
    i.CH376_DISK_CONNECT                     0x08000508   Section        0  ch376.o(i.CH376_DISK_CONNECT)
    i.CH376_DISK_MOUNT                       0x08000528   Section        0  ch376.o(i.CH376_DISK_MOUNT)
    i.CH376_HOST_INIT                        0x08000548   Section        0  ch376.o(i.CH376_HOST_INIT)
    i.CH376_RD_DAT_PORT                      0x080005b0   Section        0  ch376.o(i.CH376_RD_DAT_PORT)
    i.CH376_ReadWriteByte                    0x080005bc   Section        0  ch376.o(i.CH376_ReadWriteByte)
    i.CH376_SPI_Init                         0x08000600   Section        0  ch376.o(i.CH376_SPI_Init)
    i.CH376_WR_CMD_PORT                      0x080006b8   Section        0  ch376.o(i.CH376_WR_CMD_PORT)
    i.CH376_WR_DAT_PORT                      0x080006e4   Section        0  ch376.o(i.CH376_WR_DAT_PORT)
    i.DMA1_Channel4_IRQHandler               0x080006f0   Section        0  stm32f10x_it.o(i.DMA1_Channel4_IRQHandler)
    i.DMA_ClearITPendingBit                  0x08000708   Section        0  stm32f10x_dma.o(i.DMA_ClearITPendingBit)
    i.DMA_Cmd                                0x08000724   Section        0  stm32f10x_dma.o(i.DMA_Cmd)
    i.DMA_DeInit                             0x0800073c   Section        0  stm32f10x_dma.o(i.DMA_DeInit)
    i.DMA_GetITStatus                        0x08000888   Section        0  stm32f10x_dma.o(i.DMA_GetITStatus)
    i.DMA_ITConfig                           0x080008b4   Section        0  stm32f10x_dma.o(i.DMA_ITConfig)
    i.DMA_Init                               0x080008c6   Section        0  stm32f10x_dma.o(i.DMA_Init)
    i.DMA_SetCurrDataCounter                 0x08000902   Section        0  stm32f10x_dma.o(i.DMA_SetCurrDataCounter)
    i.DebugMon_Handler                       0x08000906   Section        0  stm32f10x_it.o(i.DebugMon_Handler)
    i.EE_FindValidPage                       0x08000908   Section        0  eeprom.o(i.EE_FindValidPage)
    EE_FindValidPage                         0x08000909   Thumb Code    78  eeprom.o(i.EE_FindValidPage)
    i.EE_Format                              0x08000960   Section        0  eeprom.o(i.EE_Format)
    EE_Format                                0x08000961   Thumb Code    50  eeprom.o(i.EE_Format)
    i.EE_Init                                0x0800099c   Section        0  eeprom.o(i.EE_Init)
    i.EE_PageTransfer                        0x08000b94   Section        0  eeprom.o(i.EE_PageTransfer)
    EE_PageTransfer                          0x08000b95   Thumb Code   218  eeprom.o(i.EE_PageTransfer)
    i.EE_ReadVariable                        0x08000c88   Section        0  eeprom.o(i.EE_ReadVariable)
    i.EE_VerifyPageFullWriteVariable         0x08000cec   Section        0  eeprom.o(i.EE_VerifyPageFullWriteVariable)
    EE_VerifyPageFullWriteVariable           0x08000ced   Thumb Code   100  eeprom.o(i.EE_VerifyPageFullWriteVariable)
    i.EE_WriteVariable                       0x08000d5c   Section        0  eeprom.o(i.EE_WriteVariable)
    i.FLASH_ErasePage                        0x08000d80   Section        0  stm32f10x_flash.o(i.FLASH_ErasePage)
    i.FLASH_GetBank1Status                   0x08000dcc   Section        0  stm32f10x_flash.o(i.FLASH_GetBank1Status)
    i.FLASH_ProgramHalfWord                  0x08000e04   Section        0  stm32f10x_flash.o(i.FLASH_ProgramHalfWord)
    i.FLASH_Unlock                           0x08000e44   Section        0  stm32f10x_flash.o(i.FLASH_Unlock)
    i.FLASH_WaitForLastOperation             0x08000e5c   Section        0  stm32f10x_flash.o(i.FLASH_WaitForLastOperation)
    i.Flash_Config                           0x08000e82   Section        0  flash_eep.o(i.Flash_Config)
    i.GPIO_Init                              0x08000e8e   Section        0  stm32f10x_gpio.o(i.GPIO_Init)
    i.GPIO_ReadInputDataBit                  0x08000fa0   Section        0  stm32f10x_gpio.o(i.GPIO_ReadInputDataBit)
    i.GPIO_ResetBits                         0x08000fb2   Section        0  stm32f10x_gpio.o(i.GPIO_ResetBits)
    i.GPIO_SetBits                           0x08000fb6   Section        0  stm32f10x_gpio.o(i.GPIO_SetBits)
    i.HardFault_Handler                      0x08000fba   Section        0  stm32f10x_it.o(i.HardFault_Handler)
    i.MemManage_Handler                      0x08000fbe   Section        0  stm32f10x_it.o(i.MemManage_Handler)
    i.NMI_Handler                            0x08000fc2   Section        0  stm32f10x_it.o(i.NMI_Handler)
    i.NVIC_Init                              0x08000fc4   Section        0  misc.o(i.NVIC_Init)
    i.NVIC_PriorityGroupConfig               0x08001038   Section        0  misc.o(i.NVIC_PriorityGroupConfig)
    i.PendSV_Handler                         0x0800104c   Section        0  stm32f10x_it.o(i.PendSV_Handler)
    i.RCC_AHBPeriphClockCmd                  0x08001050   Section        0  stm32f10x_rcc.o(i.RCC_AHBPeriphClockCmd)
    i.RCC_APB2PeriphClockCmd                 0x08001070   Section        0  stm32f10x_rcc.o(i.RCC_APB2PeriphClockCmd)
    i.RCC_GetClocksFreq                      0x08001090   Section        0  stm32f10x_rcc.o(i.RCC_GetClocksFreq)
    i.SPI_Cmd                                0x08001164   Section        0  stm32f10x_spi.o(i.SPI_Cmd)
    i.SPI_I2S_GetFlagStatus                  0x0800117c   Section        0  stm32f10x_spi.o(i.SPI_I2S_GetFlagStatus)
    i.SPI_I2S_ReceiveData                    0x0800118e   Section        0  stm32f10x_spi.o(i.SPI_I2S_ReceiveData)
    i.SPI_I2S_SendData                       0x08001194   Section        0  stm32f10x_spi.o(i.SPI_I2S_SendData)
    i.SPI_Init                               0x08001198   Section        0  stm32f10x_spi.o(i.SPI_Init)
    i.SVC_Handler                            0x080011d4   Section        0  stm32f10x_it.o(i.SVC_Handler)
    i.SetSysClock                            0x080011d6   Section        0  system_stm32f10x.o(i.SetSysClock)
    SetSysClock                              0x080011d7   Thumb Code     8  system_stm32f10x.o(i.SetSysClock)
    i.SetSysClockTo72                        0x080011e0   Section        0  system_stm32f10x.o(i.SetSysClockTo72)
    SetSysClockTo72                          0x080011e1   Thumb Code   192  system_stm32f10x.o(i.SetSysClockTo72)
    i.SysTick_Handler                        0x080012a8   Section        0  stm32f10x_it.o(i.SysTick_Handler)
    i.SystemInit                             0x08001354   Section        0  system_stm32f10x.o(i.SystemInit)
    i.USART1_IRQHandler                      0x080013b4   Section        0  stm32f10x_it.o(i.USART1_IRQHandler)
    i.USART_Cmd                              0x080013d8   Section        0  stm32f10x_usart.o(i.USART_Cmd)
    i.USART_DMACmd                           0x080013f0   Section        0  stm32f10x_usart.o(i.USART_DMACmd)
    i.USART_GetITStatus                      0x08001408   Section        0  stm32f10x_usart.o(i.USART_GetITStatus)
    i.USART_ITConfig                         0x0800145c   Section        0  stm32f10x_usart.o(i.USART_ITConfig)
    i.USART_Init                             0x080014a8   Section        0  stm32f10x_usart.o(i.USART_Init)
    i.USART_ReceiveData                      0x08001580   Section        0  stm32f10x_usart.o(i.USART_ReceiveData)
    i.UsageFault_Handler                     0x0800158a   Section        0  stm32f10x_it.o(i.UsageFault_Handler)
    i.Wait376Interrupt                       0x0800158e   Section        0  file_sys.o(i.Wait376Interrupt)
    i.__scatterload_copy                     0x08001596   Section       14  handlers.o(i.__scatterload_copy)
    i.__scatterload_null                     0x080015a4   Section        2  handlers.o(i.__scatterload_null)
    i.__scatterload_zeroinit                 0x080015a6   Section       14  handlers.o(i.__scatterload_zeroinit)
    i.ds2431_init                            0x080015b4   Section        0  ds2431.o(i.ds2431_init)
    i.ds2431_read                            0x080015ec   Section        0  ds2431.o(i.ds2431_read)
    i.eep_init                               0x08001624   Section        0  flash_eep.o(i.eep_init)
    i.eep_read16                             0x08001684   Section        0  flash_eep.o(i.eep_read16)
    i.eep_read32                             0x0800169e   Section        0  flash_eep.o(i.eep_read32)
    i.eep_write16                            0x080016d2   Section        0  flash_eep.o(i.eep_write16)
    i.eep_write32                            0x080016e6   Section        0  flash_eep.o(i.eep_write32)
    i.file_read                              0x08001708   Section        0  key.o(i.file_read)
    i.file_write                             0x080019b8   Section        0  key.o(i.file_write)
    i.key_done                               0x08001a4c   Section        0  key.o(i.key_done)
    i.key_init                               0x08001c5c   Section        0  key.o(i.key_init)
    i.key_scan                               0x08001c84   Section        0  key.o(i.key_scan)
    i.led_handle                             0x08001d20   Section        0  tm1640.o(i.led_handle)
    i.led_init                               0x08001dcc   Section        0  tm1640.o(i.led_init)
    i.main                                   0x08001e08   Section        0  main.o(i.main)
    i.mdelay                                 0x08001e94   Section        0  tm1640.o(i.mdelay)
    i.ow_rst                                 0x08001eb0   Section        0  ds2431.o(i.ow_rst)
    i.read_dat                               0x08001f74   Section        0  ds2431.o(i.read_dat)
    i.read_mem                               0x08002034   Section        0  ds2431.o(i.read_mem)
    i.read_rom                               0x08002080   Section        0  ds2431.o(i.read_rom)
    i.rom_check                              0x080020c4   Section        0  key.o(i.rom_check)
    i.seg_handle                             0x08002150   Section        0  tm1640.o(i.seg_handle)
    i.seg_init                               0x0800234c   Section        0  tm1640.o(i.seg_init)
    i.send_cmd                               0x08002354   Section        0  ds2431.o(i.send_cmd)
    i.stm8_init                              0x080023e8   Section        0  stm8.o(i.stm8_init)
    i.stm8_write                             0x0800251c   Section        0  stm8.o(i.stm8_write)
    i.sum_add                                0x080025c0   Section        0  stm8.o(i.sum_add)
    i.systick_init                           0x08002608   Section        0  main.o(i.systick_init)
    i.tm1640_init                            0x08002670   Section        0  tm1640.o(i.tm1640_init)
    i.tm1640_start                           0x080026a0   Section        0  tm1640.o(i.tm1640_start)
    i.tm1640_stop                            0x080026ec   Section        0  tm1640.o(i.tm1640_stop)
    i.tm1640_write_byte                      0x0800273c   Section        0  tm1640.o(i.tm1640_write_byte)
    i.uart_clear                             0x080027a4   Section        0  stm8.o(i.uart_clear)
    i.uart_rec_decode                        0x080027f0   Section        0  stm8.o(i.uart_rec_decode)
    i.udelay                                 0x080028d4   Section        0  tm1640.o(i.udelay)
    i.usb_buf_in                             0x080028ec   Section        0  key.o(i.usb_buf_in)
    i.usb_check_handle                       0x08002ba0   Section        0  ch376.o(i.usb_check_handle)
    i.usb_nc_handle                          0x08002c5c   Section        0  ch376.o(i.usb_nc_handle)
    i.wait_interrupt                         0x08002c80   Section        0  ch376.o(i.wait_interrupt)
    i.write_cmd                              0x08002ca0   Section        0  tm1640.o(i.write_cmd)
    i.write_dat                              0x08002cb4   Section        0  tm1640.o(i.write_dat)
    .data                                    0x20000000   Section       99  main.o(.data)
    .data                                    0x20000064   Section        4  stm32f10x_it.o(.data)
    i                                        0x20000064   Data           4  stm32f10x_it.o(.data)
    .data                                    0x20000068   Section       20  system_stm32f10x.o(.data)
    .data                                    0x2000007c   Section        2  eeprom.o(.data)
    .data                                    0x2000007e   Section       20  stm32f10x_rcc.o(.data)
    APBAHBPrescTable                         0x2000007e   Data          16  stm32f10x_rcc.o(.data)
    ADCPrescTable                            0x2000008e   Data           4  stm32f10x_rcc.o(.data)
    .bss                                     0x20000094   Section     3471  main.o(.bss)
    STACK                                    0x20000e28   Section     1024  startup_stm32f10x_md.o(STACK)

    Global Symbols

    Symbol Name                              Value     Ov Type        Size  Object(Section)

    BuildAttributes$$THM_ISAv4$P$D$K$B$S$PE$A:L22UL41UL21$X:L11$S22US41US21$IEEE1$IW$USESV6$~STKCKD$USESV7$~SHL$OSPACE$EBA8$MICROLIB$REQ8$PRES8$EABIv2 0x00000000   Number         0  anon$$obj.o ABSOLUTE
    __ARM_use_no_argv                        0x00000000   Number         0  main.o ABSOLUTE
    __decompress                              - Undefined Weak Reference
    _clock_init                               - Undefined Weak Reference
    __Vectors_Size                           0x000000ec   Number         0  startup_stm32f10x_md.o ABSOLUTE
    __Vectors                                0x08000000   Data           4  startup_stm32f10x_md.o(RESET)
    __Vectors_End                            0x080000ec   Data           0  startup_stm32f10x_md.o(RESET)
    __main                                   0x080000ed   Thumb Code     0  entry.o(.ARM.Collect$$$$00000000)
    _main_stk                                0x080000ed   Thumb Code     0  entry2.o(.ARM.Collect$$$$00000001)
    _main_scatterload                        0x080000f1   Thumb Code     0  entry5.o(.ARM.Collect$$$$00000004)
    __main_after_scatterload                 0x080000f5   Thumb Code     0  entry5.o(.ARM.Collect$$$$00000004)
    _main_clock                              0x080000f5   Thumb Code     0  entry7b.o(.ARM.Collect$$$$00000008)
    _main_init                               0x080000f5   Thumb Code     0  entry8.o(.ARM.Collect$$$$00000009)
    Reset_Handler                            0x08000101   Thumb Code     8  startup_stm32f10x_md.o(.text)
    ADC1_2_IRQHandler                        0x0800011b   Thumb Code     0  startup_stm32f10x_md.o(.text)
    CAN1_RX1_IRQHandler                      0x0800011b   Thumb Code     0  startup_stm32f10x_md.o(.text)
    CAN1_SCE_IRQHandler                      0x0800011b   Thumb Code     0  startup_stm32f10x_md.o(.text)
    DMA1_Channel1_IRQHandler                 0x0800011b   Thumb Code     0  startup_stm32f10x_md.o(.text)
    DMA1_Channel2_IRQHandler                 0x0800011b   Thumb Code     0  startup_stm32f10x_md.o(.text)
    DMA1_Channel3_IRQHandler                 0x0800011b   Thumb Code     0  startup_stm32f10x_md.o(.text)
    DMA1_Channel5_IRQHandler                 0x0800011b   Thumb Code     0  startup_stm32f10x_md.o(.text)
    DMA1_Channel6_IRQHandler                 0x0800011b   Thumb Code     0  startup_stm32f10x_md.o(.text)
    DMA1_Channel7_IRQHandler                 0x0800011b   Thumb Code     0  startup_stm32f10x_md.o(.text)
    EXTI0_IRQHandler                         0x0800011b   Thumb Code     0  startup_stm32f10x_md.o(.text)
    EXTI15_10_IRQHandler                     0x0800011b   Thumb Code     0  startup_stm32f10x_md.o(.text)
    EXTI1_IRQHandler                         0x0800011b   Thumb Code     0  startup_stm32f10x_md.o(.text)
    EXTI2_IRQHandler                         0x0800011b   Thumb Code     0  startup_stm32f10x_md.o(.text)
    EXTI3_IRQHandler                         0x0800011b   Thumb Code     0  startup_stm32f10x_md.o(.text)
    EXTI4_IRQHandler                         0x0800011b   Thumb Code     0  startup_stm32f10x_md.o(.text)
    EXTI9_5_IRQHandler                       0x0800011b   Thumb Code     0  startup_stm32f10x_md.o(.text)
    FLASH_IRQHandler                         0x0800011b   Thumb Code     0  startup_stm32f10x_md.o(.text)
    I2C1_ER_IRQHandler                       0x0800011b   Thumb Code     0  startup_stm32f10x_md.o(.text)
    I2C1_EV_IRQHandler                       0x0800011b   Thumb Code     0  startup_stm32f10x_md.o(.text)
    I2C2_ER_IRQHandler                       0x0800011b   Thumb Code     0  startup_stm32f10x_md.o(.text)
    I2C2_EV_IRQHandler                       0x0800011b   Thumb Code     0  startup_stm32f10x_md.o(.text)
    PVD_IRQHandler                           0x0800011b   Thumb Code     0  startup_stm32f10x_md.o(.text)
    RCC_IRQHandler                           0x0800011b   Thumb Code     0  startup_stm32f10x_md.o(.text)
    RTCAlarm_IRQHandler                      0x0800011b   Thumb Code     0  startup_stm32f10x_md.o(.text)
    RTC_IRQHandler                           0x0800011b   Thumb Code     0  startup_stm32f10x_md.o(.text)
    SPI1_IRQHandler                          0x0800011b   Thumb Code     0  startup_stm32f10x_md.o(.text)
    SPI2_IRQHandler                          0x0800011b   Thumb Code     0  startup_stm32f10x_md.o(.text)
    TAMPER_IRQHandler                        0x0800011b   Thumb Code     0  startup_stm32f10x_md.o(.text)
    TIM1_BRK_IRQHandler                      0x0800011b   Thumb Code     0  startup_stm32f10x_md.o(.text)
    TIM1_CC_IRQHandler                       0x0800011b   Thumb Code     0  startup_stm32f10x_md.o(.text)
    TIM1_TRG_COM_IRQHandler                  0x0800011b   Thumb Code     0  startup_stm32f10x_md.o(.text)
    TIM1_UP_IRQHandler                       0x0800011b   Thumb Code     0  startup_stm32f10x_md.o(.text)
    TIM2_IRQHandler                          0x0800011b   Thumb Code     0  startup_stm32f10x_md.o(.text)
    TIM3_IRQHandler                          0x0800011b   Thumb Code     0  startup_stm32f10x_md.o(.text)
    TIM4_IRQHandler                          0x0800011b   Thumb Code     0  startup_stm32f10x_md.o(.text)
    USART2_IRQHandler                        0x0800011b   Thumb Code     0  startup_stm32f10x_md.o(.text)
    USART3_IRQHandler                        0x0800011b   Thumb Code     0  startup_stm32f10x_md.o(.text)
    USBWakeUp_IRQHandler                     0x0800011b   Thumb Code     0  startup_stm32f10x_md.o(.text)
    USB_HP_CAN1_TX_IRQHandler                0x0800011b   Thumb Code     0  startup_stm32f10x_md.o(.text)
    USB_LP_CAN1_RX0_IRQHandler               0x0800011b   Thumb Code     0  startup_stm32f10x_md.o(.text)
    WWDG_IRQHandler                          0x0800011b   Thumb Code     0  startup_stm32f10x_md.o(.text)
    __scatterload                            0x08000125   Thumb Code    28  init.o(.text)
    __scatterload_rt2                        0x08000125   Thumb Code     0  init.o(.text)
    BusFault_Handler                         0x08000149   Thumb Code     4  stm32f10x_it.o(i.BusFault_Handler)
    CH376ByteLocate                          0x0800014d   Thumb Code    52  file_sys.o(i.CH376ByteLocate)
    CH376ByteRead                            0x08000185   Thumb Code    96  file_sys.o(i.CH376ByteRead)
    CH376ByteWrite                           0x080001e9   Thumb Code    96  file_sys.o(i.CH376ByteWrite)
    CH376FileClose                           0x0800024d   Thumb Code    44  file_sys.o(i.CH376FileClose)
    CH376FileCreate                          0x08000279   Thumb Code    50  file_sys.o(i.CH376FileCreate)
    CH376FileOpen                            0x080002ab   Thumb Code    38  file_sys.o(i.CH376FileOpen)
    CH376GetFileSize                         0x080002d1   Thumb Code    10  file_sys.o(i.CH376GetFileSize)
    CH376Read32bitDat                        0x080002dd   Thumb Code    52  file_sys.o(i.CH376Read32bitDat)
    CH376ReadBlock                           0x08000315   Thumb Code    50  file_sys.o(i.CH376ReadBlock)
    CH376ReadVar32                           0x0800034d   Thumb Code    22  file_sys.o(i.CH376ReadVar32)
    CH376ReadVar8                            0x08000365   Thumb Code    34  file_sys.o(i.CH376ReadVar8)
    CH376SendCmdDatWaitInt                   0x0800038d   Thumb Code    38  file_sys.o(i.CH376SendCmdDatWaitInt)
    CH376SendCmdWaitInt                      0x080003b9   Thumb Code    30  file_sys.o(i.CH376SendCmdWaitInt)
    CH376SetFileName                         0x080003dd   Thumb Code   180  file_sys.o(i.CH376SetFileName)
    CH376WriteReqBlock                       0x08000495   Thumb Code    50  file_sys.o(i.CH376WriteReqBlock)
    CH376WriteVar32                          0x080004cd   Thumb Code    56  file_sys.o(i.CH376WriteVar32)
    CH376_DISK_CONNECT                       0x08000509   Thumb Code    26  ch376.o(i.CH376_DISK_CONNECT)
    CH376_DISK_MOUNT                         0x08000529   Thumb Code    26  ch376.o(i.CH376_DISK_MOUNT)
    CH376_HOST_INIT                          0x08000549   Thumb Code    96  ch376.o(i.CH376_HOST_INIT)
    CH376_RD_DAT_PORT                        0x080005b1   Thumb Code    10  ch376.o(i.CH376_RD_DAT_PORT)
    CH376_ReadWriteByte                      0x080005bd   Thumb Code    62  ch376.o(i.CH376_ReadWriteByte)
    CH376_SPI_Init                           0x08000601   Thumb Code   174  ch376.o(i.CH376_SPI_Init)
    CH376_WR_CMD_PORT                        0x080006b9   Thumb Code    40  ch376.o(i.CH376_WR_CMD_PORT)
    CH376_WR_DAT_PORT                        0x080006e5   Thumb Code    12  ch376.o(i.CH376_WR_DAT_PORT)
    DMA1_Channel4_IRQHandler                 0x080006f1   Thumb Code    22  stm32f10x_it.o(i.DMA1_Channel4_IRQHandler)
    DMA_ClearITPendingBit                    0x08000709   Thumb Code    18  stm32f10x_dma.o(i.DMA_ClearITPendingBit)
    DMA_Cmd                                  0x08000725   Thumb Code    24  stm32f10x_dma.o(i.DMA_Cmd)
    DMA_DeInit                               0x0800073d   Thumb Code   324  stm32f10x_dma.o(i.DMA_DeInit)
    DMA_GetITStatus                          0x08000889   Thumb Code    34  stm32f10x_dma.o(i.DMA_GetITStatus)
    DMA_ITConfig                             0x080008b5   Thumb Code    18  stm32f10x_dma.o(i.DMA_ITConfig)
    DMA_Init                                 0x080008c7   Thumb Code    60  stm32f10x_dma.o(i.DMA_Init)
    DMA_SetCurrDataCounter                   0x08000903   Thumb Code     4  stm32f10x_dma.o(i.DMA_SetCurrDataCounter)
    DebugMon_Handler                         0x08000907   Thumb Code     2  stm32f10x_it.o(i.DebugMon_Handler)
    EE_Init                                  0x0800099d   Thumb Code   486  eeprom.o(i.EE_Init)
    EE_ReadVariable                          0x08000c89   Thumb Code    92  eeprom.o(i.EE_ReadVariable)
    EE_WriteVariable                         0x08000d5d   Thumb Code    36  eeprom.o(i.EE_WriteVariable)
    FLASH_ErasePage                          0x08000d81   Thumb Code    72  stm32f10x_flash.o(i.FLASH_ErasePage)
    FLASH_GetBank1Status                     0x08000dcd   Thumb Code    50  stm32f10x_flash.o(i.FLASH_GetBank1Status)
    FLASH_ProgramHalfWord                    0x08000e05   Thumb Code    60  stm32f10x_flash.o(i.FLASH_ProgramHalfWord)
    FLASH_Unlock                             0x08000e45   Thumb Code    12  stm32f10x_flash.o(i.FLASH_Unlock)
    FLASH_WaitForLastOperation               0x08000e5d   Thumb Code    38  stm32f10x_flash.o(i.FLASH_WaitForLastOperation)
    Flash_Config                             0x08000e83   Thumb Code    12  flash_eep.o(i.Flash_Config)
    GPIO_Init                                0x08000e8f   Thumb Code   274  stm32f10x_gpio.o(i.GPIO_Init)
    GPIO_ReadInputDataBit                    0x08000fa1   Thumb Code    18  stm32f10x_gpio.o(i.GPIO_ReadInputDataBit)
    GPIO_ResetBits                           0x08000fb3   Thumb Code     4  stm32f10x_gpio.o(i.GPIO_ResetBits)
    GPIO_SetBits                             0x08000fb7   Thumb Code     4  stm32f10x_gpio.o(i.GPIO_SetBits)
    HardFault_Handler                        0x08000fbb   Thumb Code     4  stm32f10x_it.o(i.HardFault_Handler)
    MemManage_Handler                        0x08000fbf   Thumb Code     4  stm32f10x_it.o(i.MemManage_Handler)
    NMI_Handler                              0x08000fc3   Thumb Code     2  stm32f10x_it.o(i.NMI_Handler)
    NVIC_Init                                0x08000fc5   Thumb Code   102  misc.o(i.NVIC_Init)
    NVIC_PriorityGroupConfig                 0x08001039   Thumb Code    10  misc.o(i.NVIC_PriorityGroupConfig)
    PendSV_Handler                           0x0800104d   Thumb Code     2  stm32f10x_it.o(i.PendSV_Handler)
    RCC_AHBPeriphClockCmd                    0x08001051   Thumb Code    26  stm32f10x_rcc.o(i.RCC_AHBPeriphClockCmd)
    RCC_APB2PeriphClockCmd                   0x08001071   Thumb Code    26  stm32f10x_rcc.o(i.RCC_APB2PeriphClockCmd)
    RCC_GetClocksFreq                        0x08001091   Thumb Code   192  stm32f10x_rcc.o(i.RCC_GetClocksFreq)
    SPI_Cmd                                  0x08001165   Thumb Code    24  stm32f10x_spi.o(i.SPI_Cmd)
    SPI_I2S_GetFlagStatus                    0x0800117d   Thumb Code    18  stm32f10x_spi.o(i.SPI_I2S_GetFlagStatus)
    SPI_I2S_ReceiveData                      0x0800118f   Thumb Code     6  stm32f10x_spi.o(i.SPI_I2S_ReceiveData)
    SPI_I2S_SendData                         0x08001195   Thumb Code     4  stm32f10x_spi.o(i.SPI_I2S_SendData)
    SPI_Init                                 0x08001199   Thumb Code    60  stm32f10x_spi.o(i.SPI_Init)
    SVC_Handler                              0x080011d5   Thumb Code     2  stm32f10x_it.o(i.SVC_Handler)
    SysTick_Handler                          0x080012a9   Thumb Code   140  stm32f10x_it.o(i.SysTick_Handler)
    SystemInit                               0x08001355   Thumb Code    78  system_stm32f10x.o(i.SystemInit)
    USART1_IRQHandler                        0x080013b5   Thumb Code    32  stm32f10x_it.o(i.USART1_IRQHandler)
    USART_Cmd                                0x080013d9   Thumb Code    24  stm32f10x_usart.o(i.USART_Cmd)
    USART_DMACmd                             0x080013f1   Thumb Code    24  stm32f10x_usart.o(i.USART_DMACmd)
    USART_GetITStatus                        0x08001409   Thumb Code    84  stm32f10x_usart.o(i.USART_GetITStatus)
    USART_ITConfig                           0x0800145d   Thumb Code    74  stm32f10x_usart.o(i.USART_ITConfig)
    USART_Init                               0x080014a9   Thumb Code   210  stm32f10x_usart.o(i.USART_Init)
    USART_ReceiveData                        0x08001581   Thumb Code    10  stm32f10x_usart.o(i.USART_ReceiveData)
    UsageFault_Handler                       0x0800158b   Thumb Code     4  stm32f10x_it.o(i.UsageFault_Handler)
    Wait376Interrupt                         0x0800158f   Thumb Code     8  file_sys.o(i.Wait376Interrupt)
    __scatterload_copy                       0x08001597   Thumb Code    14  handlers.o(i.__scatterload_copy)
    __scatterload_null                       0x080015a5   Thumb Code     2  handlers.o(i.__scatterload_null)
    __scatterload_zeroinit                   0x080015a7   Thumb Code    14  handlers.o(i.__scatterload_zeroinit)
    ds2431_init                              0x080015b5   Thumb Code    50  ds2431.o(i.ds2431_init)
    ds2431_read                              0x080015ed   Thumb Code    54  ds2431.o(i.ds2431_read)
    eep_init                                 0x08001625   Thumb Code    84  flash_eep.o(i.eep_init)
    eep_read16                               0x08001685   Thumb Code    26  flash_eep.o(i.eep_read16)
    eep_read32                               0x0800169f   Thumb Code    52  flash_eep.o(i.eep_read32)
    eep_write16                              0x080016d3   Thumb Code    20  flash_eep.o(i.eep_write16)
    eep_write32                              0x080016e7   Thumb Code    34  flash_eep.o(i.eep_write32)
    file_read                                0x08001709   Thumb Code   658  key.o(i.file_read)
    file_write                               0x080019b9   Thumb Code   130  key.o(i.file_write)
    key_done                                 0x08001a4d   Thumb Code   468  key.o(i.key_done)
    key_init                                 0x08001c5d   Thumb Code    34  key.o(i.key_init)
    key_scan                                 0x08001c85   Thumb Code   128  key.o(i.key_scan)
    led_handle                               0x08001d21   Thumb Code   158  tm1640.o(i.led_handle)
    led_init                                 0x08001dcd   Thumb Code    54  tm1640.o(i.led_init)
    main                                     0x08001e09   Thumb Code   122  main.o(i.main)
    mdelay                                   0x08001e95   Thumb Code    26  tm1640.o(i.mdelay)
    ow_rst                                   0x08001eb1   Thumb Code   192  ds2431.o(i.ow_rst)
    read_dat                                 0x08001f75   Thumb Code   188  ds2431.o(i.read_dat)
    read_mem                                 0x08002035   Thumb Code    72  ds2431.o(i.read_mem)
    read_rom                                 0x08002081   Thumb Code    64  ds2431.o(i.read_rom)
    rom_check                                0x080020c5   Thumb Code   126  key.o(i.rom_check)
    seg_handle                               0x08002151   Thumb Code   482  tm1640.o(i.seg_handle)
    seg_init                                 0x0800234d   Thumb Code     8  tm1640.o(i.seg_init)
    send_cmd                                 0x08002355   Thumb Code   142  ds2431.o(i.send_cmd)
    stm8_init                                0x080023e9   Thumb Code   292  stm8.o(i.stm8_init)
    stm8_write                               0x0800251d   Thumb Code   144  stm8.o(i.stm8_write)
    sum_add                                  0x080025c1   Thumb Code    62  stm8.o(i.sum_add)
    systick_init                             0x08002609   Thumb Code    92  main.o(i.systick_init)
    tm1640_init                              0x08002671   Thumb Code    42  tm1640.o(i.tm1640_init)
    tm1640_start                             0x080026a1   Thumb Code    72  tm1640.o(i.tm1640_start)
    tm1640_stop                              0x080026ed   Thumb Code    74  tm1640.o(i.tm1640_stop)
    tm1640_write_byte                        0x0800273d   Thumb Code   100  tm1640.o(i.tm1640_write_byte)
    uart_clear                               0x080027a5   Thumb Code    60  stm8.o(i.uart_clear)
    uart_rec_decode                          0x080027f1   Thumb Code   194  stm8.o(i.uart_rec_decode)
    udelay                                   0x080028d5   Thumb Code    24  tm1640.o(i.udelay)
    usb_buf_in                               0x080028ed   Thumb Code   680  key.o(i.usb_buf_in)
    usb_check_handle                         0x08002ba1   Thumb Code   162  ch376.o(i.usb_check_handle)
    usb_nc_handle                            0x08002c5d   Thumb Code    30  ch376.o(i.usb_nc_handle)
    wait_interrupt                           0x08002c81   Thumb Code    28  ch376.o(i.wait_interrupt)
    write_cmd                                0x08002ca1   Thumb Code    20  tm1640.o(i.write_cmd)
    write_dat                                0x08002cb5   Thumb Code    40  tm1640.o(i.write_dat)
    Region$$Table$$Base                      0x08002cdc   Number         0  anon$$obj.o(Region$$Table)
    Region$$Table$$Limit                     0x08002cfc   Number         0  anon$$obj.o(Region$$Table)
    VirtAddVarTab                            0x20000000   Data           8  main.o(.data)
    ds2431_num                               0x20000008   Data           2  main.o(.data)
    stm8_num                                 0x2000000a   Data           2  main.o(.data)
    seg_dat                                  0x2000000c   Data          28  main.o(.data)
    seg_buf                                  0x20000028   Data          16  main.o(.data)
    rom_buf                                  0x20000038   Data           8  main.o(.data)
    rom_save_num                             0x20000040   Data           1  main.o(.data)
    led_flag                                 0x20000041   Data           1  main.o(.data)
    led_delay_num                            0x20000042   Data           2  main.o(.data)
    key1_num                                 0x20000044   Data           2  main.o(.data)
    key2_num                                 0x20000046   Data           2  main.o(.data)
    key3_num                                 0x20000048   Data           2  main.o(.data)
    key1_flag                                0x2000004a   Data           1  main.o(.data)
    key2_flag                                0x2000004b   Data           1  main.o(.data)
    key3_flag                                0x2000004c   Data           1  main.o(.data)
    usb_state                                0x2000004d   Data           1  main.o(.data)
    err_state                                0x2000004e   Data           1  main.o(.data)
    send_buf_num                             0x2000004f   Data           1  main.o(.data)
    rec_buf_num                              0x20000050   Data           1  main.o(.data)
    send_buf_flag                            0x20000051   Data           1  main.o(.data)
    send_buf_delay                           0x20000052   Data           2  main.o(.data)
    clear_flag                               0x20000054   Data           1  main.o(.data)
    clear_num                                0x20000056   Data           2  main.o(.data)
    time_1ms_flag                            0x20000058   Data           1  main.o(.data)
    time_10ms_flag                           0x20000059   Data           1  main.o(.data)
    time_100ms_flag                          0x2000005a   Data           1  main.o(.data)
    time_1000ms_flag                         0x2000005b   Data           1  main.o(.data)
    pDir                                     0x2000005c   Data           4  main.o(.data)
    version                                  0x20000060   Data           1  main.o(.data)
    res                                      0x20000061   Data           1  main.o(.data)
    i                                        0x20000062   Data           1  main.o(.data)
    SystemCoreClock                          0x20000068   Data           4  system_stm32f10x.o(.data)
    AHBPrescTable                            0x2000006c   Data          16  system_stm32f10x.o(.data)
    DataVar                                  0x2000007c   Data           2  eeprom.o(.data)
    mem_buf                                  0x20000094   Data         133  main.o(.bss)
    usb_buf                                  0x20000119   Data         500  main.o(.bss)
    rom_save                                 0x2000030d   Data        1600  main.o(.bss)
    send_buf                                 0x2000094d   Data         100  main.o(.bss)
    rec_buf                                  0x200009b1   Data          50  main.o(.bss)
    buf_read                                 0x200009e3   Data        1024  main.o(.bss)
    buf                                      0x20000de3   Data          64  main.o(.bss)
    __initial_sp                             0x20001228   Data           0  startup_stm32f10x_md.o(STACK)



==============================================================================

Memory Map of the image

  Image Entry point : 0x080000ed

  Load Region LR_IROM1 (Base: 0x08000000, Size: 0x00002d90, Max: 0x00010000, ABSOLUTE)

    Execution Region ER_IROM1 (Base: 0x08000000, Size: 0x00002cfc, Max: 0x00010000, ABSOLUTE)

    Base Addr    Size         Type   Attr      Idx    E Section Name        Object

    0x08000000   0x000000ec   Data   RO            3    RESET               startup_stm32f10x_md.o
    0x080000ec   0x00000000   Code   RO         1885  * .ARM.Collect$$$$00000000  mc_w.l(entry.o)
    0x080000ec   0x00000004   Code   RO         1888    .ARM.Collect$$$$00000001  mc_w.l(entry2.o)
    0x080000f0   0x00000004   Code   RO         1891    .ARM.Collect$$$$00000004  mc_w.l(entry5.o)
    0x080000f4   0x00000000   Code   RO         1893    .ARM.Collect$$$$00000008  mc_w.l(entry7b.o)
    0x080000f4   0x00000008   Code   RO         1894    .ARM.Collect$$$$00000009  mc_w.l(entry8.o)
    0x080000fc   0x00000004   Code   RO         1889    .ARM.Collect$$$$00002712  mc_w.l(entry2.o)
    0x08000100   0x00000024   Code   RO            4    .text               startup_stm32f10x_md.o
    0x08000124   0x00000024   Code   RO         1895    .text               mc_w.l(init.o)
    0x08000148   0x00000004   Code   RO          205    i.BusFault_Handler  stm32f10x_it.o
    0x0800014c   0x00000038   Code   RO          395    i.CH376ByteLocate   file_sys.o
    0x08000184   0x00000064   Code   RO          396    i.CH376ByteRead     file_sys.o
    0x080001e8   0x00000064   Code   RO          397    i.CH376ByteWrite    file_sys.o
    0x0800024c   0x0000002c   Code   RO          407    i.CH376FileClose    file_sys.o
    0x08000278   0x00000032   Code   RO          408    i.CH376FileCreate   file_sys.o
    0x080002aa   0x00000026   Code   RO          411    i.CH376FileOpen     file_sys.o
    0x080002d0   0x0000000a   Code   RO          415    i.CH376GetFileSize  file_sys.o
    0x080002da   0x00000002   PAD
    0x080002dc   0x00000038   Code   RO          417    i.CH376Read32bitDat  file_sys.o
    0x08000314   0x00000038   Code   RO          418    i.CH376ReadBlock    file_sys.o
    0x0800034c   0x00000016   Code   RO          419    i.CH376ReadVar32    file_sys.o
    0x08000362   0x00000002   PAD
    0x08000364   0x00000028   Code   RO          420    i.CH376ReadVar8     file_sys.o
    0x0800038c   0x0000002c   Code   RO          422    i.CH376SendCmdDatWaitInt  file_sys.o
    0x080003b8   0x00000024   Code   RO          423    i.CH376SendCmdWaitInt  file_sys.o
    0x080003dc   0x000000b8   Code   RO          425    i.CH376SetFileName  file_sys.o
    0x08000494   0x00000038   Code   RO          428    i.CH376WriteReqBlock  file_sys.o
    0x080004cc   0x0000003c   Code   RO          429    i.CH376WriteVar32   file_sys.o
    0x08000508   0x00000020   Code   RO          316    i.CH376_DISK_CONNECT  ch376.o
    0x08000528   0x00000020   Code   RO          317    i.CH376_DISK_MOUNT  ch376.o
    0x08000548   0x00000068   Code   RO          318    i.CH376_HOST_INIT   ch376.o
    0x080005b0   0x0000000a   Code   RO          319    i.CH376_RD_DAT_PORT  ch376.o
    0x080005ba   0x00000002   PAD
    0x080005bc   0x00000044   Code   RO          320    i.CH376_ReadWriteByte  ch376.o
    0x08000600   0x000000b8   Code   RO          321    i.CH376_SPI_Init    ch376.o
    0x080006b8   0x0000002c   Code   RO          322    i.CH376_WR_CMD_PORT  ch376.o
    0x080006e4   0x0000000c   Code   RO          323    i.CH376_WR_DAT_PORT  ch376.o
    0x080006f0   0x00000016   Code   RO          206    i.DMA1_Channel4_IRQHandler  stm32f10x_it.o
    0x08000706   0x00000002   PAD
    0x08000708   0x0000001c   Code   RO         1002    i.DMA_ClearITPendingBit  STM32103.lib(stm32f10x_dma.o)
    0x08000724   0x00000018   Code   RO         1003    i.DMA_Cmd           STM32103.lib(stm32f10x_dma.o)
    0x0800073c   0x0000014c   Code   RO         1004    i.DMA_DeInit        STM32103.lib(stm32f10x_dma.o)
    0x08000888   0x0000002c   Code   RO         1007    i.DMA_GetITStatus   STM32103.lib(stm32f10x_dma.o)
    0x080008b4   0x00000012   Code   RO         1008    i.DMA_ITConfig      STM32103.lib(stm32f10x_dma.o)
    0x080008c6   0x0000003c   Code   RO         1009    i.DMA_Init          STM32103.lib(stm32f10x_dma.o)
    0x08000902   0x00000004   Code   RO         1010    i.DMA_SetCurrDataCounter  STM32103.lib(stm32f10x_dma.o)
    0x08000906   0x00000002   Code   RO          207    i.DebugMon_Handler  stm32f10x_it.o
    0x08000908   0x00000058   Code   RO          751    i.EE_FindValidPage  eeprom.o
    0x08000960   0x0000003c   Code   RO          752    i.EE_Format         eeprom.o
    0x0800099c   0x000001f8   Code   RO          753    i.EE_Init           eeprom.o
    0x08000b94   0x000000f4   Code   RO          754    i.EE_PageTransfer   eeprom.o
    0x08000c88   0x00000064   Code   RO          755    i.EE_ReadVariable   eeprom.o
    0x08000cec   0x00000070   Code   RO          756    i.EE_VerifyPageFullWriteVariable  eeprom.o
    0x08000d5c   0x00000024   Code   RO          757    i.EE_WriteVariable  eeprom.o
    0x08000d80   0x0000004c   Code   RO         1078    i.FLASH_ErasePage   STM32103.lib(stm32f10x_flash.o)
    0x08000dcc   0x00000038   Code   RO         1079    i.FLASH_GetBank1Status  STM32103.lib(stm32f10x_flash.o)
    0x08000e04   0x00000040   Code   RO         1091    i.FLASH_ProgramHalfWord  STM32103.lib(stm32f10x_flash.o)
    0x08000e44   0x00000018   Code   RO         1096    i.FLASH_Unlock      STM32103.lib(stm32f10x_flash.o)
    0x08000e5c   0x00000026   Code   RO         1100    i.FLASH_WaitForLastOperation  STM32103.lib(stm32f10x_flash.o)
    0x08000e82   0x0000000c   Code   RO          799    i.Flash_Config      flash_eep.o
    0x08000e8e   0x00000112   Code   RO         1253    i.GPIO_Init         STM32103.lib(stm32f10x_gpio.o)
    0x08000fa0   0x00000012   Code   RO         1257    i.GPIO_ReadInputDataBit  STM32103.lib(stm32f10x_gpio.o)
    0x08000fb2   0x00000004   Code   RO         1260    i.GPIO_ResetBits    STM32103.lib(stm32f10x_gpio.o)
    0x08000fb6   0x00000004   Code   RO         1261    i.GPIO_SetBits      STM32103.lib(stm32f10x_gpio.o)
    0x08000fba   0x00000004   Code   RO          208    i.HardFault_Handler  stm32f10x_it.o
    0x08000fbe   0x00000004   Code   RO          209    i.MemManage_Handler  stm32f10x_it.o
    0x08000fc2   0x00000002   Code   RO          210    i.NMI_Handler       stm32f10x_it.o
    0x08000fc4   0x00000074   Code   RO          889    i.NVIC_Init         STM32103.lib(misc.o)
    0x08001038   0x00000014   Code   RO          890    i.NVIC_PriorityGroupConfig  STM32103.lib(misc.o)
    0x0800104c   0x00000002   Code   RO          211    i.PendSV_Handler    stm32f10x_it.o
    0x0800104e   0x00000002   PAD
    0x08001050   0x00000020   Code   RO         1362    i.RCC_AHBPeriphClockCmd  STM32103.lib(stm32f10x_rcc.o)
    0x08001070   0x00000020   Code   RO         1365    i.RCC_APB2PeriphClockCmd  STM32103.lib(stm32f10x_rcc.o)
    0x08001090   0x000000d4   Code   RO         1373    i.RCC_GetClocksFreq  STM32103.lib(stm32f10x_rcc.o)
    0x08001164   0x00000018   Code   RO         1566    i.SPI_Cmd           STM32103.lib(stm32f10x_spi.o)
    0x0800117c   0x00000012   Code   RO         1574    i.SPI_I2S_GetFlagStatus  STM32103.lib(stm32f10x_spi.o)
    0x0800118e   0x00000006   Code   RO         1577    i.SPI_I2S_ReceiveData  STM32103.lib(stm32f10x_spi.o)
    0x08001194   0x00000004   Code   RO         1578    i.SPI_I2S_SendData  STM32103.lib(stm32f10x_spi.o)
    0x08001198   0x0000003c   Code   RO         1579    i.SPI_Init          STM32103.lib(stm32f10x_spi.o)
    0x080011d4   0x00000002   Code   RO          212    i.SVC_Handler       stm32f10x_it.o
    0x080011d6   0x00000008   Code   RO          282    i.SetSysClock       system_stm32f10x.o
    0x080011de   0x00000002   PAD
    0x080011e0   0x000000c8   Code   RO          283    i.SetSysClockTo72   system_stm32f10x.o
    0x080012a8   0x000000ac   Code   RO          213    i.SysTick_Handler   stm32f10x_it.o
    0x08001354   0x00000060   Code   RO          285    i.SystemInit        system_stm32f10x.o
    0x080013b4   0x00000024   Code   RO          214    i.USART1_IRQHandler  stm32f10x_it.o
    0x080013d8   0x00000018   Code   RO         1709    i.USART_Cmd         STM32103.lib(stm32f10x_usart.o)
    0x080013f0   0x00000018   Code   RO         1710    i.USART_DMACmd      STM32103.lib(stm32f10x_usart.o)
    0x08001408   0x00000054   Code   RO         1713    i.USART_GetITStatus  STM32103.lib(stm32f10x_usart.o)
    0x0800145c   0x0000004a   Code   RO         1715    i.USART_ITConfig    STM32103.lib(stm32f10x_usart.o)
    0x080014a6   0x00000002   PAD
    0x080014a8   0x000000d8   Code   RO         1716    i.USART_Init        STM32103.lib(stm32f10x_usart.o)
    0x08001580   0x0000000a   Code   RO         1723    i.USART_ReceiveData  STM32103.lib(stm32f10x_usart.o)
    0x0800158a   0x00000004   Code   RO          215    i.UsageFault_Handler  stm32f10x_it.o
    0x0800158e   0x00000008   Code   RO          431    i.Wait376Interrupt  file_sys.o
    0x08001596   0x0000000e   Code   RO         1899    i.__scatterload_copy  mc_w.l(handlers.o)
    0x080015a4   0x00000002   Code   RO         1900    i.__scatterload_null  mc_w.l(handlers.o)
    0x080015a6   0x0000000e   Code   RO         1901    i.__scatterload_zeroinit  mc_w.l(handlers.o)
    0x080015b4   0x00000038   Code   RO          702    i.ds2431_init       ds2431.o
    0x080015ec   0x00000036   Code   RO          703    i.ds2431_read       ds2431.o
    0x08001622   0x00000002   PAD
    0x08001624   0x00000060   Code   RO          800    i.eep_init          flash_eep.o
    0x08001684   0x0000001a   Code   RO          801    i.eep_read16        flash_eep.o
    0x0800169e   0x00000034   Code   RO          802    i.eep_read32        flash_eep.o
    0x080016d2   0x00000014   Code   RO          803    i.eep_write16       flash_eep.o
    0x080016e6   0x00000022   Code   RO          804    i.eep_write32       flash_eep.o
    0x08001708   0x000002b0   Code   RO           10    i.file_read         key.o
    0x080019b8   0x00000094   Code   RO           11    i.file_write        key.o
    0x08001a4c   0x00000210   Code   RO           12    i.key_done          key.o
    0x08001c5c   0x00000028   Code   RO           13    i.key_init          key.o
    0x08001c84   0x0000009c   Code   RO           14    i.key_scan          key.o
    0x08001d20   0x000000ac   Code   RO          623    i.led_handle        tm1640.o
    0x08001dcc   0x0000003c   Code   RO          624    i.led_init          tm1640.o
    0x08001e08   0x0000008c   Code   RO          170    i.main              main.o
    0x08001e94   0x0000001a   Code   RO          625    i.mdelay            tm1640.o
    0x08001eae   0x00000002   PAD
    0x08001eb0   0x000000c4   Code   RO          704    i.ow_rst            ds2431.o
    0x08001f74   0x000000c0   Code   RO          705    i.read_dat          ds2431.o
    0x08002034   0x0000004c   Code   RO          706    i.read_mem          ds2431.o
    0x08002080   0x00000044   Code   RO          707    i.read_rom          ds2431.o
    0x080020c4   0x0000008c   Code   RO           15    i.rom_check         key.o
    0x08002150   0x000001fc   Code   RO          626    i.seg_handle        tm1640.o
    0x0800234c   0x00000008   Code   RO          627    i.seg_init          tm1640.o
    0x08002354   0x00000094   Code   RO          708    i.send_cmd          ds2431.o
    0x080023e8   0x00000134   Code   RO          842    i.stm8_init         stm8.o
    0x0800251c   0x000000a4   Code   RO          843    i.stm8_write        stm8.o
    0x080025c0   0x00000048   Code   RO          844    i.sum_add           stm8.o
    0x08002608   0x00000068   Code   RO          171    i.systick_init      main.o
    0x08002670   0x00000030   Code   RO          628    i.tm1640_init       tm1640.o
    0x080026a0   0x0000004c   Code   RO          629    i.tm1640_start      tm1640.o
    0x080026ec   0x00000050   Code   RO          630    i.tm1640_stop       tm1640.o
    0x0800273c   0x00000068   Code   RO          631    i.tm1640_write_byte  tm1640.o
    0x080027a4   0x0000004c   Code   RO          845    i.uart_clear        stm8.o
    0x080027f0   0x000000e4   Code   RO          846    i.uart_rec_decode   stm8.o
    0x080028d4   0x00000018   Code   RO          632    i.udelay            tm1640.o
    0x080028ec   0x000002b4   Code   RO           16    i.usb_buf_in        key.o
    0x08002ba0   0x000000bc   Code   RO          325    i.usb_check_handle  ch376.o
    0x08002c5c   0x00000024   Code   RO          326    i.usb_nc_handle     ch376.o
    0x08002c80   0x00000020   Code   RO          327    i.wait_interrupt    ch376.o
    0x08002ca0   0x00000014   Code   RO          633    i.write_cmd         tm1640.o
    0x08002cb4   0x00000028   Code   RO          634    i.write_dat         tm1640.o
    0x08002cdc   0x00000020   Data   RO         1897    Region$$Table       anon$$obj.o


    Execution Region RW_IRAM1 (Base: 0x20000000, Size: 0x00001228, Max: 0x00005000, ABSOLUTE)

    Base Addr    Size         Type   Attr      Idx    E Section Name        Object

    0x20000000   0x00000063   Data   RW          173    .data               main.o
    0x20000063   0x00000001   PAD
    0x20000064   0x00000004   Data   RW          216    .data               stm32f10x_it.o
    0x20000068   0x00000014   Data   RW          286    .data               system_stm32f10x.o
    0x2000007c   0x00000002   Data   RW          758    .data               eeprom.o
    0x2000007e   0x00000014   Data   RW         1393    .data               STM32103.lib(stm32f10x_rcc.o)
    0x20000092   0x00000002   PAD
    0x20000094   0x00000d8f   Zero   RW          172    .bss                main.o
    0x20000e23   0x00000005   PAD
    0x20000e28   0x00000400   Zero   RW            1    STACK               startup_stm32f10x_md.o


==============================================================================

Image component sizes


      Code (inc. data)   RO Data    RW Data    ZI Data      Debug   Object Name

       742         76          0          0          0       5061   ch376.o
       790         28          0          0          0       4131   ds2431.o
      1144         84          0          2          0       5693   eeprom.o
       960         54          0          0          0       8507   file_sys.o
       240         12          0          0          0       2656   flash_eep.o
      2392        168          0          0          0     260783   key.o
       244         30          0         99       3471      18121   main.o
        36          8        236          0       1024        852   startup_stm32f10x_md.o
       254         36          0          4          0       4093   stm32f10x_it.o
       848         96          0          0          0       2526   stm8.o
       304         26          0         20          0       1805   system_stm32f10x.o
      1166         66          0          0          0       5598   tm1640.o

    ----------------------------------------------------------------------
      9136        684        268        126       4500     319826   Object Totals
         0          0         32          0          0          0   (incl. Generated)
        16          0          0          1          5          0   (incl. Padding)

    ----------------------------------------------------------------------

      Code (inc. data)   RO Data    RW Data    ZI Data      Debug   Library Member Name

       136         24          0          0          0      49603   misc.o
       510         28          0          0          0       5576   stm32f10x_dma.o
       258         26          0          0          0       2881   stm32f10x_flash.o
       300          0          0          0          0       3588   stm32f10x_gpio.o
       276         32          0         20          0       4341   stm32f10x_rcc.o
       112          0          0          0          0       3754   stm32f10x_spi.o
       432          6          0          0          0       5509   stm32f10x_usart.o
         0          0          0          0          0          0   entry.o
         8          4          0          0          0          0   entry2.o
         4          0          0          0          0          0   entry5.o
         0          0          0          0          0          0   entry7b.o
         8          4          0          0          0          0   entry8.o
        30          0          0          0          0          0   handlers.o
        36          8          0          0          0         68   init.o

    ----------------------------------------------------------------------
      2112        132          0         22          0      75320   Library Totals
         2          0          0          2          0          0   (incl. Padding)

    ----------------------------------------------------------------------

      Code (inc. data)   RO Data    RW Data    ZI Data      Debug   Library Name

      2024        116          0         20          0      75252   STM32103.lib
        86         16          0          0          0         68   mc_w.l

    ----------------------------------------------------------------------
      2112        132          0         22          0      75320   Library Totals

    ----------------------------------------------------------------------

==============================================================================


      Code (inc. data)   RO Data    RW Data    ZI Data      Debug   

     11248        816        268        148       4500     389062   Grand Totals
     11248        816        268        148       4500     389062   ELF Image Totals
     11248        816        268        148          0          0   ROM Totals

==============================================================================

    Total RO  Size (Code + RO Data)                11516 (  11.25kB)
    Total RW  Size (RW Data + ZI Data)              4648 (   4.54kB)
    Total ROM Size (Code + RO Data + RW Data)      11664 (  11.39kB)

==============================================================================

