<html>
<body>
<pre>
<h1>µVision Build Log</h1>
<h2>Project:</h2>
F:\ds2431_isp\MDK-ARM\Project.uvproj
Project File Date:  01/17/2013

<h2>Output:</h2>
Build target 'isp'
assembling startup_stm32f10x_md.s...
compiling key.c...
compiling main.c...
compiling stm32f10x_it.c...
compiling system_stm32f10x.c...
compiling CH376.c...
compiling FILE_SYS.C...
compiling tm1640.c...
compiling ds2431.c...
compiling eeprom.c...
compiling flash_eep.c...
compiling stm8.c...
compiling core_cm3.c...
linking...
Program Size: Code=11248 RO-data=268 RW-data=148 ZI-data=4500  
FromELF: creating hex file...
".\STM3210C-EVAL\STM32103.axf" - 0 Error(s), 0 Warning(s).
