ARM Linker, 4.1 [Build 894] [Standard][RL-ARM]

==============================================================================

Section Cross References

    startup_stm32f10x_md.o(RESET) refers to startup_stm32f10x_md.o(STACK) for __initial_sp
    startup_stm32f10x_md.o(RESET) refers to startup_stm32f10x_md.o(.text) for Reset_Handler
    startup_stm32f10x_md.o(RESET) refers to stm32f10x_it.o(i.NMI_Handler) for NMI_Handler
    startup_stm32f10x_md.o(RESET) refers to stm32f10x_it.o(i.HardFault_Handler) for HardFault_Handler
    startup_stm32f10x_md.o(RESET) refers to stm32f10x_it.o(i.MemManage_Handler) for MemManage_Handler
    startup_stm32f10x_md.o(RESET) refers to stm32f10x_it.o(i.BusFault_Handler) for BusFault_Handler
    startup_stm32f10x_md.o(RESET) refers to stm32f10x_it.o(i.UsageFault_Handler) for UsageFault_Handler
    startup_stm32f10x_md.o(RESET) refers to stm32f10x_it.o(i.SVC_Handler) for SVC_Handler
    startup_stm32f10x_md.o(RESET) refers to stm32f10x_it.o(i.DebugMon_Handler) for DebugMon_Handler
    startup_stm32f10x_md.o(RESET) refers to stm32f10x_it.o(i.PendSV_Handler) for PendSV_Handler
    startup_stm32f10x_md.o(RESET) refers to stm32f10x_it.o(i.SysTick_Handler) for SysTick_Handler
    startup_stm32f10x_md.o(.text) refers to system_stm32f10x.o(i.SystemInit) for SystemInit
    startup_stm32f10x_md.o(.text) refers to entry.o(.ARM.Collect$$$$00000000) for __main
    system_stm32f10x.o(i.SetSysClock) refers to system_stm32f10x.o(i.SetSysClockTo72) for SetSysClockTo72
    system_stm32f10x.o(i.SystemCoreClockUpdate) refers to system_stm32f10x.o(.data) for SystemCoreClock
    system_stm32f10x.o(i.SystemInit) refers to system_stm32f10x.o(i.SetSysClock) for SetSysClock
    stm32f10x_it.o(i.SysTick_Handler) refers to tm1640.o(i.led_handle) for led_handle
    stm32f10x_it.o(i.SysTick_Handler) refers to stm32f10x_it.o(.data) for i
    stm32f10x_it.o(i.SysTick_Handler) refers to main.o(.data) for time_1ms_flag
    main.o(i.main) refers to main.o(i.systick_init) for systick_init
    main.o(i.main) refers to flash_eep.o(i.eep_init) for eep_init
    main.o(i.main) refers to key.o(i.key_init) for key_init
    main.o(i.main) refers to tm1640.o(i.tm1640_init) for tm1640_init
    main.o(i.main) refers to tm1640.o(i.led_init) for led_init
    main.o(i.main) refers to tm1640.o(i.mdelay) for mdelay
    main.o(i.main) refers to CH376.o(i.CH376_HOST_INIT) for CH376_HOST_INIT
    main.o(i.main) refers to ds2431.o(i.ds2431_init) for ds2431_init
    main.o(i.main) refers to key.o(i.key_scan) for key_scan
    main.o(i.main) refers to key.o(i.key_done) for key_done
    main.o(i.main) refers to tm1640.o(i.seg_handle) for seg_handle
    main.o(i.main) refers to CH376.o(i.usb_check_handle) for usb_check_handle
    main.o(i.main) refers to CH376.o(i.usb_nc_handle) for usb_nc_handle
    main.o(i.main) refers to main.o(.data) for time_1ms_flag
    main.o(i.systick_init) refers to system_stm32f10x.o(.data) for SystemCoreClock
    key.o(i.file_write) refers to FILE_SYS.o(i.CH376FileOpen) for CH376FileOpen
    key.o(i.file_write) refers to FILE_SYS.o(i.CH376FileCreate) for CH376FileCreate
    key.o(i.file_write) refers to tm1640.o(i.mdelay) for mdelay
    key.o(i.file_write) refers to FILE_SYS.o(i.CH376GetFileSize) for CH376GetFileSize
    key.o(i.file_write) refers to FILE_SYS.o(i.CH376ByteLocate) for CH376ByteLocate
    key.o(i.file_write) refers to key.o(i.usb_buf_in) for usb_buf_in
    key.o(i.file_write) refers to FILE_SYS.o(i.CH376ByteWrite) for CH376ByteWrite
    key.o(i.file_write) refers to FILE_SYS.o(i.CH376FileClose) for CH376FileClose
    key.o(i.file_write) refers to main.o(.bss) for usb_buf
    key.o(i.key_done) refers to ds2431.o(i.ds2431_read) for ds2431_read
    key.o(i.key_done) refers to key.o(i.rom_check) for rom_check
    key.o(i.key_done) refers to key.o(i.file_write) for file_write
    key.o(i.key_done) refers to flash_eep.o(i.eep_write16) for eep_write16
    key.o(i.key_done) refers to main.o(.data) for key1_flag
    key.o(i.key_done) refers to main.o(.bss) for rom_save
    key.o(i.key_init) refers to stm32f10x_rcc.o(i.RCC_APB2PeriphClockCmd) for RCC_APB2PeriphClockCmd
    key.o(i.key_init) refers to stm32f10x_gpio.o(i.GPIO_Init) for GPIO_Init
    key.o(i.key_scan) refers to main.o(.data) for key1_num
    key.o(i.rom_check) refers to main.o(.data) for rom_buf
    key.o(i.rom_check) refers to main.o(.bss) for rom_save
    key.o(i.usb_buf_in) refers to main.o(.bss) for usb_buf
    key.o(i.usb_buf_in) refers to main.o(.data) for rom_buf
    tm1640.o(i.led_handle) refers to main.o(.data) for led_flag
    tm1640.o(i.led_init) refers to stm32f10x_rcc.o(i.RCC_APB2PeriphClockCmd) for RCC_APB2PeriphClockCmd
    tm1640.o(i.led_init) refers to stm32f10x_gpio.o(i.GPIO_Init) for GPIO_Init
    tm1640.o(i.seg_handle) refers to tm1640.o(i.write_cmd) for write_cmd
    tm1640.o(i.seg_handle) refers to tm1640.o(i.write_dat) for write_dat
    tm1640.o(i.seg_handle) refers to main.o(.data) for err_state
    tm1640.o(i.seg_init) refers to tm1640.o(i.seg_handle) for seg_handle
    tm1640.o(i.tm1640_init) refers to stm32f10x_rcc.o(i.RCC_APB2PeriphClockCmd) for RCC_APB2PeriphClockCmd
    tm1640.o(i.tm1640_init) refers to stm32f10x_gpio.o(i.GPIO_Init) for GPIO_Init
    tm1640.o(i.tm1640_init) refers to tm1640.o(i.seg_init) for seg_init
    tm1640.o(i.tm1640_start) refers to tm1640.o(i.udelay) for udelay
    tm1640.o(i.tm1640_stop) refers to tm1640.o(i.udelay) for udelay
    tm1640.o(i.tm1640_write_byte) refers to tm1640.o(i.udelay) for udelay
    tm1640.o(i.write_cmd) refers to tm1640.o(i.tm1640_start) for tm1640_start
    tm1640.o(i.write_cmd) refers to tm1640.o(i.tm1640_write_byte) for tm1640_write_byte
    tm1640.o(i.write_cmd) refers to tm1640.o(i.tm1640_stop) for tm1640_stop
    tm1640.o(i.write_dat) refers to tm1640.o(i.tm1640_start) for tm1640_start
    tm1640.o(i.write_dat) refers to tm1640.o(i.tm1640_write_byte) for tm1640_write_byte
    tm1640.o(i.write_dat) refers to tm1640.o(i.tm1640_stop) for tm1640_stop
    CH376.o(i.CH376_DISK_CONNECT) refers to CH376.o(i.CH376_WR_CMD_PORT) for CH376_WR_CMD_PORT
    CH376.o(i.CH376_DISK_CONNECT) refers to CH376.o(i.wait_interrupt) for wait_interrupt
    CH376.o(i.CH376_DISK_CONNECT) refers to stm32f10x_gpio.o(i.GPIO_SetBits) for GPIO_SetBits
    CH376.o(i.CH376_DISK_MOUNT) refers to CH376.o(i.CH376_WR_CMD_PORT) for CH376_WR_CMD_PORT
    CH376.o(i.CH376_DISK_MOUNT) refers to CH376.o(i.wait_interrupt) for wait_interrupt
    CH376.o(i.CH376_DISK_MOUNT) refers to stm32f10x_gpio.o(i.GPIO_SetBits) for GPIO_SetBits
    CH376.o(i.CH376_HOST_INIT) refers to CH376.o(i.CH376_SPI_Init) for CH376_SPI_Init
    CH376.o(i.CH376_HOST_INIT) refers to CH376.o(i.CH376_WR_CMD_PORT) for CH376_WR_CMD_PORT
    CH376.o(i.CH376_HOST_INIT) refers to CH376.o(i.CH376_WR_DAT_PORT) for CH376_WR_DAT_PORT
    CH376.o(i.CH376_HOST_INIT) refers to CH376.o(i.CH376_RD_DAT_PORT) for CH376_RD_DAT_PORT
    CH376.o(i.CH376_HOST_INIT) refers to stm32f10x_gpio.o(i.GPIO_SetBits) for GPIO_SetBits
    CH376.o(i.CH376_HOST_INIT) refers to tm1640.o(i.mdelay) for mdelay
    CH376.o(i.CH376_HOST_INIT) refers to main.o(.data) for err_state
    CH376.o(i.CH376_RD_DAT_PORT) refers to CH376.o(i.CH376_ReadWriteByte) for CH376_ReadWriteByte
    CH376.o(i.CH376_ReadWriteByte) refers to stm32f10x_spi.o(i.SPI_I2S_GetFlagStatus) for SPI_I2S_GetFlagStatus
    CH376.o(i.CH376_ReadWriteByte) refers to stm32f10x_spi.o(i.SPI_I2S_SendData) for SPI_I2S_SendData
    CH376.o(i.CH376_ReadWriteByte) refers to stm32f10x_spi.o(i.SPI_I2S_ReceiveData) for SPI_I2S_ReceiveData
    CH376.o(i.CH376_SPI_Init) refers to stm32f10x_rcc.o(i.RCC_APB2PeriphClockCmd) for RCC_APB2PeriphClockCmd
    CH376.o(i.CH376_SPI_Init) refers to stm32f10x_gpio.o(i.GPIO_Init) for GPIO_Init
    CH376.o(i.CH376_SPI_Init) refers to stm32f10x_gpio.o(i.GPIO_SetBits) for GPIO_SetBits
    CH376.o(i.CH376_SPI_Init) refers to stm32f10x_spi.o(i.SPI_Init) for SPI_Init
    CH376.o(i.CH376_SPI_Init) refers to stm32f10x_spi.o(i.SPI_Cmd) for SPI_Cmd
    CH376.o(i.CH376_WR_CMD_PORT) refers to stm32f10x_gpio.o(i.GPIO_SetBits) for GPIO_SetBits
    CH376.o(i.CH376_WR_CMD_PORT) refers to tm1640.o(i.udelay) for udelay
    CH376.o(i.CH376_WR_CMD_PORT) refers to stm32f10x_gpio.o(i.GPIO_ResetBits) for GPIO_ResetBits
    CH376.o(i.CH376_WR_CMD_PORT) refers to CH376.o(i.CH376_ReadWriteByte) for CH376_ReadWriteByte
    CH376.o(i.CH376_WR_DAT_PORT) refers to CH376.o(i.CH376_ReadWriteByte) for CH376_ReadWriteByte
    CH376.o(i.READ_CH376_VERSION) refers to CH376.o(i.CH376_WR_CMD_PORT) for CH376_WR_CMD_PORT
    CH376.o(i.READ_CH376_VERSION) refers to CH376.o(i.CH376_RD_DAT_PORT) for CH376_RD_DAT_PORT
    CH376.o(i.READ_CH376_VERSION) refers to stm32f10x_gpio.o(i.GPIO_SetBits) for GPIO_SetBits
    CH376.o(i.usb_check_handle) refers to CH376.o(i.CH376_DISK_MOUNT) for CH376_DISK_MOUNT
    CH376.o(i.usb_check_handle) refers to FILE_SYS.o(i.CH376FileOpen) for CH376FileOpen
    CH376.o(i.usb_check_handle) refers to FILE_SYS.o(i.CH376FileCreate) for CH376FileCreate
    CH376.o(i.usb_check_handle) refers to tm1640.o(i.mdelay) for mdelay
    CH376.o(i.usb_check_handle) refers to FILE_SYS.o(i.CH376GetFileSize) for CH376GetFileSize
    CH376.o(i.usb_check_handle) refers to flash_eep.o(i.eep_write16) for eep_write16
    CH376.o(i.usb_check_handle) refers to FILE_SYS.o(i.CH376FileClose) for CH376FileClose
    CH376.o(i.usb_check_handle) refers to CH376.o(i.CH376_DISK_CONNECT) for CH376_DISK_CONNECT
    CH376.o(i.usb_check_handle) refers to main.o(.data) for err_state
    CH376.o(i.usb_nc_handle) refers to CH376.o(i.CH376_DISK_CONNECT) for CH376_DISK_CONNECT
    CH376.o(i.usb_nc_handle) refers to main.o(.data) for usb_state
    CH376.o(i.wait_interrupt) refers to stm32f10x_gpio.o(i.GPIO_ReadInputDataBit) for GPIO_ReadInputDataBit
    CH376.o(i.wait_interrupt) refers to CH376.o(i.CH376_WR_CMD_PORT) for CH376_WR_CMD_PORT
    CH376.o(i.wait_interrupt) refers to CH376.o(i.CH376_RD_DAT_PORT) for CH376_RD_DAT_PORT
    FILE_SYS.o(i.CH376ByteLocate) refers to CH376.o(i.CH376_WR_CMD_PORT) for CH376_WR_CMD_PORT
    FILE_SYS.o(i.CH376ByteLocate) refers to CH376.o(i.CH376_WR_DAT_PORT) for CH376_WR_DAT_PORT
    FILE_SYS.o(i.CH376ByteLocate) refers to stm32f10x_gpio.o(i.GPIO_SetBits) for GPIO_SetBits
    FILE_SYS.o(i.CH376ByteLocate) refers to FILE_SYS.o(i.Wait376Interrupt) for Wait376Interrupt
    FILE_SYS.o(i.CH376ByteRead) refers to CH376.o(i.CH376_WR_CMD_PORT) for CH376_WR_CMD_PORT
    FILE_SYS.o(i.CH376ByteRead) refers to CH376.o(i.CH376_WR_DAT_PORT) for CH376_WR_DAT_PORT
    FILE_SYS.o(i.CH376ByteRead) refers to stm32f10x_gpio.o(i.GPIO_SetBits) for GPIO_SetBits
    FILE_SYS.o(i.CH376ByteRead) refers to FILE_SYS.o(i.Wait376Interrupt) for Wait376Interrupt
    FILE_SYS.o(i.CH376ByteRead) refers to FILE_SYS.o(i.CH376ReadBlock) for CH376ReadBlock
    FILE_SYS.o(i.CH376ByteWrite) refers to CH376.o(i.CH376_WR_CMD_PORT) for CH376_WR_CMD_PORT
    FILE_SYS.o(i.CH376ByteWrite) refers to CH376.o(i.CH376_WR_DAT_PORT) for CH376_WR_DAT_PORT
    FILE_SYS.o(i.CH376ByteWrite) refers to stm32f10x_gpio.o(i.GPIO_SetBits) for GPIO_SetBits
    FILE_SYS.o(i.CH376ByteWrite) refers to FILE_SYS.o(i.Wait376Interrupt) for Wait376Interrupt
    FILE_SYS.o(i.CH376ByteWrite) refers to FILE_SYS.o(i.CH376WriteReqBlock) for CH376WriteReqBlock
    FILE_SYS.o(i.CH376DirCreate) refers to FILE_SYS.o(i.CH376SetFileName) for CH376SetFileName
    FILE_SYS.o(i.CH376DirCreate) refers to FILE_SYS.o(i.CH376WriteVar32) for CH376WriteVar32
    FILE_SYS.o(i.CH376DirCreate) refers to FILE_SYS.o(i.CH376SendCmdWaitInt) for CH376SendCmdWaitInt
    FILE_SYS.o(i.CH376DirInfoRead) refers to FILE_SYS.o(i.CH376SendCmdDatWaitInt) for CH376SendCmdDatWaitInt
    FILE_SYS.o(i.CH376DirInfoSave) refers to FILE_SYS.o(i.CH376SendCmdWaitInt) for CH376SendCmdWaitInt
    FILE_SYS.o(i.CH376DiskCapacity) refers to FILE_SYS.o(i.CH376SendCmdWaitInt) for CH376SendCmdWaitInt
    FILE_SYS.o(i.CH376DiskCapacity) refers to CH376.o(i.CH376_WR_CMD_PORT) for CH376_WR_CMD_PORT
    FILE_SYS.o(i.CH376DiskCapacity) refers to CH376.o(i.CH376_RD_DAT_PORT) for CH376_RD_DAT_PORT
    FILE_SYS.o(i.CH376DiskCapacity) refers to FILE_SYS.o(i.CH376Read32bitDat) for CH376Read32bitDat
    FILE_SYS.o(i.CH376DiskConnect) refers to CH376.o(i.CH376_DISK_CONNECT) for CH376_DISK_CONNECT
    FILE_SYS.o(i.CH376DiskMount) refers to CH376.o(i.CH376_DISK_MOUNT) for CH376_DISK_MOUNT
    FILE_SYS.o(i.CH376DiskQuery) refers to CH376.o(i.CH376_WR_CMD_PORT) for CH376_WR_CMD_PORT
    FILE_SYS.o(i.CH376DiskQuery) refers to CH376.o(i.CH376_RD_DAT_PORT) for CH376_RD_DAT_PORT
    FILE_SYS.o(i.CH376DiskQuery) refers to FILE_SYS.o(i.CH376ReadVar8) for CH376ReadVar8
    FILE_SYS.o(i.CH376DiskQuery) refers to FILE_SYS.o(i.CH376WriteVar8) for CH376WriteVar8
    FILE_SYS.o(i.CH376DiskQuery) refers to FILE_SYS.o(i.CH376SendCmdWaitInt) for CH376SendCmdWaitInt
    FILE_SYS.o(i.CH376DiskQuery) refers to stm32f10x_gpio.o(i.GPIO_SetBits) for GPIO_SetBits
    FILE_SYS.o(i.CH376DiskReqSense) refers to tm1640.o(i.mdelay) for mdelay
    FILE_SYS.o(i.CH376DiskReqSense) refers to FILE_SYS.o(i.CH376SendCmdWaitInt) for CH376SendCmdWaitInt
    FILE_SYS.o(i.CH376EndDirInfo) refers to FILE_SYS.o(i.CH376WriteVar8) for CH376WriteVar8
    FILE_SYS.o(i.CH376FileClose) refers to FILE_SYS.o(i.CH376SendCmdDatWaitInt) for CH376SendCmdDatWaitInt
    FILE_SYS.o(i.CH376FileClose) refers to tm1640.o(i.mdelay) for mdelay
    FILE_SYS.o(i.CH376FileCreate) refers to FILE_SYS.o(i.CH376SetFileName) for CH376SetFileName
    FILE_SYS.o(i.CH376FileCreate) refers to FILE_SYS.o(i.CH376SendCmdWaitInt) for CH376SendCmdWaitInt
    FILE_SYS.o(i.CH376FileCreate) refers to tm1640.o(i.mdelay) for mdelay
    FILE_SYS.o(i.CH376FileCreatePath) refers to FILE_SYS.o(i.CH376SeparatePath) for CH376SeparatePath
    FILE_SYS.o(i.CH376FileCreatePath) refers to FILE_SYS.o(i.CH376FileOpenDir) for CH376FileOpenDir
    FILE_SYS.o(i.CH376FileCreatePath) refers to FILE_SYS.o(i.CH376FileCreate) for CH376FileCreate
    FILE_SYS.o(i.CH376FileErase) refers to FILE_SYS.o(i.CH376FileOpenPath) for CH376FileOpenPath
    FILE_SYS.o(i.CH376FileErase) refers to FILE_SYS.o(i.CH376SetFileName) for CH376SetFileName
    FILE_SYS.o(i.CH376FileErase) refers to FILE_SYS.o(i.CH376SendCmdWaitInt) for CH376SendCmdWaitInt
    FILE_SYS.o(i.CH376FileOpen) refers to FILE_SYS.o(i.CH376SetFileName) for CH376SetFileName
    FILE_SYS.o(i.CH376FileOpen) refers to FILE_SYS.o(i.CH376WriteVar32) for CH376WriteVar32
    FILE_SYS.o(i.CH376FileOpen) refers to FILE_SYS.o(i.CH376SendCmdWaitInt) for CH376SendCmdWaitInt
    FILE_SYS.o(i.CH376FileOpenDir) refers to FILE_SYS.o(i.CH376FileOpen) for CH376FileOpen
    FILE_SYS.o(i.CH376FileOpenPath) refers to FILE_SYS.o(i.CH376FileOpenDir) for CH376FileOpenDir
    FILE_SYS.o(i.CH376GetDiskStatus) refers to FILE_SYS.o(i.CH376ReadVar8) for CH376ReadVar8
    FILE_SYS.o(i.CH376GetFileSize) refers to FILE_SYS.o(i.CH376ReadVar32) for CH376ReadVar32
    FILE_SYS.o(i.CH376GetIntStatus) refers to CH376.o(i.CH376_WR_CMD_PORT) for CH376_WR_CMD_PORT
    FILE_SYS.o(i.CH376GetIntStatus) refers to CH376.o(i.CH376_RD_DAT_PORT) for CH376_RD_DAT_PORT
    FILE_SYS.o(i.CH376GetIntStatus) refers to stm32f10x_gpio.o(i.GPIO_SetBits) for GPIO_SetBits
    FILE_SYS.o(i.CH376Read32bitDat) refers to CH376.o(i.CH376_RD_DAT_PORT) for CH376_RD_DAT_PORT
    FILE_SYS.o(i.CH376Read32bitDat) refers to stm32f10x_gpio.o(i.GPIO_SetBits) for GPIO_SetBits
    FILE_SYS.o(i.CH376ReadBlock) refers to CH376.o(i.CH376_WR_CMD_PORT) for CH376_WR_CMD_PORT
    FILE_SYS.o(i.CH376ReadBlock) refers to CH376.o(i.CH376_RD_DAT_PORT) for CH376_RD_DAT_PORT
    FILE_SYS.o(i.CH376ReadBlock) refers to stm32f10x_gpio.o(i.GPIO_SetBits) for GPIO_SetBits
    FILE_SYS.o(i.CH376ReadVar32) refers to CH376.o(i.CH376_WR_CMD_PORT) for CH376_WR_CMD_PORT
    FILE_SYS.o(i.CH376ReadVar32) refers to CH376.o(i.CH376_WR_DAT_PORT) for CH376_WR_DAT_PORT
    FILE_SYS.o(i.CH376ReadVar32) refers to FILE_SYS.o(i.CH376Read32bitDat) for CH376Read32bitDat
    FILE_SYS.o(i.CH376ReadVar8) refers to CH376.o(i.CH376_WR_CMD_PORT) for CH376_WR_CMD_PORT
    FILE_SYS.o(i.CH376ReadVar8) refers to CH376.o(i.CH376_WR_DAT_PORT) for CH376_WR_DAT_PORT
    FILE_SYS.o(i.CH376ReadVar8) refers to CH376.o(i.CH376_RD_DAT_PORT) for CH376_RD_DAT_PORT
    FILE_SYS.o(i.CH376ReadVar8) refers to stm32f10x_gpio.o(i.GPIO_SetBits) for GPIO_SetBits
    FILE_SYS.o(i.CH376SecLocate) refers to CH376.o(i.CH376_WR_CMD_PORT) for CH376_WR_CMD_PORT
    FILE_SYS.o(i.CH376SecLocate) refers to CH376.o(i.CH376_WR_DAT_PORT) for CH376_WR_DAT_PORT
    FILE_SYS.o(i.CH376SecLocate) refers to stm32f10x_gpio.o(i.GPIO_SetBits) for GPIO_SetBits
    FILE_SYS.o(i.CH376SecLocate) refers to FILE_SYS.o(i.Wait376Interrupt) for Wait376Interrupt
    FILE_SYS.o(i.CH376SendCmdDatWaitInt) refers to CH376.o(i.CH376_WR_CMD_PORT) for CH376_WR_CMD_PORT
    FILE_SYS.o(i.CH376SendCmdDatWaitInt) refers to CH376.o(i.CH376_WR_DAT_PORT) for CH376_WR_DAT_PORT
    FILE_SYS.o(i.CH376SendCmdDatWaitInt) refers to stm32f10x_gpio.o(i.GPIO_SetBits) for GPIO_SetBits
    FILE_SYS.o(i.CH376SendCmdDatWaitInt) refers to tm1640.o(i.udelay) for udelay
    FILE_SYS.o(i.CH376SendCmdDatWaitInt) refers to FILE_SYS.o(i.Wait376Interrupt) for Wait376Interrupt
    FILE_SYS.o(i.CH376SendCmdWaitInt) refers to CH376.o(i.CH376_WR_CMD_PORT) for CH376_WR_CMD_PORT
    FILE_SYS.o(i.CH376SendCmdWaitInt) refers to stm32f10x_gpio.o(i.GPIO_SetBits) for GPIO_SetBits
    FILE_SYS.o(i.CH376SendCmdWaitInt) refers to tm1640.o(i.udelay) for udelay
    FILE_SYS.o(i.CH376SendCmdWaitInt) refers to FILE_SYS.o(i.Wait376Interrupt) for Wait376Interrupt
    FILE_SYS.o(i.CH376SetFileName) refers to CH376.o(i.CH376_WR_CMD_PORT) for CH376_WR_CMD_PORT
    FILE_SYS.o(i.CH376SetFileName) refers to CH376.o(i.CH376_RD_DAT_PORT) for CH376_RD_DAT_PORT
    FILE_SYS.o(i.CH376SetFileName) refers to FILE_SYS.o(i.CH376ReadVar8) for CH376ReadVar8
    FILE_SYS.o(i.CH376SetFileName) refers to CH376.o(i.CH376_WR_DAT_PORT) for CH376_WR_DAT_PORT
    FILE_SYS.o(i.CH376SetFileName) refers to FILE_SYS.o(i.CH376SendCmdWaitInt) for CH376SendCmdWaitInt
    FILE_SYS.o(i.CH376SetFileName) refers to FILE_SYS.o(i.CH376ReadVar32) for CH376ReadVar32
    FILE_SYS.o(i.CH376SetFileName) refers to FILE_SYS.o(i.CH376WriteVar32) for CH376WriteVar32
    FILE_SYS.o(i.CH376SetFileName) refers to stm32f10x_gpio.o(i.GPIO_SetBits) for GPIO_SetBits
    FILE_SYS.o(i.CH376WriteHostBlock) refers to CH376.o(i.CH376_WR_CMD_PORT) for CH376_WR_CMD_PORT
    FILE_SYS.o(i.CH376WriteHostBlock) refers to CH376.o(i.CH376_WR_DAT_PORT) for CH376_WR_DAT_PORT
    FILE_SYS.o(i.CH376WriteHostBlock) refers to stm32f10x_gpio.o(i.GPIO_SetBits) for GPIO_SetBits
    FILE_SYS.o(i.CH376WriteOfsBlock) refers to CH376.o(i.CH376_WR_CMD_PORT) for CH376_WR_CMD_PORT
    FILE_SYS.o(i.CH376WriteOfsBlock) refers to CH376.o(i.CH376_WR_DAT_PORT) for CH376_WR_DAT_PORT
    FILE_SYS.o(i.CH376WriteOfsBlock) refers to stm32f10x_gpio.o(i.GPIO_SetBits) for GPIO_SetBits
    FILE_SYS.o(i.CH376WriteReqBlock) refers to CH376.o(i.CH376_WR_CMD_PORT) for CH376_WR_CMD_PORT
    FILE_SYS.o(i.CH376WriteReqBlock) refers to CH376.o(i.CH376_RD_DAT_PORT) for CH376_RD_DAT_PORT
    FILE_SYS.o(i.CH376WriteReqBlock) refers to CH376.o(i.CH376_WR_DAT_PORT) for CH376_WR_DAT_PORT
    FILE_SYS.o(i.CH376WriteReqBlock) refers to stm32f10x_gpio.o(i.GPIO_SetBits) for GPIO_SetBits
    FILE_SYS.o(i.CH376WriteVar32) refers to CH376.o(i.CH376_WR_CMD_PORT) for CH376_WR_CMD_PORT
    FILE_SYS.o(i.CH376WriteVar32) refers to CH376.o(i.CH376_WR_DAT_PORT) for CH376_WR_DAT_PORT
    FILE_SYS.o(i.CH376WriteVar32) refers to stm32f10x_gpio.o(i.GPIO_SetBits) for GPIO_SetBits
    FILE_SYS.o(i.CH376WriteVar8) refers to CH376.o(i.CH376_WR_CMD_PORT) for CH376_WR_CMD_PORT
    FILE_SYS.o(i.CH376WriteVar8) refers to CH376.o(i.CH376_WR_DAT_PORT) for CH376_WR_DAT_PORT
    FILE_SYS.o(i.CH376WriteVar8) refers to stm32f10x_gpio.o(i.GPIO_SetBits) for GPIO_SetBits
    FILE_SYS.o(i.Wait376Interrupt) refers to CH376.o(i.wait_interrupt) for wait_interrupt
    eeprom.o(i.EE_Format) refers to stm32f10x_flash.o(i.FLASH_ErasePage) for FLASH_ErasePage
    eeprom.o(i.EE_Format) refers to stm32f10x_flash.o(i.FLASH_ProgramHalfWord) for FLASH_ProgramHalfWord
    eeprom.o(i.EE_Init) refers to stm32f10x_flash.o(i.FLASH_ErasePage) for FLASH_ErasePage
    eeprom.o(i.EE_Init) refers to stm32f10x_flash.o(i.FLASH_ProgramHalfWord) for FLASH_ProgramHalfWord
    eeprom.o(i.EE_Init) refers to eeprom.o(i.EE_Format) for EE_Format
    eeprom.o(i.EE_Init) refers to eeprom.o(i.EE_ReadVariable) for EE_ReadVariable
    eeprom.o(i.EE_Init) refers to eeprom.o(i.EE_VerifyPageFullWriteVariable) for EE_VerifyPageFullWriteVariable
    eeprom.o(i.EE_Init) refers to main.o(.data) for VirtAddVarTab
    eeprom.o(i.EE_Init) refers to eeprom.o(.data) for DataVar
    eeprom.o(i.EE_PageTransfer) refers to eeprom.o(i.EE_FindValidPage) for EE_FindValidPage
    eeprom.o(i.EE_PageTransfer) refers to stm32f10x_flash.o(i.FLASH_ProgramHalfWord) for FLASH_ProgramHalfWord
    eeprom.o(i.EE_PageTransfer) refers to eeprom.o(i.EE_VerifyPageFullWriteVariable) for EE_VerifyPageFullWriteVariable
    eeprom.o(i.EE_PageTransfer) refers to eeprom.o(i.EE_ReadVariable) for EE_ReadVariable
    eeprom.o(i.EE_PageTransfer) refers to stm32f10x_flash.o(i.FLASH_ErasePage) for FLASH_ErasePage
    eeprom.o(i.EE_PageTransfer) refers to main.o(.data) for VirtAddVarTab
    eeprom.o(i.EE_PageTransfer) refers to eeprom.o(.data) for DataVar
    eeprom.o(i.EE_ReadVariable) refers to eeprom.o(i.EE_FindValidPage) for EE_FindValidPage
    eeprom.o(i.EE_VerifyPageFullWriteVariable) refers to eeprom.o(i.EE_FindValidPage) for EE_FindValidPage
    eeprom.o(i.EE_VerifyPageFullWriteVariable) refers to stm32f10x_flash.o(i.FLASH_ProgramHalfWord) for FLASH_ProgramHalfWord
    eeprom.o(i.EE_WriteVariable) refers to eeprom.o(i.EE_VerifyPageFullWriteVariable) for EE_VerifyPageFullWriteVariable
    eeprom.o(i.EE_WriteVariable) refers to eeprom.o(i.EE_PageTransfer) for EE_PageTransfer
    flash_eep.o(i.Flash_Config) refers to stm32f10x_flash.o(i.FLASH_Unlock) for FLASH_Unlock
    flash_eep.o(i.Flash_Config) refers to eeprom.o(i.EE_Init) for EE_Init
    flash_eep.o(i.eep_init) refers to flash_eep.o(i.Flash_Config) for Flash_Config
    flash_eep.o(i.eep_init) refers to flash_eep.o(i.eep_read32) for eep_read32
    flash_eep.o(i.eep_init) refers to flash_eep.o(i.eep_read16) for eep_read16
    flash_eep.o(i.eep_init) refers to flash_eep.o(i.eep_write16) for eep_write16
    flash_eep.o(i.eep_init) refers to flash_eep.o(i.eep_write32) for eep_write32
    flash_eep.o(i.eep_init) refers to main.o(.data) for ds2431_num
    flash_eep.o(i.eep_read16) refers to eeprom.o(i.EE_ReadVariable) for EE_ReadVariable
    flash_eep.o(i.eep_read32) refers to eeprom.o(i.EE_ReadVariable) for EE_ReadVariable
    flash_eep.o(i.eep_write16) refers to eeprom.o(i.EE_WriteVariable) for EE_WriteVariable
    flash_eep.o(i.eep_write32) refers to eeprom.o(i.EE_WriteVariable) for EE_WriteVariable
    ds2431.o(i.ds2431_init) refers to stm32f10x_rcc.o(i.RCC_APB2PeriphClockCmd) for RCC_APB2PeriphClockCmd
    ds2431.o(i.ds2431_init) refers to stm32f10x_gpio.o(i.GPIO_Init) for GPIO_Init
    ds2431.o(i.ds2431_read) refers to ds2431.o(i.ow_rst) for ow_rst
    ds2431.o(i.ds2431_read) refers to tm1640.o(i.udelay) for udelay
    ds2431.o(i.ds2431_read) refers to ds2431.o(i.read_rom) for read_rom
    ds2431.o(i.ds2431_read) refers to ds2431.o(i.read_mem) for read_mem
    ds2431.o(i.ow_rst) refers to tm1640.o(i.udelay) for udelay
    ds2431.o(i.read_dat) refers to tm1640.o(i.udelay) for udelay
    ds2431.o(i.read_mem) refers to ds2431.o(i.send_cmd) for send_cmd
    ds2431.o(i.read_mem) refers to ds2431.o(i.read_dat) for read_dat
    ds2431.o(i.read_mem) refers to main.o(.bss) for mem_buf
    ds2431.o(i.read_rom) refers to ds2431.o(i.ow_rst) for ow_rst
    ds2431.o(i.read_rom) refers to ds2431.o(i.send_cmd) for send_cmd
    ds2431.o(i.read_rom) refers to ds2431.o(i.read_dat) for read_dat
    ds2431.o(i.read_rom) refers to main.o(.data) for rom_buf
    ds2431.o(i.send_cmd) refers to tm1640.o(i.udelay) for udelay
    stm32f10x_flash.o(i.FLASH_EnableWriteProtection) refers to stm32f10x_flash.o(i.FLASH_WaitForLastOperation) for FLASH_WaitForLastOperation
    stm32f10x_flash.o(i.FLASH_EraseAllBank1Pages) refers to stm32f10x_flash.o(i.FLASH_WaitForLastBank1Operation) for FLASH_WaitForLastBank1Operation
    stm32f10x_flash.o(i.FLASH_EraseAllPages) refers to stm32f10x_flash.o(i.FLASH_WaitForLastOperation) for FLASH_WaitForLastOperation
    stm32f10x_flash.o(i.FLASH_EraseOptionBytes) refers to stm32f10x_flash.o(i.FLASH_GetReadOutProtectionStatus) for FLASH_GetReadOutProtectionStatus
    stm32f10x_flash.o(i.FLASH_EraseOptionBytes) refers to stm32f10x_flash.o(i.FLASH_WaitForLastOperation) for FLASH_WaitForLastOperation
    stm32f10x_flash.o(i.FLASH_ErasePage) refers to stm32f10x_flash.o(i.FLASH_WaitForLastOperation) for FLASH_WaitForLastOperation
    stm32f10x_flash.o(i.FLASH_ProgramHalfWord) refers to stm32f10x_flash.o(i.FLASH_WaitForLastOperation) for FLASH_WaitForLastOperation
    stm32f10x_flash.o(i.FLASH_ProgramOptionByteData) refers to stm32f10x_flash.o(i.FLASH_WaitForLastOperation) for FLASH_WaitForLastOperation
    stm32f10x_flash.o(i.FLASH_ProgramWord) refers to stm32f10x_flash.o(i.FLASH_WaitForLastOperation) for FLASH_WaitForLastOperation
    stm32f10x_flash.o(i.FLASH_ReadOutProtection) refers to stm32f10x_flash.o(i.FLASH_WaitForLastOperation) for FLASH_WaitForLastOperation
    stm32f10x_flash.o(i.FLASH_UserOptionByteConfig) refers to stm32f10x_flash.o(i.FLASH_WaitForLastOperation) for FLASH_WaitForLastOperation
    stm32f10x_flash.o(i.FLASH_WaitForLastBank1Operation) refers to stm32f10x_flash.o(i.FLASH_GetBank1Status) for FLASH_GetBank1Status
    stm32f10x_flash.o(i.FLASH_WaitForLastOperation) refers to stm32f10x_flash.o(i.FLASH_GetBank1Status) for FLASH_GetBank1Status
    stm32f10x_gpio.o(i.GPIO_AFIODeInit) refers to stm32f10x_rcc.o(i.RCC_APB2PeriphResetCmd) for RCC_APB2PeriphResetCmd
    stm32f10x_gpio.o(i.GPIO_DeInit) refers to stm32f10x_rcc.o(i.RCC_APB2PeriphResetCmd) for RCC_APB2PeriphResetCmd
    stm32f10x_rcc.o(i.RCC_GetClocksFreq) refers to stm32f10x_rcc.o(.data) for APBAHBPrescTable
    stm32f10x_rcc.o(i.RCC_WaitForHSEStartUp) refers to stm32f10x_rcc.o(i.RCC_GetFlagStatus) for RCC_GetFlagStatus
    stm32f10x_spi.o(i.I2S_Init) refers to stm32f10x_rcc.o(i.RCC_GetClocksFreq) for RCC_GetClocksFreq
    stm32f10x_spi.o(i.SPI_I2S_DeInit) refers to stm32f10x_rcc.o(i.RCC_APB2PeriphResetCmd) for RCC_APB2PeriphResetCmd
    stm32f10x_spi.o(i.SPI_I2S_DeInit) refers to stm32f10x_rcc.o(i.RCC_APB1PeriphResetCmd) for RCC_APB1PeriphResetCmd
    entry.o(.ARM.Collect$$$$00000000) refers (Special) to entry7b.o(.ARM.Collect$$$$00000008) for _main_clock
    entry.o(.ARM.Collect$$$$00000000) refers (Special) to entry8.o(.ARM.Collect$$$$00000009) for _main_init
    entry.o(.ARM.Collect$$$$00000000) refers (Special) to entry5.o(.ARM.Collect$$$$00000004) for _main_scatterload
    entry.o(.ARM.Collect$$$$00000000) refers (Special) to entry2.o(.ARM.Collect$$$$00000001) for _main_stk
    entry2.o(.ARM.Collect$$$$00000001) refers to entry2.o(.ARM.Collect$$$$00002712) for __lit__00000000
    entry2.o(.ARM.Collect$$$$00002712) refers to startup_stm32f10x_md.o(STACK) for __initial_sp
    entry2.o(__vectab_stack_and_reset_area) refers to startup_stm32f10x_md.o(STACK) for __initial_sp
    entry2.o(__vectab_stack_and_reset_area) refers to entry.o(.ARM.Collect$$$$00000000) for __main
    entry5.o(.ARM.Collect$$$$00000004) refers to init.o(.text) for __scatterload
    entry8.o(.ARM.Collect$$$$00000009) refers to main.o(i.main) for main
    init.o(.text) refers to entry5.o(.ARM.Collect$$$$00000004) for __main_after_scatterload


==============================================================================

Removing Unused input sections from the image.

    Removing startup_stm32f10x_md.o(HEAP), (512 bytes).
    Removing system_stm32f10x.o(i.SystemCoreClockUpdate), (164 bytes).
    Removing CH376.o(i.READ_CH376_VERSION), (32 bytes).
    Removing FILE_SYS.o(i.CH376ByteRead), (100 bytes).
    Removing FILE_SYS.o(i.CH376DirCreate), (38 bytes).
    Removing FILE_SYS.o(i.CH376DirInfoRead), (12 bytes).
    Removing FILE_SYS.o(i.CH376DirInfoSave), (10 bytes).
    Removing FILE_SYS.o(i.CH376DiskCapacity), (42 bytes).
    Removing FILE_SYS.o(i.CH376DiskConnect), (8 bytes).
    Removing FILE_SYS.o(i.CH376DiskMount), (8 bytes).
    Removing FILE_SYS.o(i.CH376DiskQuery), (144 bytes).
    Removing FILE_SYS.o(i.CH376DiskReqSense), (26 bytes).
    Removing FILE_SYS.o(i.CH376EndDirInfo), (12 bytes).
    Removing FILE_SYS.o(i.CH376FileCreatePath), (56 bytes).
    Removing FILE_SYS.o(i.CH376FileErase), (70 bytes).
    Removing FILE_SYS.o(i.CH376FileOpenDir), (100 bytes).
    Removing FILE_SYS.o(i.CH376FileOpenPath), (14 bytes).
    Removing FILE_SYS.o(i.CH376GetDiskStatus), (10 bytes).
    Removing FILE_SYS.o(i.CH376GetIntStatus), (32 bytes).
    Removing FILE_SYS.o(i.CH376ReadBlock), (56 bytes).
    Removing FILE_SYS.o(i.CH376SecLocate), (56 bytes).
    Removing FILE_SYS.o(i.CH376SeparatePath), (46 bytes).
    Removing FILE_SYS.o(i.CH376WriteHostBlock), (52 bytes).
    Removing FILE_SYS.o(i.CH376WriteOfsBlock), (60 bytes).
    Removing FILE_SYS.o(i.CH376WriteVar8), (40 bytes).
    Removing core_cm3.o(.emb_text), (32 bytes).
    Removing stm32f10x_flash.o(i.FLASH_ClearFlag), (12 bytes).
    Removing stm32f10x_flash.o(i.FLASH_EnableWriteProtection), (196 bytes).
    Removing stm32f10x_flash.o(i.FLASH_EraseAllBank1Pages), (72 bytes).
    Removing stm32f10x_flash.o(i.FLASH_EraseAllPages), (72 bytes).
    Removing stm32f10x_flash.o(i.FLASH_EraseOptionBytes), (168 bytes).
    Removing stm32f10x_flash.o(i.FLASH_GetFlagStatus), (48 bytes).
    Removing stm32f10x_flash.o(i.FLASH_GetPrefetchBufferStatus), (24 bytes).
    Removing stm32f10x_flash.o(i.FLASH_GetReadOutProtectionStatus), (24 bytes).
    Removing stm32f10x_flash.o(i.FLASH_GetStatus), (56 bytes).
    Removing stm32f10x_flash.o(i.FLASH_GetUserOptionByte), (12 bytes).
    Removing stm32f10x_flash.o(i.FLASH_GetWriteProtectionOptionByte), (12 bytes).
    Removing stm32f10x_flash.o(i.FLASH_HalfCycleAccessCmd), (28 bytes).
    Removing stm32f10x_flash.o(i.FLASH_ITConfig), (32 bytes).
    Removing stm32f10x_flash.o(i.FLASH_Lock), (20 bytes).
    Removing stm32f10x_flash.o(i.FLASH_LockBank1), (20 bytes).
    Removing stm32f10x_flash.o(i.FLASH_PrefetchBufferCmd), (28 bytes).
    Removing stm32f10x_flash.o(i.FLASH_ProgramOptionByteData), (84 bytes).
    Removing stm32f10x_flash.o(i.FLASH_ProgramWord), (100 bytes).
    Removing stm32f10x_flash.o(i.FLASH_ReadOutProtection), (172 bytes).
    Removing stm32f10x_flash.o(i.FLASH_SetLatency), (24 bytes).
    Removing stm32f10x_flash.o(i.FLASH_UnlockBank1), (24 bytes).
    Removing stm32f10x_flash.o(i.FLASH_UserOptionByteConfig), (104 bytes).
    Removing stm32f10x_flash.o(i.FLASH_WaitForLastBank1Operation), (38 bytes).
    Removing stm32f10x_gpio.o(i.GPIO_AFIODeInit), (20 bytes).
    Removing stm32f10x_gpio.o(i.GPIO_DeInit), (200 bytes).
    Removing stm32f10x_gpio.o(i.GPIO_ETH_MediaInterfaceConfig), (12 bytes).
    Removing stm32f10x_gpio.o(i.GPIO_EXTILineConfig), (64 bytes).
    Removing stm32f10x_gpio.o(i.GPIO_EventOutputCmd), (12 bytes).
    Removing stm32f10x_gpio.o(i.GPIO_EventOutputConfig), (32 bytes).
    Removing stm32f10x_gpio.o(i.GPIO_PinLockConfig), (18 bytes).
    Removing stm32f10x_gpio.o(i.GPIO_PinRemapConfig), (144 bytes).
    Removing stm32f10x_gpio.o(i.GPIO_ReadInputData), (8 bytes).
    Removing stm32f10x_gpio.o(i.GPIO_ReadOutputData), (8 bytes).
    Removing stm32f10x_gpio.o(i.GPIO_ReadOutputDataBit), (18 bytes).
    Removing stm32f10x_gpio.o(i.GPIO_StructInit), (16 bytes).
    Removing stm32f10x_gpio.o(i.GPIO_Write), (4 bytes).
    Removing stm32f10x_gpio.o(i.GPIO_WriteBit), (10 bytes).
    Removing stm32f10x_rcc.o(i.RCC_ADCCLKConfig), (24 bytes).
    Removing stm32f10x_rcc.o(i.RCC_AHBPeriphClockCmd), (32 bytes).
    Removing stm32f10x_rcc.o(i.RCC_APB1PeriphClockCmd), (32 bytes).
    Removing stm32f10x_rcc.o(i.RCC_APB1PeriphResetCmd), (32 bytes).
    Removing stm32f10x_rcc.o(i.RCC_APB2PeriphResetCmd), (32 bytes).
    Removing stm32f10x_rcc.o(i.RCC_AdjustHSICalibrationValue), (24 bytes).
    Removing stm32f10x_rcc.o(i.RCC_BackupResetCmd), (12 bytes).
    Removing stm32f10x_rcc.o(i.RCC_ClearFlag), (20 bytes).
    Removing stm32f10x_rcc.o(i.RCC_ClearITPendingBit), (12 bytes).
    Removing stm32f10x_rcc.o(i.RCC_ClockSecuritySystemCmd), (12 bytes).
    Removing stm32f10x_rcc.o(i.RCC_DeInit), (76 bytes).
    Removing stm32f10x_rcc.o(i.RCC_GetClocksFreq), (212 bytes).
    Removing stm32f10x_rcc.o(i.RCC_GetFlagStatus), (60 bytes).
    Removing stm32f10x_rcc.o(i.RCC_GetITStatus), (24 bytes).
    Removing stm32f10x_rcc.o(i.RCC_GetSYSCLKSource), (16 bytes).
    Removing stm32f10x_rcc.o(i.RCC_HCLKConfig), (24 bytes).
    Removing stm32f10x_rcc.o(i.RCC_HSEConfig), (76 bytes).
    Removing stm32f10x_rcc.o(i.RCC_HSICmd), (12 bytes).
    Removing stm32f10x_rcc.o(i.RCC_ITConfig), (36 bytes).
    Removing stm32f10x_rcc.o(i.RCC_LSEConfig), (52 bytes).
    Removing stm32f10x_rcc.o(i.RCC_LSICmd), (12 bytes).
    Removing stm32f10x_rcc.o(i.RCC_MCOConfig), (12 bytes).
    Removing stm32f10x_rcc.o(i.RCC_PCLK1Config), (24 bytes).
    Removing stm32f10x_rcc.o(i.RCC_PCLK2Config), (24 bytes).
    Removing stm32f10x_rcc.o(i.RCC_PLLCmd), (12 bytes).
    Removing stm32f10x_rcc.o(i.RCC_PLLConfig), (28 bytes).
    Removing stm32f10x_rcc.o(i.RCC_RTCCLKCmd), (12 bytes).
    Removing stm32f10x_rcc.o(i.RCC_RTCCLKConfig), (16 bytes).
    Removing stm32f10x_rcc.o(i.RCC_SYSCLKConfig), (24 bytes).
    Removing stm32f10x_rcc.o(i.RCC_USBCLKConfig), (12 bytes).
    Removing stm32f10x_rcc.o(i.RCC_WaitForHSEStartUp), (48 bytes).
    Removing stm32f10x_rcc.o(.data), (20 bytes).
    Removing stm32f10x_spi.o(i.I2S_Cmd), (24 bytes).
    Removing stm32f10x_spi.o(i.I2S_Init), (228 bytes).
    Removing stm32f10x_spi.o(i.I2S_StructInit), (20 bytes).
    Removing stm32f10x_spi.o(i.SPI_BiDirectionalLineConfig), (28 bytes).
    Removing stm32f10x_spi.o(i.SPI_CalculateCRC), (24 bytes).
    Removing stm32f10x_spi.o(i.SPI_DataSizeConfig), (18 bytes).
    Removing stm32f10x_spi.o(i.SPI_GetCRC), (16 bytes).
    Removing stm32f10x_spi.o(i.SPI_GetCRCPolynomial), (6 bytes).
    Removing stm32f10x_spi.o(i.SPI_I2S_ClearFlag), (6 bytes).
    Removing stm32f10x_spi.o(i.SPI_I2S_ClearITPendingBit), (20 bytes).
    Removing stm32f10x_spi.o(i.SPI_I2S_DMACmd), (24 bytes).
    Removing stm32f10x_spi.o(i.SPI_I2S_DeInit), (88 bytes).
    Removing stm32f10x_spi.o(i.SPI_I2S_GetITStatus), (52 bytes).
    Removing stm32f10x_spi.o(i.SPI_I2S_ITConfig), (36 bytes).
    Removing stm32f10x_spi.o(i.SPI_NSSInternalSoftwareConfig), (30 bytes).
    Removing stm32f10x_spi.o(i.SPI_SSOutputCmd), (24 bytes).
    Removing stm32f10x_spi.o(i.SPI_StructInit), (24 bytes).
    Removing stm32f10x_spi.o(i.SPI_TransmitCRC), (10 bytes).

113 unused section(s) (total 5410 bytes) removed from the image.

==============================================================================

Image Symbol Table

    Local Symbols

    Symbol Name                              Value     Ov Type        Size  Object(Section)

    ../../microlib/init/entry.s              0x00000000   Number         0  entry8.o ABSOLUTE
    ../../microlib/init/entry.s              0x00000000   Number         0  entry7b.o ABSOLUTE
    ../../microlib/init/entry.s              0x00000000   Number         0  entry7a.o ABSOLUTE
    ../../microlib/init/entry.s              0x00000000   Number         0  entry5.o ABSOLUTE
    ../../microlib/init/entry.s              0x00000000   Number         0  entry2.o ABSOLUTE
    ../../microlib/init/entry.s              0x00000000   Number         0  entry.o ABSOLUTE
    ..\Libraries\CMSIS\CM3\CoreSupport\core_cm3.c 0x00000000   Number         0  core_cm3.o ABSOLUTE
    ..\Libraries\CMSIS\CM3\DeviceSupport\ST\STM32F10x\startup\arm\startup_stm32f10x_md.s 0x00000000   Number         0  startup_stm32f10x_md.o ABSOLUTE
    ..\Libraries\STM32F10x_StdPeriph_Driver\src\stm32f10x_flash.c 0x00000000   Number         0  stm32f10x_flash.o ABSOLUTE
    ..\Libraries\STM32F10x_StdPeriph_Driver\src\stm32f10x_gpio.c 0x00000000   Number         0  stm32f10x_gpio.o ABSOLUTE
    ..\Libraries\STM32F10x_StdPeriph_Driver\src\stm32f10x_rcc.c 0x00000000   Number         0  stm32f10x_rcc.o ABSOLUTE
    ..\Libraries\STM32F10x_StdPeriph_Driver\src\stm32f10x_spi.c 0x00000000   Number         0  stm32f10x_spi.o ABSOLUTE
    ..\\Libraries\\CMSIS\\CM3\\CoreSupport\\core_cm3.c 0x00000000   Number         0  core_cm3.o ABSOLUTE
    ..\usr\CH376.c                           0x00000000   Number         0  CH376.o ABSOLUTE
    ..\usr\FILE_SYS.C                        0x00000000   Number         0  FILE_SYS.o ABSOLUTE
    ..\usr\ds2431.c                          0x00000000   Number         0  ds2431.o ABSOLUTE
    ..\usr\eeprom.c                          0x00000000   Number         0  eeprom.o ABSOLUTE
    ..\usr\flash_eep.c                       0x00000000   Number         0  flash_eep.o ABSOLUTE
    ..\usr\key.c                             0x00000000   Number         0  key.o ABSOLUTE
    ..\usr\main.c                            0x00000000   Number         0  main.o ABSOLUTE
    ..\usr\stm32f10x_it.c                    0x00000000   Number         0  stm32f10x_it.o ABSOLUTE
    ..\usr\system_stm32f10x.c                0x00000000   Number         0  system_stm32f10x.o ABSOLUTE
    ..\usr\tm1640.c                          0x00000000   Number         0  tm1640.o ABSOLUTE
    dc.s                                     0x00000000   Number         0  dc.o ABSOLUTE
    handlers.s                               0x00000000   Number         0  handlers.o ABSOLUTE
    init.s                                   0x00000000   Number         0  init.o ABSOLUTE
    RESET                                    0x08000000   Section      236  startup_stm32f10x_md.o(RESET)
    .ARM.Collect$$$$00000000                 0x080000ec   Section        0  entry.o(.ARM.Collect$$$$00000000)
    .ARM.Collect$$$$00000001                 0x080000ec   Section        4  entry2.o(.ARM.Collect$$$$00000001)
    .ARM.Collect$$$$00000004                 0x080000f0   Section        4  entry5.o(.ARM.Collect$$$$00000004)
    .ARM.Collect$$$$00000008                 0x080000f4   Section        0  entry7b.o(.ARM.Collect$$$$00000008)
    .ARM.Collect$$$$00000009                 0x080000f4   Section        8  entry8.o(.ARM.Collect$$$$00000009)
    .ARM.Collect$$$$00002712                 0x080000fc   Section        4  entry2.o(.ARM.Collect$$$$00002712)
    __lit__00000000                          0x080000fc   Data           4  entry2.o(.ARM.Collect$$$$00002712)
    .text                                    0x08000100   Section       36  startup_stm32f10x_md.o(.text)
    .text                                    0x08000124   Section       36  init.o(.text)
    i.BusFault_Handler                       0x08000148   Section        0  stm32f10x_it.o(i.BusFault_Handler)
    i.CH376ByteLocate                        0x0800014c   Section        0  FILE_SYS.o(i.CH376ByteLocate)
    i.CH376ByteWrite                         0x08000184   Section        0  FILE_SYS.o(i.CH376ByteWrite)
    i.CH376FileClose                         0x080001e8   Section        0  FILE_SYS.o(i.CH376FileClose)
    i.CH376FileCreate                        0x08000214   Section        0  FILE_SYS.o(i.CH376FileCreate)
    i.CH376FileOpen                          0x08000246   Section        0  FILE_SYS.o(i.CH376FileOpen)
    i.CH376GetFileSize                       0x0800026c   Section        0  FILE_SYS.o(i.CH376GetFileSize)
    i.CH376Read32bitDat                      0x08000278   Section        0  FILE_SYS.o(i.CH376Read32bitDat)
    i.CH376ReadVar32                         0x080002b0   Section        0  FILE_SYS.o(i.CH376ReadVar32)
    i.CH376ReadVar8                          0x080002c8   Section        0  FILE_SYS.o(i.CH376ReadVar8)
    i.CH376SendCmdDatWaitInt                 0x080002f0   Section        0  FILE_SYS.o(i.CH376SendCmdDatWaitInt)
    i.CH376SendCmdWaitInt                    0x0800031c   Section        0  FILE_SYS.o(i.CH376SendCmdWaitInt)
    i.CH376SetFileName                       0x08000340   Section        0  FILE_SYS.o(i.CH376SetFileName)
    i.CH376WriteReqBlock                     0x080003f8   Section        0  FILE_SYS.o(i.CH376WriteReqBlock)
    i.CH376WriteVar32                        0x08000430   Section        0  FILE_SYS.o(i.CH376WriteVar32)
    i.CH376_DISK_CONNECT                     0x0800046c   Section        0  CH376.o(i.CH376_DISK_CONNECT)
    i.CH376_DISK_MOUNT                       0x0800048c   Section        0  CH376.o(i.CH376_DISK_MOUNT)
    i.CH376_HOST_INIT                        0x080004ac   Section        0  CH376.o(i.CH376_HOST_INIT)
    i.CH376_RD_DAT_PORT                      0x08000514   Section        0  CH376.o(i.CH376_RD_DAT_PORT)
    i.CH376_ReadWriteByte                    0x08000520   Section        0  CH376.o(i.CH376_ReadWriteByte)
    i.CH376_SPI_Init                         0x08000564   Section        0  CH376.o(i.CH376_SPI_Init)
    i.CH376_WR_CMD_PORT                      0x0800061c   Section        0  CH376.o(i.CH376_WR_CMD_PORT)
    i.CH376_WR_DAT_PORT                      0x08000648   Section        0  CH376.o(i.CH376_WR_DAT_PORT)
    i.DebugMon_Handler                       0x08000654   Section        0  stm32f10x_it.o(i.DebugMon_Handler)
    i.EE_FindValidPage                       0x08000658   Section        0  eeprom.o(i.EE_FindValidPage)
    EE_FindValidPage                         0x08000659   Thumb Code    78  eeprom.o(i.EE_FindValidPage)
    i.EE_Format                              0x080006b0   Section        0  eeprom.o(i.EE_Format)
    EE_Format                                0x080006b1   Thumb Code    50  eeprom.o(i.EE_Format)
    i.EE_Init                                0x080006ec   Section        0  eeprom.o(i.EE_Init)
    i.EE_PageTransfer                        0x080008e4   Section        0  eeprom.o(i.EE_PageTransfer)
    EE_PageTransfer                          0x080008e5   Thumb Code   218  eeprom.o(i.EE_PageTransfer)
    i.EE_ReadVariable                        0x080009d8   Section        0  eeprom.o(i.EE_ReadVariable)
    i.EE_VerifyPageFullWriteVariable         0x08000a3c   Section        0  eeprom.o(i.EE_VerifyPageFullWriteVariable)
    EE_VerifyPageFullWriteVariable           0x08000a3d   Thumb Code   100  eeprom.o(i.EE_VerifyPageFullWriteVariable)
    i.EE_WriteVariable                       0x08000aac   Section        0  eeprom.o(i.EE_WriteVariable)
    i.FLASH_ErasePage                        0x08000ad0   Section        0  stm32f10x_flash.o(i.FLASH_ErasePage)
    i.FLASH_GetBank1Status                   0x08000b1c   Section        0  stm32f10x_flash.o(i.FLASH_GetBank1Status)
    i.FLASH_ProgramHalfWord                  0x08000b54   Section        0  stm32f10x_flash.o(i.FLASH_ProgramHalfWord)
    i.FLASH_Unlock                           0x08000b94   Section        0  stm32f10x_flash.o(i.FLASH_Unlock)
    i.FLASH_WaitForLastOperation             0x08000bac   Section        0  stm32f10x_flash.o(i.FLASH_WaitForLastOperation)
    i.Flash_Config                           0x08000bd2   Section        0  flash_eep.o(i.Flash_Config)
    i.GPIO_Init                              0x08000bde   Section        0  stm32f10x_gpio.o(i.GPIO_Init)
    i.GPIO_ReadInputDataBit                  0x08000cf0   Section        0  stm32f10x_gpio.o(i.GPIO_ReadInputDataBit)
    i.GPIO_ResetBits                         0x08000d02   Section        0  stm32f10x_gpio.o(i.GPIO_ResetBits)
    i.GPIO_SetBits                           0x08000d06   Section        0  stm32f10x_gpio.o(i.GPIO_SetBits)
    i.HardFault_Handler                      0x08000d0a   Section        0  stm32f10x_it.o(i.HardFault_Handler)
    i.MemManage_Handler                      0x08000d0e   Section        0  stm32f10x_it.o(i.MemManage_Handler)
    i.NMI_Handler                            0x08000d12   Section        0  stm32f10x_it.o(i.NMI_Handler)
    i.PendSV_Handler                         0x08000d14   Section        0  stm32f10x_it.o(i.PendSV_Handler)
    i.RCC_APB2PeriphClockCmd                 0x08000d18   Section        0  stm32f10x_rcc.o(i.RCC_APB2PeriphClockCmd)
    i.SPI_Cmd                                0x08000d38   Section        0  stm32f10x_spi.o(i.SPI_Cmd)
    i.SPI_I2S_GetFlagStatus                  0x08000d50   Section        0  stm32f10x_spi.o(i.SPI_I2S_GetFlagStatus)
    i.SPI_I2S_ReceiveData                    0x08000d62   Section        0  stm32f10x_spi.o(i.SPI_I2S_ReceiveData)
    i.SPI_I2S_SendData                       0x08000d68   Section        0  stm32f10x_spi.o(i.SPI_I2S_SendData)
    i.SPI_Init                               0x08000d6c   Section        0  stm32f10x_spi.o(i.SPI_Init)
    i.SVC_Handler                            0x08000da8   Section        0  stm32f10x_it.o(i.SVC_Handler)
    i.SetSysClock                            0x08000daa   Section        0  system_stm32f10x.o(i.SetSysClock)
    SetSysClock                              0x08000dab   Thumb Code     8  system_stm32f10x.o(i.SetSysClock)
    i.SetSysClockTo72                        0x08000db4   Section        0  system_stm32f10x.o(i.SetSysClockTo72)
    SetSysClockTo72                          0x08000db5   Thumb Code   192  system_stm32f10x.o(i.SetSysClockTo72)
    i.SysTick_Handler                        0x08000e7c   Section        0  stm32f10x_it.o(i.SysTick_Handler)
    i.SystemInit                             0x08000eec   Section        0  system_stm32f10x.o(i.SystemInit)
    i.UsageFault_Handler                     0x08000f4c   Section        0  stm32f10x_it.o(i.UsageFault_Handler)
    i.Wait376Interrupt                       0x08000f50   Section        0  FILE_SYS.o(i.Wait376Interrupt)
    i.__scatterload_copy                     0x08000f58   Section       14  handlers.o(i.__scatterload_copy)
    i.__scatterload_null                     0x08000f66   Section        2  handlers.o(i.__scatterload_null)
    i.__scatterload_zeroinit                 0x08000f68   Section       14  handlers.o(i.__scatterload_zeroinit)
    i.ds2431_init                            0x08000f78   Section        0  ds2431.o(i.ds2431_init)
    i.ds2431_read                            0x08000fb0   Section        0  ds2431.o(i.ds2431_read)
    i.eep_init                               0x08000fe8   Section        0  flash_eep.o(i.eep_init)
    i.eep_read16                             0x08001048   Section        0  flash_eep.o(i.eep_read16)
    i.eep_read32                             0x08001062   Section        0  flash_eep.o(i.eep_read32)
    i.eep_write16                            0x08001096   Section        0  flash_eep.o(i.eep_write16)
    i.eep_write32                            0x080010aa   Section        0  flash_eep.o(i.eep_write32)
    i.file_write                             0x080010cc   Section        0  key.o(i.file_write)
    i.key_done                               0x08001160   Section        0  key.o(i.key_done)
    i.key_init                               0x08001288   Section        0  key.o(i.key_init)
    i.key_scan                               0x080012b0   Section        0  key.o(i.key_scan)
    i.led_handle                             0x0800134c   Section        0  tm1640.o(i.led_handle)
    i.led_init                               0x080013f8   Section        0  tm1640.o(i.led_init)
    i.main                                   0x08001434   Section        0  main.o(i.main)
    i.mdelay                                 0x080014b8   Section        0  tm1640.o(i.mdelay)
    i.ow_rst                                 0x080014d4   Section        0  ds2431.o(i.ow_rst)
    i.read_dat                               0x08001598   Section        0  ds2431.o(i.read_dat)
    i.read_mem                               0x08001658   Section        0  ds2431.o(i.read_mem)
    i.read_rom                               0x080016a4   Section        0  ds2431.o(i.read_rom)
    i.rom_check                              0x080016e8   Section        0  key.o(i.rom_check)
    i.seg_handle                             0x08001774   Section        0  tm1640.o(i.seg_handle)
    i.seg_init                               0x08001970   Section        0  tm1640.o(i.seg_init)
    i.send_cmd                               0x08001978   Section        0  ds2431.o(i.send_cmd)
    i.systick_init                           0x08001a0c   Section        0  main.o(i.systick_init)
    i.tm1640_init                            0x08001a74   Section        0  tm1640.o(i.tm1640_init)
    i.tm1640_start                           0x08001aa4   Section        0  tm1640.o(i.tm1640_start)
    i.tm1640_stop                            0x08001af0   Section        0  tm1640.o(i.tm1640_stop)
    i.tm1640_write_byte                      0x08001b40   Section        0  tm1640.o(i.tm1640_write_byte)
    i.udelay                                 0x08001ba8   Section        0  tm1640.o(i.udelay)
    i.usb_buf_in                             0x08001bc0   Section        0  key.o(i.usb_buf_in)
    i.usb_check_handle                       0x08001e74   Section        0  CH376.o(i.usb_check_handle)
    i.usb_nc_handle                          0x08001f30   Section        0  CH376.o(i.usb_nc_handle)
    i.wait_interrupt                         0x08001f54   Section        0  CH376.o(i.wait_interrupt)
    i.write_cmd                              0x08001f74   Section        0  tm1640.o(i.write_cmd)
    i.write_dat                              0x08001f88   Section        0  tm1640.o(i.write_dat)
    .data                                    0x20000000   Section       20  system_stm32f10x.o(.data)
    .data                                    0x20000014   Section        4  stm32f10x_it.o(.data)
    i                                        0x20000014   Data           4  stm32f10x_it.o(.data)
    .data                                    0x20000018   Section       91  main.o(.data)
    .data                                    0x20000074   Section        2  eeprom.o(.data)
    .bss                                     0x20000078   Section     3321  main.o(.bss)
    STACK                                    0x20000d78   Section     1024  startup_stm32f10x_md.o(STACK)

    Global Symbols

    Symbol Name                              Value     Ov Type        Size  Object(Section)

    BuildAttributes$$THM_ISAv4$P$D$K$B$S$PE$A:L22UL41UL21$X:L11$S22US41US21$IEEE1$IW$USESV6$~STKCKD$USESV7$~SHL$OSPACE$EBA8$MICROLIB$REQ8$PRES8$EABIv2 0x00000000   Number         0  anon$$obj.o ABSOLUTE
    __ARM_use_no_argv                        0x00000000   Number         0  main.o ABSOLUTE
    __decompress                              - Undefined Weak Reference
    _clock_init                               - Undefined Weak Reference
    __Vectors_Size                           0x000000ec   Number         0  startup_stm32f10x_md.o ABSOLUTE
    __Vectors                                0x08000000   Data           4  startup_stm32f10x_md.o(RESET)
    __Vectors_End                            0x080000ec   Data           0  startup_stm32f10x_md.o(RESET)
    __main                                   0x080000ed   Thumb Code     0  entry.o(.ARM.Collect$$$$00000000)
    _main_stk                                0x080000ed   Thumb Code     0  entry2.o(.ARM.Collect$$$$00000001)
    _main_scatterload                        0x080000f1   Thumb Code     0  entry5.o(.ARM.Collect$$$$00000004)
    __main_after_scatterload                 0x080000f5   Thumb Code     0  entry5.o(.ARM.Collect$$$$00000004)
    _main_clock                              0x080000f5   Thumb Code     0  entry7b.o(.ARM.Collect$$$$00000008)
    _main_init                               0x080000f5   Thumb Code     0  entry8.o(.ARM.Collect$$$$00000009)
    Reset_Handler                            0x08000101   Thumb Code     8  startup_stm32f10x_md.o(.text)
    ADC1_2_IRQHandler                        0x0800011b   Thumb Code     0  startup_stm32f10x_md.o(.text)
    CAN1_RX1_IRQHandler                      0x0800011b   Thumb Code     0  startup_stm32f10x_md.o(.text)
    CAN1_SCE_IRQHandler                      0x0800011b   Thumb Code     0  startup_stm32f10x_md.o(.text)
    DMA1_Channel1_IRQHandler                 0x0800011b   Thumb Code     0  startup_stm32f10x_md.o(.text)
    DMA1_Channel2_IRQHandler                 0x0800011b   Thumb Code     0  startup_stm32f10x_md.o(.text)
    DMA1_Channel3_IRQHandler                 0x0800011b   Thumb Code     0  startup_stm32f10x_md.o(.text)
    DMA1_Channel4_IRQHandler                 0x0800011b   Thumb Code     0  startup_stm32f10x_md.o(.text)
    DMA1_Channel5_IRQHandler                 0x0800011b   Thumb Code     0  startup_stm32f10x_md.o(.text)
    DMA1_Channel6_IRQHandler                 0x0800011b   Thumb Code     0  startup_stm32f10x_md.o(.text)
    DMA1_Channel7_IRQHandler                 0x0800011b   Thumb Code     0  startup_stm32f10x_md.o(.text)
    EXTI0_IRQHandler                         0x0800011b   Thumb Code     0  startup_stm32f10x_md.o(.text)
    EXTI15_10_IRQHandler                     0x0800011b   Thumb Code     0  startup_stm32f10x_md.o(.text)
    EXTI1_IRQHandler                         0x0800011b   Thumb Code     0  startup_stm32f10x_md.o(.text)
    EXTI2_IRQHandler                         0x0800011b   Thumb Code     0  startup_stm32f10x_md.o(.text)
    EXTI3_IRQHandler                         0x0800011b   Thumb Code     0  startup_stm32f10x_md.o(.text)
    EXTI4_IRQHandler                         0x0800011b   Thumb Code     0  startup_stm32f10x_md.o(.text)
    EXTI9_5_IRQHandler                       0x0800011b   Thumb Code     0  startup_stm32f10x_md.o(.text)
    FLASH_IRQHandler                         0x0800011b   Thumb Code     0  startup_stm32f10x_md.o(.text)
    I2C1_ER_IRQHandler                       0x0800011b   Thumb Code     0  startup_stm32f10x_md.o(.text)
    I2C1_EV_IRQHandler                       0x0800011b   Thumb Code     0  startup_stm32f10x_md.o(.text)
    I2C2_ER_IRQHandler                       0x0800011b   Thumb Code     0  startup_stm32f10x_md.o(.text)
    I2C2_EV_IRQHandler                       0x0800011b   Thumb Code     0  startup_stm32f10x_md.o(.text)
    PVD_IRQHandler                           0x0800011b   Thumb Code     0  startup_stm32f10x_md.o(.text)
    RCC_IRQHandler                           0x0800011b   Thumb Code     0  startup_stm32f10x_md.o(.text)
    RTCAlarm_IRQHandler                      0x0800011b   Thumb Code     0  startup_stm32f10x_md.o(.text)
    RTC_IRQHandler                           0x0800011b   Thumb Code     0  startup_stm32f10x_md.o(.text)
    SPI1_IRQHandler                          0x0800011b   Thumb Code     0  startup_stm32f10x_md.o(.text)
    SPI2_IRQHandler                          0x0800011b   Thumb Code     0  startup_stm32f10x_md.o(.text)
    TAMPER_IRQHandler                        0x0800011b   Thumb Code     0  startup_stm32f10x_md.o(.text)
    TIM1_BRK_IRQHandler                      0x0800011b   Thumb Code     0  startup_stm32f10x_md.o(.text)
    TIM1_CC_IRQHandler                       0x0800011b   Thumb Code     0  startup_stm32f10x_md.o(.text)
    TIM1_TRG_COM_IRQHandler                  0x0800011b   Thumb Code     0  startup_stm32f10x_md.o(.text)
    TIM1_UP_IRQHandler                       0x0800011b   Thumb Code     0  startup_stm32f10x_md.o(.text)
    TIM2_IRQHandler                          0x0800011b   Thumb Code     0  startup_stm32f10x_md.o(.text)
    TIM3_IRQHandler                          0x0800011b   Thumb Code     0  startup_stm32f10x_md.o(.text)
    TIM4_IRQHandler                          0x0800011b   Thumb Code     0  startup_stm32f10x_md.o(.text)
    USART1_IRQHandler                        0x0800011b   Thumb Code     0  startup_stm32f10x_md.o(.text)
    USART2_IRQHandler                        0x0800011b   Thumb Code     0  startup_stm32f10x_md.o(.text)
    USART3_IRQHandler                        0x0800011b   Thumb Code     0  startup_stm32f10x_md.o(.text)
    USBWakeUp_IRQHandler                     0x0800011b   Thumb Code     0  startup_stm32f10x_md.o(.text)
    USB_HP_CAN1_TX_IRQHandler                0x0800011b   Thumb Code     0  startup_stm32f10x_md.o(.text)
    USB_LP_CAN1_RX0_IRQHandler               0x0800011b   Thumb Code     0  startup_stm32f10x_md.o(.text)
    WWDG_IRQHandler                          0x0800011b   Thumb Code     0  startup_stm32f10x_md.o(.text)
    __scatterload                            0x08000125   Thumb Code    28  init.o(.text)
    __scatterload_rt2                        0x08000125   Thumb Code     0  init.o(.text)
    BusFault_Handler                         0x08000149   Thumb Code     4  stm32f10x_it.o(i.BusFault_Handler)
    CH376ByteLocate                          0x0800014d   Thumb Code    52  FILE_SYS.o(i.CH376ByteLocate)
    CH376ByteWrite                           0x08000185   Thumb Code    96  FILE_SYS.o(i.CH376ByteWrite)
    CH376FileClose                           0x080001e9   Thumb Code    44  FILE_SYS.o(i.CH376FileClose)
    CH376FileCreate                          0x08000215   Thumb Code    50  FILE_SYS.o(i.CH376FileCreate)
    CH376FileOpen                            0x08000247   Thumb Code    38  FILE_SYS.o(i.CH376FileOpen)
    CH376GetFileSize                         0x0800026d   Thumb Code    10  FILE_SYS.o(i.CH376GetFileSize)
    CH376Read32bitDat                        0x08000279   Thumb Code    52  FILE_SYS.o(i.CH376Read32bitDat)
    CH376ReadVar32                           0x080002b1   Thumb Code    22  FILE_SYS.o(i.CH376ReadVar32)
    CH376ReadVar8                            0x080002c9   Thumb Code    34  FILE_SYS.o(i.CH376ReadVar8)
    CH376SendCmdDatWaitInt                   0x080002f1   Thumb Code    38  FILE_SYS.o(i.CH376SendCmdDatWaitInt)
    CH376SendCmdWaitInt                      0x0800031d   Thumb Code    30  FILE_SYS.o(i.CH376SendCmdWaitInt)
    CH376SetFileName                         0x08000341   Thumb Code   180  FILE_SYS.o(i.CH376SetFileName)
    CH376WriteReqBlock                       0x080003f9   Thumb Code    50  FILE_SYS.o(i.CH376WriteReqBlock)
    CH376WriteVar32                          0x08000431   Thumb Code    56  FILE_SYS.o(i.CH376WriteVar32)
    CH376_DISK_CONNECT                       0x0800046d   Thumb Code    26  CH376.o(i.CH376_DISK_CONNECT)
    CH376_DISK_MOUNT                         0x0800048d   Thumb Code    26  CH376.o(i.CH376_DISK_MOUNT)
    CH376_HOST_INIT                          0x080004ad   Thumb Code    96  CH376.o(i.CH376_HOST_INIT)
    CH376_RD_DAT_PORT                        0x08000515   Thumb Code    10  CH376.o(i.CH376_RD_DAT_PORT)
    CH376_ReadWriteByte                      0x08000521   Thumb Code    62  CH376.o(i.CH376_ReadWriteByte)
    CH376_SPI_Init                           0x08000565   Thumb Code   174  CH376.o(i.CH376_SPI_Init)
    CH376_WR_CMD_PORT                        0x0800061d   Thumb Code    40  CH376.o(i.CH376_WR_CMD_PORT)
    CH376_WR_DAT_PORT                        0x08000649   Thumb Code    12  CH376.o(i.CH376_WR_DAT_PORT)
    DebugMon_Handler                         0x08000655   Thumb Code     2  stm32f10x_it.o(i.DebugMon_Handler)
    EE_Init                                  0x080006ed   Thumb Code   486  eeprom.o(i.EE_Init)
    EE_ReadVariable                          0x080009d9   Thumb Code    92  eeprom.o(i.EE_ReadVariable)
    EE_WriteVariable                         0x08000aad   Thumb Code    36  eeprom.o(i.EE_WriteVariable)
    FLASH_ErasePage                          0x08000ad1   Thumb Code    72  stm32f10x_flash.o(i.FLASH_ErasePage)
    FLASH_GetBank1Status                     0x08000b1d   Thumb Code    50  stm32f10x_flash.o(i.FLASH_GetBank1Status)
    FLASH_ProgramHalfWord                    0x08000b55   Thumb Code    60  stm32f10x_flash.o(i.FLASH_ProgramHalfWord)
    FLASH_Unlock                             0x08000b95   Thumb Code    12  stm32f10x_flash.o(i.FLASH_Unlock)
    FLASH_WaitForLastOperation               0x08000bad   Thumb Code    38  stm32f10x_flash.o(i.FLASH_WaitForLastOperation)
    Flash_Config                             0x08000bd3   Thumb Code    12  flash_eep.o(i.Flash_Config)
    GPIO_Init                                0x08000bdf   Thumb Code   274  stm32f10x_gpio.o(i.GPIO_Init)
    GPIO_ReadInputDataBit                    0x08000cf1   Thumb Code    18  stm32f10x_gpio.o(i.GPIO_ReadInputDataBit)
    GPIO_ResetBits                           0x08000d03   Thumb Code     4  stm32f10x_gpio.o(i.GPIO_ResetBits)
    GPIO_SetBits                             0x08000d07   Thumb Code     4  stm32f10x_gpio.o(i.GPIO_SetBits)
    HardFault_Handler                        0x08000d0b   Thumb Code     4  stm32f10x_it.o(i.HardFault_Handler)
    MemManage_Handler                        0x08000d0f   Thumb Code     4  stm32f10x_it.o(i.MemManage_Handler)
    NMI_Handler                              0x08000d13   Thumb Code     2  stm32f10x_it.o(i.NMI_Handler)
    PendSV_Handler                           0x08000d15   Thumb Code     2  stm32f10x_it.o(i.PendSV_Handler)
    RCC_APB2PeriphClockCmd                   0x08000d19   Thumb Code    26  stm32f10x_rcc.o(i.RCC_APB2PeriphClockCmd)
    SPI_Cmd                                  0x08000d39   Thumb Code    24  stm32f10x_spi.o(i.SPI_Cmd)
    SPI_I2S_GetFlagStatus                    0x08000d51   Thumb Code    18  stm32f10x_spi.o(i.SPI_I2S_GetFlagStatus)
    SPI_I2S_ReceiveData                      0x08000d63   Thumb Code     6  stm32f10x_spi.o(i.SPI_I2S_ReceiveData)
    SPI_I2S_SendData                         0x08000d69   Thumb Code     4  stm32f10x_spi.o(i.SPI_I2S_SendData)
    SPI_Init                                 0x08000d6d   Thumb Code    60  stm32f10x_spi.o(i.SPI_Init)
    SVC_Handler                              0x08000da9   Thumb Code     2  stm32f10x_it.o(i.SVC_Handler)
    SysTick_Handler                          0x08000e7d   Thumb Code    92  stm32f10x_it.o(i.SysTick_Handler)
    SystemInit                               0x08000eed   Thumb Code    78  system_stm32f10x.o(i.SystemInit)
    UsageFault_Handler                       0x08000f4d   Thumb Code     4  stm32f10x_it.o(i.UsageFault_Handler)
    Wait376Interrupt                         0x08000f51   Thumb Code     8  FILE_SYS.o(i.Wait376Interrupt)
    __scatterload_copy                       0x08000f59   Thumb Code    14  handlers.o(i.__scatterload_copy)
    __scatterload_null                       0x08000f67   Thumb Code     2  handlers.o(i.__scatterload_null)
    __scatterload_zeroinit                   0x08000f69   Thumb Code    14  handlers.o(i.__scatterload_zeroinit)
    ds2431_init                              0x08000f79   Thumb Code    50  ds2431.o(i.ds2431_init)
    ds2431_read                              0x08000fb1   Thumb Code    54  ds2431.o(i.ds2431_read)
    eep_init                                 0x08000fe9   Thumb Code    84  flash_eep.o(i.eep_init)
    eep_read16                               0x08001049   Thumb Code    26  flash_eep.o(i.eep_read16)
    eep_read32                               0x08001063   Thumb Code    52  flash_eep.o(i.eep_read32)
    eep_write16                              0x08001097   Thumb Code    20  flash_eep.o(i.eep_write16)
    eep_write32                              0x080010ab   Thumb Code    34  flash_eep.o(i.eep_write32)
    file_write                               0x080010cd   Thumb Code   130  key.o(i.file_write)
    key_done                                 0x08001161   Thumb Code   246  key.o(i.key_done)
    key_init                                 0x08001289   Thumb Code    34  key.o(i.key_init)
    key_scan                                 0x080012b1   Thumb Code   128  key.o(i.key_scan)
    led_handle                               0x0800134d   Thumb Code   158  tm1640.o(i.led_handle)
    led_init                                 0x080013f9   Thumb Code    54  tm1640.o(i.led_init)
    main                                     0x08001435   Thumb Code   114  main.o(i.main)
    mdelay                                   0x080014b9   Thumb Code    26  tm1640.o(i.mdelay)
    ow_rst                                   0x080014d5   Thumb Code   192  ds2431.o(i.ow_rst)
    read_dat                                 0x08001599   Thumb Code   188  ds2431.o(i.read_dat)
    read_mem                                 0x08001659   Thumb Code    72  ds2431.o(i.read_mem)
    read_rom                                 0x080016a5   Thumb Code    64  ds2431.o(i.read_rom)
    rom_check                                0x080016e9   Thumb Code   126  key.o(i.rom_check)
    seg_handle                               0x08001775   Thumb Code   482  tm1640.o(i.seg_handle)
    seg_init                                 0x08001971   Thumb Code     8  tm1640.o(i.seg_init)
    send_cmd                                 0x08001979   Thumb Code   142  ds2431.o(i.send_cmd)
    systick_init                             0x08001a0d   Thumb Code    92  main.o(i.systick_init)
    tm1640_init                              0x08001a75   Thumb Code    42  tm1640.o(i.tm1640_init)
    tm1640_start                             0x08001aa5   Thumb Code    72  tm1640.o(i.tm1640_start)
    tm1640_stop                              0x08001af1   Thumb Code    74  tm1640.o(i.tm1640_stop)
    tm1640_write_byte                        0x08001b41   Thumb Code   100  tm1640.o(i.tm1640_write_byte)
    udelay                                   0x08001ba9   Thumb Code    24  tm1640.o(i.udelay)
    usb_buf_in                               0x08001bc1   Thumb Code   680  key.o(i.usb_buf_in)
    usb_check_handle                         0x08001e75   Thumb Code   162  CH376.o(i.usb_check_handle)
    usb_nc_handle                            0x08001f31   Thumb Code    30  CH376.o(i.usb_nc_handle)
    wait_interrupt                           0x08001f55   Thumb Code    28  CH376.o(i.wait_interrupt)
    write_cmd                                0x08001f75   Thumb Code    20  tm1640.o(i.write_cmd)
    write_dat                                0x08001f89   Thumb Code    40  tm1640.o(i.write_dat)
    Region$$Table$$Base                      0x08001fb0   Number         0  anon$$obj.o(Region$$Table)
    Region$$Table$$Limit                     0x08001fd0   Number         0  anon$$obj.o(Region$$Table)
    SystemCoreClock                          0x20000000   Data           4  system_stm32f10x.o(.data)
    AHBPrescTable                            0x20000004   Data          16  system_stm32f10x.o(.data)
    VirtAddVarTab                            0x20000018   Data           8  main.o(.data)
    ds2431_num                               0x20000020   Data           2  main.o(.data)
    stm8_num                                 0x20000022   Data           2  main.o(.data)
    seg_dat                                  0x20000024   Data          28  main.o(.data)
    seg_buf                                  0x20000040   Data          16  main.o(.data)
    rom_buf                                  0x20000050   Data           8  main.o(.data)
    rom_save_num                             0x20000058   Data           1  main.o(.data)
    led_flag                                 0x20000059   Data           1  main.o(.data)
    led_delay_num                            0x2000005a   Data           2  main.o(.data)
    key1_num                                 0x2000005c   Data           2  main.o(.data)
    key2_num                                 0x2000005e   Data           2  main.o(.data)
    key3_num                                 0x20000060   Data           2  main.o(.data)
    key1_flag                                0x20000062   Data           1  main.o(.data)
    key2_flag                                0x20000063   Data           1  main.o(.data)
    key3_flag                                0x20000064   Data           1  main.o(.data)
    usb_state                                0x20000065   Data           1  main.o(.data)
    err_state                                0x20000066   Data           1  main.o(.data)
    time_1ms_flag                            0x20000067   Data           1  main.o(.data)
    time_10ms_flag                           0x20000068   Data           1  main.o(.data)
    time_100ms_flag                          0x20000069   Data           1  main.o(.data)
    time_1000ms_flag                         0x2000006a   Data           1  main.o(.data)
    pDir                                     0x2000006c   Data           4  main.o(.data)
    version                                  0x20000070   Data           1  main.o(.data)
    res                                      0x20000071   Data           1  main.o(.data)
    i                                        0x20000072   Data           1  main.o(.data)
    DataVar                                  0x20000074   Data           2  eeprom.o(.data)
    mem_buf                                  0x20000078   Data         133  main.o(.bss)
    usb_buf                                  0x200000fd   Data         500  main.o(.bss)
    rom_save                                 0x200002f1   Data        1600  main.o(.bss)
    buf_read                                 0x20000931   Data        1024  main.o(.bss)
    buf                                      0x20000d31   Data          64  main.o(.bss)
    __initial_sp                             0x20001178   Data           0  startup_stm32f10x_md.o(STACK)



==============================================================================

Memory Map of the image

  Image Entry point : 0x080000ed

  Load Region LOAD_ROM0 (Base: 0x08000000, Size: 0x00002048, Max: 0xffffffff, ABSOLUTE)

    Execution Region EXEC_ROM0 (Base: 0x08000000, Size: 0x00001fd0, Max: 0x00010000, ABSOLUTE)

    Base Addr    Size         Type   Attr      Idx    E Section Name        Object

    0x08000000   0x000000ec   Data   RO            3    RESET               startup_stm32f10x_md.o
    0x080000ec   0x00000000   Code   RO         1546  * .ARM.Collect$$$$00000000  mc_w.l(entry.o)
    0x080000ec   0x00000004   Code   RO         1549    .ARM.Collect$$$$00000001  mc_w.l(entry2.o)
    0x080000f0   0x00000004   Code   RO         1552    .ARM.Collect$$$$00000004  mc_w.l(entry5.o)
    0x080000f4   0x00000000   Code   RO         1554    .ARM.Collect$$$$00000008  mc_w.l(entry7b.o)
    0x080000f4   0x00000008   Code   RO         1555    .ARM.Collect$$$$00000009  mc_w.l(entry8.o)
    0x080000fc   0x00000004   Code   RO         1550    .ARM.Collect$$$$00002712  mc_w.l(entry2.o)
    0x08000100   0x00000024   Code   RO            4    .text               startup_stm32f10x_md.o
    0x08000124   0x00000024   Code   RO         1556    .text               mc_w.l(init.o)
    0x08000148   0x00000004   Code   RO          127    i.BusFault_Handler  stm32f10x_it.o
    0x0800014c   0x00000038   Code   RO          449    i.CH376ByteLocate   FILE_SYS.o
    0x08000184   0x00000064   Code   RO          451    i.CH376ByteWrite    FILE_SYS.o
    0x080001e8   0x0000002c   Code   RO          461    i.CH376FileClose    FILE_SYS.o
    0x08000214   0x00000032   Code   RO          462    i.CH376FileCreate   FILE_SYS.o
    0x08000246   0x00000026   Code   RO          465    i.CH376FileOpen     FILE_SYS.o
    0x0800026c   0x0000000a   Code   RO          469    i.CH376GetFileSize  FILE_SYS.o
    0x08000276   0x00000002   PAD
    0x08000278   0x00000038   Code   RO          471    i.CH376Read32bitDat  FILE_SYS.o
    0x080002b0   0x00000016   Code   RO          473    i.CH376ReadVar32    FILE_SYS.o
    0x080002c6   0x00000002   PAD
    0x080002c8   0x00000028   Code   RO          474    i.CH376ReadVar8     FILE_SYS.o
    0x080002f0   0x0000002c   Code   RO          476    i.CH376SendCmdDatWaitInt  FILE_SYS.o
    0x0800031c   0x00000024   Code   RO          477    i.CH376SendCmdWaitInt  FILE_SYS.o
    0x08000340   0x000000b8   Code   RO          479    i.CH376SetFileName  FILE_SYS.o
    0x080003f8   0x00000038   Code   RO          482    i.CH376WriteReqBlock  FILE_SYS.o
    0x08000430   0x0000003c   Code   RO          483    i.CH376WriteVar32   FILE_SYS.o
    0x0800046c   0x00000020   Code   RO          370    i.CH376_DISK_CONNECT  CH376.o
    0x0800048c   0x00000020   Code   RO          371    i.CH376_DISK_MOUNT  CH376.o
    0x080004ac   0x00000068   Code   RO          372    i.CH376_HOST_INIT   CH376.o
    0x08000514   0x0000000a   Code   RO          373    i.CH376_RD_DAT_PORT  CH376.o
    0x0800051e   0x00000002   PAD
    0x08000520   0x00000044   Code   RO          374    i.CH376_ReadWriteByte  CH376.o
    0x08000564   0x000000b8   Code   RO          375    i.CH376_SPI_Init    CH376.o
    0x0800061c   0x0000002c   Code   RO          376    i.CH376_WR_CMD_PORT  CH376.o
    0x08000648   0x0000000c   Code   RO          377    i.CH376_WR_DAT_PORT  CH376.o
    0x08000654   0x00000002   Code   RO          128    i.DebugMon_Handler  stm32f10x_it.o
    0x08000656   0x00000002   PAD
    0x08000658   0x00000058   Code   RO          677    i.EE_FindValidPage  eeprom.o
    0x080006b0   0x0000003c   Code   RO          678    i.EE_Format         eeprom.o
    0x080006ec   0x000001f8   Code   RO          679    i.EE_Init           eeprom.o
    0x080008e4   0x000000f4   Code   RO          680    i.EE_PageTransfer   eeprom.o
    0x080009d8   0x00000064   Code   RO          681    i.EE_ReadVariable   eeprom.o
    0x08000a3c   0x00000070   Code   RO          682    i.EE_VerifyPageFullWriteVariable  eeprom.o
    0x08000aac   0x00000024   Code   RO          683    i.EE_WriteVariable  eeprom.o
    0x08000ad0   0x0000004c   Code   RO          832    i.FLASH_ErasePage   STM32103.lib(stm32f10x_flash.o)
    0x08000b1c   0x00000038   Code   RO          833    i.FLASH_GetBank1Status  STM32103.lib(stm32f10x_flash.o)
    0x08000b54   0x00000040   Code   RO          845    i.FLASH_ProgramHalfWord  STM32103.lib(stm32f10x_flash.o)
    0x08000b94   0x00000018   Code   RO          850    i.FLASH_Unlock      STM32103.lib(stm32f10x_flash.o)
    0x08000bac   0x00000026   Code   RO          854    i.FLASH_WaitForLastOperation  STM32103.lib(stm32f10x_flash.o)
    0x08000bd2   0x0000000c   Code   RO          725    i.Flash_Config      flash_eep.o
    0x08000bde   0x00000112   Code   RO         1094    i.GPIO_Init         STM32103.lib(stm32f10x_gpio.o)
    0x08000cf0   0x00000012   Code   RO         1098    i.GPIO_ReadInputDataBit  STM32103.lib(stm32f10x_gpio.o)
    0x08000d02   0x00000004   Code   RO         1101    i.GPIO_ResetBits    STM32103.lib(stm32f10x_gpio.o)
    0x08000d06   0x00000004   Code   RO         1102    i.GPIO_SetBits      STM32103.lib(stm32f10x_gpio.o)
    0x08000d0a   0x00000004   Code   RO          129    i.HardFault_Handler  stm32f10x_it.o
    0x08000d0e   0x00000004   Code   RO          130    i.MemManage_Handler  stm32f10x_it.o
    0x08000d12   0x00000002   Code   RO          131    i.NMI_Handler       stm32f10x_it.o
    0x08000d14   0x00000002   Code   RO          132    i.PendSV_Handler    stm32f10x_it.o
    0x08000d16   0x00000002   PAD
    0x08000d18   0x00000020   Code   RO         1206    i.RCC_APB2PeriphClockCmd  STM32103.lib(stm32f10x_rcc.o)
    0x08000d38   0x00000018   Code   RO         1407    i.SPI_Cmd           STM32103.lib(stm32f10x_spi.o)
    0x08000d50   0x00000012   Code   RO         1415    i.SPI_I2S_GetFlagStatus  STM32103.lib(stm32f10x_spi.o)
    0x08000d62   0x00000006   Code   RO         1418    i.SPI_I2S_ReceiveData  STM32103.lib(stm32f10x_spi.o)
    0x08000d68   0x00000004   Code   RO         1419    i.SPI_I2S_SendData  STM32103.lib(stm32f10x_spi.o)
    0x08000d6c   0x0000003c   Code   RO         1420    i.SPI_Init          STM32103.lib(stm32f10x_spi.o)
    0x08000da8   0x00000002   Code   RO          133    i.SVC_Handler       stm32f10x_it.o
    0x08000daa   0x00000008   Code   RO           10    i.SetSysClock       system_stm32f10x.o
    0x08000db2   0x00000002   PAD
    0x08000db4   0x000000c8   Code   RO           11    i.SetSysClockTo72   system_stm32f10x.o
    0x08000e7c   0x00000070   Code   RO          134    i.SysTick_Handler   stm32f10x_it.o
    0x08000eec   0x00000060   Code   RO           13    i.SystemInit        system_stm32f10x.o
    0x08000f4c   0x00000004   Code   RO          135    i.UsageFault_Handler  stm32f10x_it.o
    0x08000f50   0x00000008   Code   RO          485    i.Wait376Interrupt  FILE_SYS.o
    0x08000f58   0x0000000e   Code   RO         1560    i.__scatterload_copy  mc_w.l(handlers.o)
    0x08000f66   0x00000002   Code   RO         1561    i.__scatterload_null  mc_w.l(handlers.o)
    0x08000f68   0x0000000e   Code   RO         1562    i.__scatterload_zeroinit  mc_w.l(handlers.o)
    0x08000f76   0x00000002   PAD
    0x08000f78   0x00000038   Code   RO          768    i.ds2431_init       ds2431.o
    0x08000fb0   0x00000036   Code   RO          769    i.ds2431_read       ds2431.o
    0x08000fe6   0x00000002   PAD
    0x08000fe8   0x00000060   Code   RO          726    i.eep_init          flash_eep.o
    0x08001048   0x0000001a   Code   RO          727    i.eep_read16        flash_eep.o
    0x08001062   0x00000034   Code   RO          728    i.eep_read32        flash_eep.o
    0x08001096   0x00000014   Code   RO          729    i.eep_write16       flash_eep.o
    0x080010aa   0x00000022   Code   RO          730    i.eep_write32       flash_eep.o
    0x080010cc   0x00000094   Code   RO          245    i.file_write        key.o
    0x08001160   0x00000128   Code   RO          246    i.key_done          key.o
    0x08001288   0x00000028   Code   RO          247    i.key_init          key.o
    0x080012b0   0x0000009c   Code   RO          248    i.key_scan          key.o
    0x0800134c   0x000000ac   Code   RO          291    i.led_handle        tm1640.o
    0x080013f8   0x0000003c   Code   RO          292    i.led_init          tm1640.o
    0x08001434   0x00000084   Code   RO          197    i.main              main.o
    0x080014b8   0x0000001a   Code   RO          293    i.mdelay            tm1640.o
    0x080014d2   0x00000002   PAD
    0x080014d4   0x000000c4   Code   RO          770    i.ow_rst            ds2431.o
    0x08001598   0x000000c0   Code   RO          771    i.read_dat          ds2431.o
    0x08001658   0x0000004c   Code   RO          772    i.read_mem          ds2431.o
    0x080016a4   0x00000044   Code   RO          773    i.read_rom          ds2431.o
    0x080016e8   0x0000008c   Code   RO          249    i.rom_check         key.o
    0x08001774   0x000001fc   Code   RO          294    i.seg_handle        tm1640.o
    0x08001970   0x00000008   Code   RO          295    i.seg_init          tm1640.o
    0x08001978   0x00000094   Code   RO          774    i.send_cmd          ds2431.o
    0x08001a0c   0x00000068   Code   RO          198    i.systick_init      main.o
    0x08001a74   0x00000030   Code   RO          296    i.tm1640_init       tm1640.o
    0x08001aa4   0x0000004c   Code   RO          297    i.tm1640_start      tm1640.o
    0x08001af0   0x00000050   Code   RO          298    i.tm1640_stop       tm1640.o
    0x08001b40   0x00000068   Code   RO          299    i.tm1640_write_byte  tm1640.o
    0x08001ba8   0x00000018   Code   RO          300    i.udelay            tm1640.o
    0x08001bc0   0x000002b4   Code   RO          250    i.usb_buf_in        key.o
    0x08001e74   0x000000bc   Code   RO          379    i.usb_check_handle  CH376.o
    0x08001f30   0x00000024   Code   RO          380    i.usb_nc_handle     CH376.o
    0x08001f54   0x00000020   Code   RO          381    i.wait_interrupt    CH376.o
    0x08001f74   0x00000014   Code   RO          301    i.write_cmd         tm1640.o
    0x08001f88   0x00000028   Code   RO          302    i.write_dat         tm1640.o
    0x08001fb0   0x00000020   Data   RO         1558    Region$$Table       anon$$obj.o


    Execution Region DATA_RAM0 (Base: 0x20000000, Size: 0x00001178, Max: 0x00005000, ABSOLUTE)

    Base Addr    Size         Type   Attr      Idx    E Section Name        Object

    0x20000000   0x00000014   Data   RW           14    .data               system_stm32f10x.o
    0x20000014   0x00000004   Data   RW          136    .data               stm32f10x_it.o
    0x20000018   0x0000005b   Data   RW          200    .data               main.o
    0x20000073   0x00000001   PAD
    0x20000074   0x00000002   Data   RW          684    .data               eeprom.o
    0x20000076   0x00000002   PAD
    0x20000078   0x00000cf9   Zero   RW          199    .bss                main.o
    0x20000d71   0x00000007   PAD
    0x20000d78   0x00000400   Zero   RW            1    STACK               startup_stm32f10x_md.o


==============================================================================

Image component sizes


      Code (inc. data)   RO Data    RW Data    ZI Data      Debug   Object Name

       742         76          0          0          0       5857   CH376.o
       804         44          0          0          0       8266   FILE_SYS.o
       790         28          0          0          0       4287   ds2431.o
      1144         84          0          2          0       7149   eeprom.o
       240         12          0          0          0       3040   flash_eep.o
      1472        128          0          0          0       3795   key.o
       236         30          0         91       3321      16997   main.o
        36          8        236          0       1024        844   startup_stm32f10x_md.o
       136         20          0          4          0       3122   stm32f10x_it.o
       304         26          0         20          0     241053   system_stm32f10x.o
      1166         66          0          0          0       5474   tm1640.o

    ----------------------------------------------------------------------
      7086        522        268        120       4352     299884   Object Totals
         0          0         32          0          0          0   (incl. Generated)
        16          0          0          3          7          0   (incl. Padding)

    ----------------------------------------------------------------------

      Code (inc. data)   RO Data    RW Data    ZI Data      Debug   Library Member Name

       258         26          0          0          0     230473   stm32f10x_flash.o
       300          0          0          0          0       3588   stm32f10x_gpio.o
        32          6          0          0          0        553   stm32f10x_rcc.o
       112          0          0          0          0       3754   stm32f10x_spi.o
         0          0          0          0          0          0   entry.o
         8          4          0          0          0          0   entry2.o
         4          0          0          0          0          0   entry5.o
         0          0          0          0          0          0   entry7b.o
         8          4          0          0          0          0   entry8.o
        30          0          0          0          0          0   handlers.o
        36          8          0          0          0         68   init.o

    ----------------------------------------------------------------------
       790         48          0          0          0     238436   Library Totals
         2          0          0          0          0          0   (incl. Padding)

    ----------------------------------------------------------------------

      Code (inc. data)   RO Data    RW Data    ZI Data      Debug   Library Name

       702         32          0          0          0     238368   STM32103.lib
        86         16          0          0          0         68   mc_w.l

    ----------------------------------------------------------------------
       790         48          0          0          0     238436   Library Totals

    ----------------------------------------------------------------------

==============================================================================


      Code (inc. data)   RO Data    RW Data    ZI Data      Debug   

      7876        570        268        120       4352     534388   Grand Totals
      7876        570        268        120       4352     534388   ELF Image Totals
      7876        570        268        120          0          0   ROM Totals

==============================================================================

    Total RO  Size (Code + RO Data)                 8144 (   7.95kB)
    Total RW  Size (RW Data + ZI Data)              4472 (   4.37kB)
    Total ROM Size (Code + RO Data + RW Data)       8264 (   8.07kB)

==============================================================================

